Component: ARM Compiler 5.05 update 1 (build 106) Tool: armlink [4d0efa]

==============================================================================

Section Cross References

    startup_stm32f051x8.o(RESET) refers to startup_stm32f051x8.o(STACK) for __initial_sp
    startup_stm32f051x8.o(RESET) refers to startup_stm32f051x8.o(.text) for Reset_Handler
    startup_stm32f051x8.o(RESET) refers to stm32f0xx_it.o(i.NMI_Handler) for NMI_Handler
    startup_stm32f051x8.o(RESET) refers to stm32f0xx_it.o(i.HardFault_Handler) for HardFault_Handler
    startup_stm32f051x8.o(RESET) refers to stm32f0xx_it.o(i.SVC_Handler) for SVC_Handler
    startup_stm32f051x8.o(RESET) refers to stm32f0xx_it.o(i.PendSV_Handler) for PendSV_Handler
    startup_stm32f051x8.o(RESET) refers to stm32f0xx_it.o(i.SysTick_Handler) for SysTick_Handler
    startup_stm32f051x8.o(RESET) refers to stm32f0xx_it.o(i.EXTI4_15_IRQHandler) for EXTI4_15_IRQHandler
    startup_stm32f051x8.o(RESET) refers to stm32f0xx_it.o(i.DMA1_Channel2_3_IRQHandler) for DMA1_Channel2_3_IRQHandler
    startup_stm32f051x8.o(RESET) refers to stm32f0xx_it.o(i.TIM14_IRQHandler) for TIM14_IRQHandler
    startup_stm32f051x8.o(RESET) refers to stm32f0xx_it.o(i.USART1_IRQHandler) for USART1_IRQHandler
    startup_stm32f051x8.o(.text) refers to system_stm32f0xx.o(i.SystemInit) for SystemInit
    startup_stm32f051x8.o(.text) refers to entry.o(.ARM.Collect$$$$00000000) for __main
    main.o(i.InterruptRemap) refers to memcpya.o(.text) for __aeabi_memcpy4
    main.o(i.SystemClock_Config) refers to memseta.o(.text) for __aeabi_memclr4
    main.o(i.SystemClock_Config) refers to stm32f0xx_hal_rcc.o(i.HAL_RCC_OscConfig) for HAL_RCC_OscConfig
    main.o(i.SystemClock_Config) refers to stm32f0xx_hal_rcc.o(i.HAL_RCC_ClockConfig) for HAL_RCC_ClockConfig
    main.o(i.SystemClock_Config) refers to stm32f0xx_hal_rcc_ex.o(i.HAL_RCCEx_PeriphCLKConfig) for HAL_RCCEx_PeriphCLKConfig
    main.o(i.main) refers to main.o(i.InterruptRemap) for InterruptRemap
    main.o(i.main) refers to stm32f0xx_hal.o(i.HAL_Init) for HAL_Init
    main.o(i.main) refers to user_data.o(i.user_database_init) for user_database_init
    main.o(i.main) refers to main.o(i.SystemClock_Config) for SystemClock_Config
    main.o(i.main) refers to gpio.o(i.MX_GPIO_Init) for MX_GPIO_Init
    main.o(i.main) refers to dma.o(i.MX_DMA_Init) for MX_DMA_Init
    main.o(i.main) refers to usart.o(i.MX_USART1_UART_Init) for MX_USART1_UART_Init
    main.o(i.main) refers to usart.o(i.MX_USART2_UART_Init) for MX_USART2_UART_Init
    main.o(i.main) refers to tim.o(i.MX_TIM14_Init) for MX_TIM14_Init
    main.o(i.main) refers to iwdg.o(i.MX_IWDG_Init) for MX_IWDG_Init
    main.o(i.main) refers to user_data.o(i.printSetting) for printSetting
    main.o(i.main) refers to gpio.o(i.lock_state_init) for lock_state_init
    main.o(i.main) refers to user_data.o(i.sync_boot_env) for sync_boot_env
    main.o(i.main) refers to iwdg.o(i.MX_IWDG_Refresh) for MX_IWDG_Refresh
    main.o(i.main) refers to user_protocol.o(i.user_protocol_handle) for user_protocol_handle
    main.o(i.main) refers to gpio.o(i.MotorTask) for MotorTask
    main.o(i.main) refers to gpio.o(i.Led_Task) for Led_Task
    main.o(i.main) refers to gpio.o(i.Auto_Lock_Task) for Auto_Lock_Task
    main.o(i.main) refers to user_data.o(i.user_reply_handle) for user_reply_handle
    main.o(i.main) refers to usart.o(i.user_huart_error_check) for user_huart_error_check
    main.o(i.main) refers to gpio.o(i.lock_stop_wait_done) for lock_stop_wait_done
    gpio.o(i.Auto_Lock_Task) refers to main.o(.bss) for lock
    gpio.o(i.Auto_Lock_Task) refers to gpio.o(.data) for .data
    gpio.o(i.HAL_GPIO_EXTI_Callback) refers to stm32f0xx_hal_gpio.o(i.HAL_GPIO_ReadPin) for HAL_GPIO_ReadPin
    gpio.o(i.HAL_GPIO_EXTI_Callback) refers to gpio.o(i.lock_stop_detect) for lock_stop_detect
    gpio.o(i.HAL_GPIO_EXTI_Callback) refers to main.o(.bss) for lock
    gpio.o(i.HAL_GPIO_EXTI_Callback) refers to gpio.o(.data) for .data
    gpio.o(i.Led_Task) refers to gpio.o(i.appSetLedState) for appSetLedState
    gpio.o(i.Led_Task) refers to main.o(.bss) for lock
    gpio.o(i.MX_GPIO_Init) refers to memseta.o(.text) for __aeabi_memclr4
    gpio.o(i.MX_GPIO_Init) refers to stm32f0xx_hal_gpio.o(i.HAL_GPIO_WritePin) for HAL_GPIO_WritePin
    gpio.o(i.MX_GPIO_Init) refers to stm32f0xx_hal_gpio.o(i.HAL_GPIO_Init) for HAL_GPIO_Init
    gpio.o(i.MX_GPIO_Init) refers to stm32f0xx_hal_cortex.o(i.HAL_NVIC_SetPriority) for HAL_NVIC_SetPriority
    gpio.o(i.MX_GPIO_Init) refers to stm32f0xx_hal_cortex.o(i.HAL_NVIC_EnableIRQ) for HAL_NVIC_EnableIRQ
    gpio.o(i.MotorTask) refers to gpio.o(i.appSetMotorState) for appSetMotorState
    gpio.o(i.MotorTask) refers to main.o(.bss) for lock
    gpio.o(i.MotorTask) refers to gpio.o(.data) for .data
    gpio.o(i.appSetLedState) refers to printf8.o(i.__0printf$8) for __2printf
[...]
    ../clib/microlib/printf/printf.c         0x00000000   Number         0  printfb.o ABSOLUTE
    ../clib/microlib/printf/printf.c         0x00000000   Number         0  printf5.o ABSOLUTE
    ../clib/microlib/printf/printf.c         0x00000000   Number         0  printfa.o ABSOLUTE
    ../clib/microlib/printf/printf.c         0x00000000   Number         0  printf6.o ABSOLUTE
    ../clib/microlib/printf/printf.c         0x00000000   Number         0  printf7.o ABSOLUTE
    ../clib/microlib/printf/printf.c         0x00000000   Number         0  printf8.o ABSOLUTE
    ../clib/microlib/printf/printf.c         0x00000000   Number         0  printf3.o ABSOLUTE
    ../clib/microlib/printf/printf.c         0x00000000   Number         0  printf4.o ABSOLUTE
    ../clib/microlib/printf/printf.c         0x00000000   Number         0  printf2.o ABSOLUTE
    ../clib/microlib/printf/printf.c         0x00000000   Number         0  printf1.o ABSOLUTE
    ../clib/microlib/printf/stubs.s          0x00000000   Number         0  stubs.o ABSOLUTE
    ../clib/microlib/stdio/streams.c         0x00000000   Number         0  stdout.o ABSOLUTE
    ../clib/microlib/string/memcpy.c         0x00000000   Number         0  memcpya.o ABSOLUTE
    ../clib/microlib/string/memcpy.c         0x00000000   Number         0  memcpyb.o ABSOLUTE
    ../clib/microlib/string/memset.c         0x00000000   Number         0  memseta.o ABSOLUTE
    ../clib/microlib/stubs.s                 0x00000000   Number         0  iusefp.o ABSOLUTE
    ../fplib/microlib/fpadd.c                0x00000000   Number         0  dadd.o ABSOLUTE
    ../fplib/microlib/fpdiv.c                0x00000000   Number         0  ddiv.o ABSOLUTE
    ../fplib/microlib/fpepilogue.c           0x00000000   Number         0  depilogue.o ABSOLUTE
    ../fplib/microlib/fpfix.c                0x00000000   Number         0  dfixul.o ABSOLUTE
    ../fplib/microlib/fpmul.c                0x00000000   Number         0  dmul.o ABSOLUTE
    ..\App\src\user_buffer.c                 0x00000000   Number         0  user_buffer.o ABSOLUTE
    ..\App\src\user_crc.c                    0x00000000   Number         0  user_crc.o ABSOLUTE
    ..\App\src\user_data.c                   0x00000000   Number         0  user_data.o ABSOLUTE
    ..\App\src\user_protocol.c               0x00000000   Number         0  user_protocol.o ABSOLUTE
    ..\Core\Src\dma.c                        0x00000000   Number         0  dma.o ABSOLUTE
    ..\Core\Src\gpio.c                       0x00000000   Number         0  gpio.o ABSOLUTE
    ..\Core\Src\iwdg.c                       0x00000000   Number         0  iwdg.o ABSOLUTE
    ..\Core\Src\main.c                       0x00000000   Number         0  main.o ABSOLUTE
    ..\Core\Src\stm32f0xx_hal_msp.c          0x00000000   Number         0  stm32f0xx_hal_msp.o ABSOLUTE
    ..\Core\Src\stm32f0xx_it.c               0x00000000   Number         0  stm32f0xx_it.o ABSOLUTE
    ..\Core\Src\system_stm32f0xx.c           0x00000000   Number         0  system_stm32f0xx.o ABSOLUTE
    ..\Core\Src\tim.c                        0x00000000   Number         0  tim.o ABSOLUTE
    ..\Core\Src\usart.c                      0x00000000   Number         0  usart.o ABSOLUTE
    ..\Drivers\STM32F0xx_HAL_Driver\Src\stm32f0xx_hal.c 0x00000000   Number         0  stm32f0xx_hal.o ABSOLUTE
    ..\Drivers\STM32F0xx_HAL_Driver\Src\stm32f0xx_hal_cortex.c 0x00000000   Number         0  stm32f0xx_hal_cortex.o ABSOLUTE
    ..\Drivers\STM32F0xx_HAL_Driver\Src\stm32f0xx_hal_dma.c 0x00000000   Number         0  stm32f0xx_hal_dma.o ABSOLUTE
    ..\Drivers\STM32F0xx_HAL_Driver\Src\stm32f0xx_hal_exti.c 0x00000000   Number         0  stm32f0xx_hal_exti.o ABSOLUTE
    ..\Drivers\STM32F0xx_HAL_Driver\Src\stm32f0xx_hal_flash.c 0x00000000   Number         0  stm32f0xx_hal_flash.o ABSOLUTE
    ..\Drivers\STM32F0xx_HAL_Driver\Src\stm32f0xx_hal_flash_ex.c 0x00000000   Number         0  stm32f0xx_hal_flash_ex.o ABSOLUTE
    ..\Drivers\STM32F0xx_HAL_Driver\Src\stm32f0xx_hal_gpio.c 0x00000000   Number         0  stm32f0xx_hal_gpio.o ABSOLUTE
    ..\Drivers\STM32F0xx_HAL_Driver\Src\stm32f0xx_hal_i2c.c 0x00000000   Number         0  stm32f0xx_hal_i2c.o ABSOLUTE
    ..\Drivers\STM32F0xx_HAL_Driver\Src\stm32f0xx_hal_i2c_ex.c 0x00000000   Number         0  stm32f0xx_hal_i2c_ex.o ABSOLUTE
    ..\Drivers\STM32F0xx_HAL_Driver\Src\stm32f0xx_hal_iwdg.c 0x00000000   Number         0  stm32f0xx_hal_iwdg.o ABSOLUTE
    ..\Drivers\STM32F0xx_HAL_Driver\Src\stm32f0xx_hal_pwr.c 0x00000000   Number         0  stm32f0xx_hal_pwr.o ABSOLUTE
    ..\Drivers\STM32F0xx_HAL_Driver\Src\stm32f0xx_hal_pwr_ex.c 0x00000000   Number         0  stm32f0xx_hal_pwr_ex.o ABSOLUTE
    ..\Drivers\STM32F0xx_HAL_Driver\Src\stm32f0xx_hal_rcc.c 0x00000000   Number         0  stm32f0xx_hal_rcc.o ABSOLUTE
    ..\Drivers\STM32F0xx_HAL_Driver\Src\stm32f0xx_hal_rcc_ex.c 0x00000000   Number         0  stm32f0xx_hal_rcc_ex.o ABSOLUTE
    ..\Drivers\STM32F0xx_HAL_Driver\Src\stm32f0xx_hal_tim.c 0x00000000   Number         0  stm32f0xx_hal_tim.o ABSOLUTE
    ..\Drivers\STM32F0xx_HAL_Driver\Src\stm32f0xx_hal_tim_ex.c 0x00000000   Number         0  stm32f0xx_hal_tim_ex.o ABSOLUTE
    ..\Drivers\STM32F0xx_HAL_Driver\Src\stm32f0xx_hal_uart.c 0x00000000   Number         0  stm32f0xx_hal_uart.o ABSOLUTE
    ..\Drivers\STM32F0xx_HAL_Driver\Src\stm32f0xx_hal_uart_ex.c 0x00000000   Number         0  stm32f0xx_hal_uart_ex.o ABSOLUTE
    ..\Exlib\Src\flash_if.c                  0x00000000   Number         0  flash_if.o ABSOLUTE
    ..\\App\\src\\user_data.c                0x00000000   Number         0  user_data.o ABSOLUTE
    ..\\Exlib\\Src\\flash_if.c               0x00000000   Number         0  flash_if.o ABSOLUTE
    cdrcmple.s                               0x00000000   Number         0  cdrcmple.o ABSOLUTE
    dc.s                                     0x00000000   Number         0  dc.o ABSOLUTE
    handlers.s                               0x00000000   Number         0  handlers.o ABSOLUTE
    init.s                                   0x00000000   Number         0  init.o ABSOLUTE
    startup_stm32f051x8.s                    0x00000000   Number         0  startup_stm32f051x8.o ABSOLUTE
    RESET                                    0x08004000   Section      188  startup_stm32f051x8.o(RESET)
    .ARM.Collect$$$$00000000                 0x080040bc   Section        0  entry.o(.ARM.Collect$$$$00000000)
    .ARM.Collect$$$$00000001                 0x080040bc   Section        4  entry2.o(.ARM.Collect$$$$00000001)
    .ARM.Collect$$$$00000004                 0x080040c0   Section        4  entry5.o(.ARM.Collect$$$$00000004)
    .ARM.Collect$$$$00000008                 0x080040c4   Section        0  entry7b.o(.ARM.Collect$$$$00000008)
    .ARM.Collect$$$$0000000A                 0x080040c4   Section        0  entry8b.o(.ARM.Collect$$$$0000000A)
    .ARM.Collect$$$$0000000B                 0x080040c4   Section        8  entry9a.o(.ARM.Collect$$$$0000000B)
    .ARM.Collect$$$$0000000D                 0x080040cc   Section        0  entry10a.o(.ARM.Collect$$$$0000000D)
    .ARM.Collect$$$$0000000F                 0x080040cc   Section        0  entry11a.o(.ARM.Collect$$$$0000000F)
    .ARM.Collect$$$$00002712                 0x080040cc   Section        4  entry2.o(.ARM.Collect$$$$00002712)
    __lit__00000000                          0x080040cc   Data           4  entry2.o(.ARM.Collect$$$$00002712)
    .text                                    0x080040d0   Section       28  startup_stm32f051x8.o(.text)
    .text                                    0x080040ec   Section        0  uidiv.o(.text)
    .text                                    0x08004118   Section        0  uldiv.o(.text)
    .text                                    0x08004178   Section        0  llushr.o(.text)
    .text                                    0x0800419a   Section        0  memcpya.o(.text)
    .text                                    0x080041be   Section        0  memseta.o(.text)
    .text                                    0x080041e2   Section        0  llshl.o(.text)
    .text                                    0x08004204   Section       36  init.o(.text)
    .text                                    0x08004228   Section        0  __dczerorl2.o(.text)
    i.Auto_Lock_Task                         0x08004280   Section        0  gpio.o(i.Auto_Lock_Task)
    i.ComPack                                0x08004308   Section        0  user_protocol.o(i.ComPack)
    i.ComUnpack                              0x080043ac   Section        0  user_protocol.o(i.ComUnpack)
    i.DMA1_Channel2_3_IRQHandler             0x08004548   Section        0  stm32f0xx_it.o(i.DMA1_Channel2_3_IRQHandler)
    i.DMA_CalcBaseAndBitshift                0x08004558   Section        0  stm32f0xx_hal_dma.o(i.DMA_CalcBaseAndBitshift)
    DMA_CalcBaseAndBitshift                  0x08004559   Thumb Code    26  stm32f0xx_hal_dma.o(i.DMA_CalcBaseAndBitshift)
    i.DMA_SetConfig                          0x0800457c   Section        0  stm32f0xx_hal_dma.o(i.DMA_SetConfig)
    DMA_SetConfig                            0x0800457d   Thumb Code    40  stm32f0xx_hal_dma.o(i.DMA_SetConfig)
    i.EXTI4_15_IRQHandler                    0x080045a4   Section        0  stm32f0xx_it.o(i.EXTI4_15_IRQHandler)
    i.Error_Handler                          0x080045bc   Section        0  main.o(i.Error_Handler)
    i.FLASH_MassErase                        0x080045c0   Section        0  stm32f0xx_hal_flash_ex.o(i.FLASH_MassErase)
    FLASH_MassErase                          0x080045c1   Thumb Code    26  stm32f0xx_hal_flash_ex.o(i.FLASH_MassErase)
    i.FLASH_PageErase                        0x080045e4   Section        0  stm32f0xx_hal_flash_ex.o(i.FLASH_PageErase)
    i.FLASH_Program_HalfWord                 0x08004608   Section        0  stm32f0xx_hal_flash.o(i.FLASH_Program_HalfWord)
    FLASH_Program_HalfWord                   0x08004609   Thumb Code    22  stm32f0xx_hal_flash.o(i.FLASH_Program_HalfWord)
    i.FLASH_SetErrorCode                     0x08004628   Section        0  stm32f0xx_hal_flash.o(i.FLASH_SetErrorCode)
    FLASH_SetErrorCode                       0x08004629   Thumb Code    46  stm32f0xx_hal_flash.o(i.FLASH_SetErrorCode)
    i.FLASH_WaitForLastOperation             0x08004660   Section        0  stm32f0xx_hal_flash.o(i.FLASH_WaitForLastOperation)
    i.HAL_DMA_Abort                          0x080046b0   Section        0  stm32f0xx_hal_dma.o(i.HAL_DMA_Abort)
    i.HAL_DMA_Abort_IT                       0x080046f0   Section        0  stm32f0xx_hal_dma.o(i.HAL_DMA_Abort_IT)
    i.HAL_DMA_IRQHandler                     0x08004738   Section        0  stm32f0xx_hal_dma.o(i.HAL_DMA_IRQHandler)
    i.HAL_DMA_Init                           0x080047d4   Section        0  stm32f0xx_hal_dma.o(i.HAL_DMA_Init)
    i.HAL_DMA_Start_IT                       0x08004828   Section        0  stm32f0xx_hal_dma.o(i.HAL_DMA_Start_IT)
    i.HAL_Delay                              0x08004894   Section        0  stm32f0xx_hal.o(i.HAL_Delay)
    i.HAL_FLASHEx_Erase                      0x080048b8   Section        0  stm32f0xx_hal_flash_ex.o(i.HAL_FLASHEx_Erase)
    i.HAL_FLASH_Lock                         0x08004958   Section        0  stm32f0xx_hal_flash.o(i.HAL_FLASH_Lock)
    i.HAL_FLASH_Program                      0x0800496c   Section        0  stm32f0xx_hal_flash.o(i.HAL_FLASH_Program)
    i.HAL_FLASH_Unlock                       0x080049e8   Section        0  stm32f0xx_hal_flash.o(i.HAL_FLASH_Unlock)
    i.HAL_GPIO_EXTI_Callback                 0x08004a10   Section        0  gpio.o(i.HAL_GPIO_EXTI_Callback)
    i.HAL_GPIO_EXTI_IRQHandler               0x08004a64   Section        0  stm32f0xx_hal_gpio.o(i.HAL_GPIO_EXTI_IRQHandler)
    i.HAL_GPIO_Init                          0x08004a7c   Section        0  stm32f0xx_hal_gpio.o(i.HAL_GPIO_Init)
    i.HAL_GPIO_ReadPin                       0x08004c20   Section        0  stm32f0xx_hal_gpio.o(i.HAL_GPIO_ReadPin)
    i.HAL_GPIO_WritePin                      0x08004c2a   Section        0  stm32f0xx_hal_gpio.o(i.HAL_GPIO_WritePin)
    i.HAL_GetTick                            0x08004c38   Section        0  stm32f0xx_hal.o(i.HAL_GetTick)
    i.HAL_GetUIDw0                           0x08004c44   Section        0  stm32f0xx_hal.o(i.HAL_GetUIDw0)
    i.HAL_GetUIDw1                           0x08004c50   Section        0  stm32f0xx_hal.o(i.HAL_GetUIDw1)
    i.HAL_GetUIDw2                           0x08004c5c   Section        0  stm32f0xx_hal.o(i.HAL_GetUIDw2)
    i.HAL_IWDG_Init                          0x08004c68   Section        0  stm32f0xx_hal_iwdg.o(i.HAL_IWDG_Init)
    i.HAL_IWDG_Refresh                       0x08004cd4   Section        0  stm32f0xx_hal_iwdg.o(i.HAL_IWDG_Refresh)
    i.HAL_IncTick                            0x08004ce4   Section        0  stm32f0xx_hal.o(i.HAL_IncTick)
    i.HAL_Init                               0x08004cf4   Section        0  stm32f0xx_hal.o(i.HAL_Init)
    i.HAL_InitTick                           0x08004d14   Section        0  stm32f0xx_hal.o(i.HAL_InitTick)
    i.HAL_MspInit                            0x08004d58   Section        0  stm32f0xx_hal_msp.o(i.HAL_MspInit)
    i.HAL_NVIC_EnableIRQ                     0x08004d80   Section        0  stm32f0xx_hal_cortex.o(i.HAL_NVIC_EnableIRQ)
    i.HAL_NVIC_SetPriority                   0x08004d98   Section        0  stm32f0xx_hal_cortex.o(i.HAL_NVIC_SetPriority)
    i.HAL_NVIC_SystemReset                   0x08004da0   Section        0  stm32f0xx_hal_cortex.o(i.HAL_NVIC_SystemReset)
    i.HAL_RCCEx_PeriphCLKConfig              0x08004dbc   Section        0  stm32f0xx_hal_rcc_ex.o(i.HAL_RCCEx_PeriphCLKConfig)
    i.HAL_RCC_ClockConfig                    0x08004eb4   Section        0  stm32f0xx_hal_rcc.o(i.HAL_RCC_ClockConfig)
    i.HAL_RCC_GetPCLK1Freq                   0x08004fbc   Section        0  stm32f0xx_hal_rcc.o(i.HAL_RCC_GetPCLK1Freq)
    i.HAL_RCC_GetSysClockFreq                0x08004fdc   Section        0  stm32f0xx_hal_rcc.o(i.HAL_RCC_GetSysClockFreq)
    i.HAL_RCC_OscConfig                      0x08005030   Section        0  stm32f0xx_hal_rcc.o(i.HAL_RCC_OscConfig)
    i.HAL_RS485Ex_Init                       0x080053b8   Section        0  stm32f0xx_hal_uart_ex.o(i.HAL_RS485Ex_Init)
    i.HAL_SYSTICK_Config                     0x08005440   Section        0  stm32f0xx_hal_cortex.o(i.HAL_SYSTICK_Config)
    i.HAL_TIMEx_BreakCallback                0x08005470   Section        0  stm32f0xx_hal_tim_ex.o(i.HAL_TIMEx_BreakCallback)
    i.HAL_TIMEx_CommutCallback               0x08005472   Section        0  stm32f0xx_hal_tim_ex.o(i.HAL_TIMEx_CommutCallback)
    i.HAL_TIM_Base_Init                      0x08005474   Section        0  stm32f0xx_hal_tim.o(i.HAL_TIM_Base_Init)
    i.HAL_TIM_Base_MspInit                   0x080054bc   Section        0  tim.o(i.HAL_TIM_Base_MspInit)
    i.HAL_TIM_Base_Start_IT                  0x080054f0   Section        0  stm32f0xx_hal_tim.o(i.HAL_TIM_Base_Start_IT)
    i.HAL_TIM_IC_CaptureCallback             0x08005548   Section        0  stm32f0xx_hal_tim.o(i.HAL_TIM_IC_CaptureCallback)
    i.HAL_TIM_IRQHandler                     0x0800554a   Section        0  stm32f0xx_hal_tim.o(i.HAL_TIM_IRQHandler)
    i.HAL_TIM_OC_DelayElapsedCallback        0x08005672   Section        0  stm32f0xx_hal_tim.o(i.HAL_TIM_OC_DelayElapsedCallback)
    i.HAL_TIM_PWM_PulseFinishedCallback      0x08005674   Section        0  stm32f0xx_hal_tim.o(i.HAL_TIM_PWM_PulseFinishedCallback)
    i.HAL_TIM_PeriodElapsedCallback          0x08005678   Section        0  tim.o(i.HAL_TIM_PeriodElapsedCallback)
    i.HAL_TIM_TriggerCallback                0x08005724   Section        0  stm32f0xx_hal_tim.o(i.HAL_TIM_TriggerCallback)
    i.HAL_UARTEx_ReceiveToIdle_DMA           0x08005726   Section        0  stm32f0xx_hal_uart_ex.o(i.HAL_UARTEx_ReceiveToIdle_DMA)
    i.HAL_UARTEx_RxEventCallback             0x08005794   Section        0  usart.o(i.HAL_UARTEx_RxEventCallback)
    i.HAL_UARTEx_WakeupCallback              0x080057c8   Section        0  stm32f0xx_hal_uart_ex.o(i.HAL_UARTEx_WakeupCallback)
    i.HAL_UART_ErrorCallback                 0x080057ca   Section        0  stm32f0xx_hal_uart.o(i.HAL_UART_ErrorCallback)
    i.HAL_UART_GetError                      0x080057cc   Section        0  stm32f0xx_hal_uart.o(i.HAL_UART_GetError)
    i.HAL_UART_IRQHandler                    0x080057d4   Section        0  stm32f0xx_hal_uart.o(i.HAL_UART_IRQHandler)
    i.HAL_UART_Init                          0x08005a80   Section        0  stm32f0xx_hal_uart.o(i.HAL_UART_Init)
    i.HAL_UART_MspInit                       0x08005aec   Section        0  usart.o(i.HAL_UART_MspInit)
    i.HAL_UART_RxCpltCallback                0x08005bc8   Section        0  usart.o(i.HAL_UART_RxCpltCallback)
    i.HAL_UART_RxHalfCpltCallback            0x08005bf0   Section        0  stm32f0xx_hal_uart.o(i.HAL_UART_RxHalfCpltCallback)
    i.HAL_UART_Transmit                      0x08005bf2   Section        0  stm32f0xx_hal_uart.o(i.HAL_UART_Transmit)
    i.HAL_UART_TxCpltCallback                0x08005cb2   Section        0  stm32f0xx_hal_uart.o(i.HAL_UART_TxCpltCallback)
    i.HardFault_Handler                      0x08005cb4   Section        0  stm32f0xx_it.o(i.HardFault_Handler)
    i.InterruptRemap                         0x08005cb8   Section        0  main.o(i.InterruptRemap)
    i.Led_Task                               0x08005cf4   Section        0  gpio.o(i.Led_Task)
    i.MX_DMA_Init                            0x08005d54   Section        0  dma.o(i.MX_DMA_Init)
    i.MX_GPIO_Init                           0x08005d7c   Section        0  gpio.o(i.MX_GPIO_Init)
    i.MX_IWDG_Init                           0x08005e08   Section        0  iwdg.o(i.MX_IWDG_Init)
    i.MX_IWDG_Refresh                        0x08005e34   Section        0  iwdg.o(i.MX_IWDG_Refresh)
    i.MX_TIM14_Init                          0x08005e44   Section        0  tim.o(i.MX_TIM14_Init)
    i.MX_USART1_UART_Init                    0x08005e80   Section        0  usart.o(i.MX_USART1_UART_Init)
    i.MX_USART2_UART_Init                    0x08005edc   Section        0  usart.o(i.MX_USART2_UART_Init)
    i.MotorTask                              0x08005f14   Section        0  gpio.o(i.MotorTask)
    i.NMI_Handler                            0x08005f80   Section        0  stm32f0xx_it.o(i.NMI_Handler)
    i.PendSV_Handler                         0x08005f82   Section        0  stm32f0xx_it.o(i.PendSV_Handler)
    i.SVC_Handler                            0x08005f84   Section        0  stm32f0xx_it.o(i.SVC_Handler)
    i.SysTick_Handler                        0x08005f86   Section        0  stm32f0xx_it.o(i.SysTick_Handler)
    i.SystemClock_Config                     0x08005f8e   Section        0  main.o(i.SystemClock_Config)
    i.SystemInit                             0x0800600a   Section        0  system_stm32f0xx.o(i.SystemInit)
    i.TIM14_IRQHandler                       0x0800600c   Section        0  stm32f0xx_it.o(i.TIM14_IRQHandler)
    i.TIM_Base_SetConfig                     0x0800601c   Section        0  stm32f0xx_hal_tim.o(i.TIM_Base_SetConfig)
    i.UART_AdvFeatureConfig                  0x080060c0   Section        0  stm32f0xx_hal_uart.o(i.UART_AdvFeatureConfig)
    i.UART_CheckIdleState                    0x0800618c   Section        0  stm32f0xx_hal_uart.o(i.UART_CheckIdleState)
    i.UART_DMAAbortOnError                   0x08006250   Section        0  stm32f0xx_hal_uart.o(i.UART_DMAAbortOnError)
    UART_DMAAbortOnError                     0x08006251   Thumb Code    20  stm32f0xx_hal_uart.o(i.UART_DMAAbortOnError)
    i.UART_DMAError                          0x08006264   Section        0  stm32f0xx_hal_uart.o(i.UART_DMAError)
    UART_DMAError                            0x08006265   Thumb Code    76  stm32f0xx_hal_uart.o(i.UART_DMAError)
    i.UART_DMAReceiveCplt                    0x080062b0   Section        0  stm32f0xx_hal_uart.o(i.UART_DMAReceiveCplt)
    UART_DMAReceiveCplt                      0x080062b1   Thumb Code   152  stm32f0xx_hal_uart.o(i.UART_DMAReceiveCplt)
    i.UART_DMARxHalfCplt                     0x08006348   Section        0  stm32f0xx_hal_uart.o(i.UART_DMARxHalfCplt)
    UART_DMARxHalfCplt                       0x08006349   Thumb Code    32  stm32f0xx_hal_uart.o(i.UART_DMARxHalfCplt)
    i.UART_EndRxTransfer                     0x08006368   Section        0  stm32f0xx_hal_uart.o(i.UART_EndRxTransfer)
    UART_EndRxTransfer                       0x08006369   Thumb Code    96  stm32f0xx_hal_uart.o(i.UART_EndRxTransfer)
    i.UART_EndTxTransfer                     0x080063c8   Section        0  stm32f0xx_hal_uart.o(i.UART_EndTxTransfer)
    UART_EndTxTransfer                       0x080063c9   Thumb Code    32  stm32f0xx_hal_uart.o(i.UART_EndTxTransfer)
    i.UART_SetConfig                         0x080063e8   Section        0  stm32f0xx_hal_uart.o(i.UART_SetConfig)
    i.UART_Start_Receive_DMA                 0x08006518   Section        0  stm32f0xx_hal_uart.o(i.UART_Start_Receive_DMA)
    i.UART_WaitOnFlagUntilTimeout            0x080065c4   Section        0  stm32f0xx_hal_uart.o(i.UART_WaitOnFlagUntilTimeout)
    i.USART1_IRQHandler                      0x0800665c   Section        0  stm32f0xx_it.o(i.USART1_IRQHandler)
    i.__0printf$8                            0x0800666c   Section        0  printf8.o(i.__0printf$8)
    i.__ARM_common_ll_muluu                  0x0800668c   Section        0  stm32f0xx_hal_rcc.o(i.__ARM_common_ll_muluu)
    i.__NVIC_SetPriority                     0x080066bc   Section        0  stm32f0xx_hal_cortex.o(i.__NVIC_SetPriority)
    __NVIC_SetPriority                       0x080066bd   Thumb Code    60  stm32f0xx_hal_cortex.o(i.__NVIC_SetPriority)
    i.__scatterload_copy                     0x08006700   Section       14  handlers.o(i.__scatterload_copy)
    i.__scatterload_null                     0x0800670e   Section        2  handlers.o(i.__scatterload_null)
    i.__scatterload_zeroinit                 0x08006710   Section       14  handlers.o(i.__scatterload_zeroinit)
    i._printf_core                           0x08006720   Section        0  printf8.o(i._printf_core)
    _printf_core                             0x08006721   Thumb Code  1020  printf8.o(i._printf_core)
    i._printf_post_padding                   0x08006b48   Section        0  printf8.o(i._printf_post_padding)
    _printf_post_padding                     0x08006b49   Thumb Code    32  printf8.o(i._printf_post_padding)
    i._printf_pre_padding                    0x08006b68   Section        0  printf8.o(i._printf_pre_padding)
    _printf_pre_padding                      0x08006b69   Thumb Code    44  printf8.o(i._printf_pre_padding)
    i.appSetLedState                         0x08006b94   Section        0  gpio.o(i.appSetLedState)
    i.appSetMotorState                       0x08006bec   Section        0  gpio.o(i.appSetMotorState)
    i.cal_crc16                              0x08006c24   Section        0  user_crc.o(i.cal_crc16)
    i.checkGunStateTask                      0x08006c50   Section        0  gpio.o(i.checkGunStateTask)
    i.fputc                                  0x08006c8c   Section        0  usart.o(i.fputc)
    i.lock_state_init                        0x08006ca8   Section        0  gpio.o(i.lock_state_init)
    i.lock_stop_detect                       0x08006cdc   Section        0  gpio.o(i.lock_stop_detect)
    i.lock_stop_wait_done                    0x08006d84   Section        0  gpio.o(i.lock_stop_wait_done)
    i.main                                   0x08006de0   Section        0  main.o(i.main)
    i.onCmdClearUartBuffer                   0x08006e38   Section        0  user_data.o(i.onCmdClearUartBuffer)
    i.onCmdClrDevAlarmSetting                0x08006e8c   Section        0  user_data.o(i.onCmdClrDevAlarmSetting)
    i.onCmdFactoryQuery                      0x08006edc   Section        0  user_data.o(i.onCmdFactoryQuery)
    i.onCmdGetInfoByAddr                     0x08006ef0   Section        0  user_data.o(i.onCmdGetInfoByAddr)
    i.onCmdModifyBaudRate                    0x08006f3c   Section        0  user_data.o(i.onCmdModifyBaudRate)
    i.onCmdModifyDeviceSetting               0x08006f8c   Section        0  user_data.o(i.onCmdModifyDeviceSetting)
    i.onCmdQueryDeviceStatus                 0x08007008   Section        0  user_data.o(i.onCmdQueryDeviceStatus)
    i.onCmdRequestUpgrade                    0x08007050   Section        0  user_data.o(i.onCmdRequestUpgrade)
    i.onCmdSetAddrByAddr                     0x0800711c   Section        0  user_data.o(i.onCmdSetAddrByAddr)
    i.onCmdSetAddrByUid                      0x08007198   Section        0  user_data.o(i.onCmdSetAddrByUid)
    i.onCmdSetDeviceStatus                   0x08007254   Section        0  user_data.o(i.onCmdSetDeviceStatus)
    i.onCmdSetLedFlash                       0x080072b8   Section        0  user_data.o(i.onCmdSetLedFlash)
    i.onReportAutoLockAlarm                  0x0800730c   Section        0  user_data.o(i.onReportAutoLockAlarm)
    i.onReportAutoLockAlarmByGunState        0x0800732c   Section        0  user_data.o(i.onReportAutoLockAlarmByGunState)
    i.onReportClearDevAlarmSetting           0x0800734c   Section        0  user_data.o(i.onReportClearDevAlarmSetting)
    i.onReportClearUartBuffer                0x08007370   Section        0  user_data.o(i.onReportClearUartBuffer)
    i.onReportDevAlarm                       0x08007390   Section        0  user_data.o(i.onReportDevAlarm)
    i.onReportDeviceOptResult                0x080073b4   Section        0  user_data.o(i.onReportDeviceOptResult)
    i.onReportDeviceStatus                   0x080073d4   Section        0  user_data.o(i.onReportDeviceStatus)
    i.onReportFactoryCmd                     0x0800742c   Section        0  user_data.o(i.onReportFactoryCmd)
    i.onReportGetInfoByAddr                  0x08007480   Section        0  user_data.o(i.onReportGetInfoByAddr)
    i.onReportGunStatus                      0x080074e4   Section        0  user_data.o(i.onReportGunStatus)
    i.onReportLockFaultAlarm                 0x08007508   Section        0  user_data.o(i.onReportLockFaultAlarm)
    i.onReportRequestUpgrade                 0x08007528   Section        0  user_data.o(i.onReportRequestUpgrade)
    i.onReportSetAddrByAddr                  0x08007624   Section        0  user_data.o(i.onReportSetAddrByAddr)
    i.onReportSetAddrByUid                   0x08007648   Section        0  user_data.o(i.onReportSetAddrByUid)
    i.onReportSetDeviceResult                0x08007698   Section        0  user_data.o(i.onReportSetDeviceResult)
    i.onReportSetLedFlashStatus              0x080076d8   Section        0  user_data.o(i.onReportSetLedFlashStatus)
    i.onReportSingleModifyBaudRate           0x080076fc   Section        0  user_data.o(i.onReportSingleModifyBaudRate)
    i.printSetting                           0x08007728   Section        0  user_data.o(i.printSetting)
    i.sync_boot_env                          0x08007850   Section        0  user_data.o(i.sync_boot_env)
    i.user_buffer_clear                      0x080078e4   Section        0  user_buffer.o(i.user_buffer_clear)
    i.user_buffer_create                     0x080078f8   Section        0  user_buffer.o(i.user_buffer_create)
    i.user_buffer_item_count                 0x08007948   Section        0  user_buffer.o(i.user_buffer_item_count)
    i.user_buffer_read_items                 0x0800795e   Section        0  user_buffer.o(i.user_buffer_read_items)
    i.user_buffer_release_items              0x080079ba   Section        0  user_buffer.o(i.user_buffer_release_items)
    i.user_buffer_write_items                0x080079de   Section        0  user_buffer.o(i.user_buffer_write_items)
    i.user_check_report_delay                0x08007a54   Section        0  user_data.o(i.user_check_report_delay)
    i.user_database_init                     0x08007a84   Section        0  user_data.o(i.user_database_init)
    i.user_database_save                     0x08007bbc   Section        0  user_data.o(i.user_database_save)
    i.user_event_process                     0x08007c90   Section        0  user_protocol.o(i.user_event_process)
    i.user_huart_error_check                 0x08007d5c   Section        0  usart.o(i.user_huart_error_check)
    i.user_protocol_handle                   0x08007db0   Section        0  user_protocol.o(i.user_protocol_handle)
    i.user_protocol_init                     0x08007e4c   Section        0  user_protocol.o(i.user_protocol_init)
    i.user_protocol_push_data                0x08007e64   Section        0  user_protocol.o(i.user_protocol_push_data)
    i.user_protocol_reset_buffer             0x08007e78   Section        0  user_protocol.o(i.user_protocol_reset_buffer)
    i.user_protocol_send_data                0x08007e98   Section        0  user_protocol.o(i.user_protocol_send_data)
    i.user_reply_handle                      0x08007ecc   Section        0  user_data.o(i.user_reply_handle)
    i.user_set_clear_buffer_flag             0x08007f00   Section        0  user_protocol.o(i.user_set_clear_buffer_flag)
    i.user_uart1_send_data                   0x08007f0c   Section        0  usart.o(i.user_uart1_send_data)
    i.user_write_flash                       0x08007f24   Section        0  user_data.o(i.user_write_flash)
    i.write_upgrade_flag                     0x08007fc4   Section        0  user_data.o(i.write_upgrade_flag)
    .constdata                               0x08007ffc   Section       24  usart.o(.constdata)
    .constdata                               0x08008014   Section       32  stm32f0xx_hal_rcc.o(.constdata)
    aPLLMULFactorTable                       0x08008014   Data          16  stm32f0xx_hal_rcc.o(.constdata)
    aPredivFactorTable                       0x08008024   Data          16  stm32f0xx_hal_rcc.o(.constdata)
    .constdata                               0x08008034   Section       16  system_stm32f0xx.o(.constdata)
    .constdata                               0x08008044   Section        8  system_stm32f0xx.o(.constdata)
    .constdata                               0x0800804c   Section     1792  user_crc.o(.constdata)
    crc8_table                               0x0800804c   Data         256  user_crc.o(.constdata)
    crc16tab                                 0x0800814c   Data         512  user_crc.o(.constdata)
    crc32_tab                                0x0800834c   Data        1024  user_crc.o(.constdata)
    .constdata                               0x0800874c   Section       29  user_protocol.o(.constdata)
    __FUNCTION__                             0x0800874c   Data          10  user_protocol.o(.constdata)
    __FUNCTION__                             0x08008756   Data          19  user_protocol.o(.constdata)
    .constdata                               0x08008769   Section      269  user_data.o(.constdata)
    __FUNCTION__                             0x08008769   Data          23  user_data.o(.constdata)
    __FUNCTION__                             0x08008780   Data          21  user_data.o(.constdata)
    __FUNCTION__                             0x08008795   Data          25  user_data.o(.constdata)
    __FUNCTION__                             0x080087ae   Data          17  user_data.o(.constdata)
    __FUNCTION__                             0x080087bf   Data          24  user_data.o(.constdata)
    __FUNCTION__                             0x080087d7   Data          20  user_data.o(.constdata)
    __FUNCTION__                             0x080087eb   Data          18  user_data.o(.constdata)
    __FUNCTION__                             0x080087fd   Data          19  user_data.o(.constdata)
    __FUNCTION__                             0x08008810   Data          19  user_data.o(.constdata)
    __FUNCTION__                             0x08008823   Data          21  user_data.o(.constdata)
    __FUNCTION__                             0x08008838   Data          20  user_data.o(.constdata)
    __FUNCTION__                             0x0800884c   Data          23  user_data.o(.constdata)
    __FUNCTION__                             0x08008863   Data          19  user_data.o(.constdata)
    .data                                    0x200000c4   Section       20  gpio.o(.data)
    lastState                                0x200000c4   Data           1  gpio.o(.data)
    lastGunState                             0x200000c5   Data           1  gpio.o(.data)
    oldState                                 0x200000c6   Data           1  gpio.o(.data)
    auto_lock_state                          0x200000c7   Data           1  gpio.o(.data)
    stLastGunState                           0x200000c8   Data           1  gpio.o(.data)
    s_MotorRunningCnt                        0x200000cc   Data           4  gpio.o(.data)
    lastGunState                             0x200000d0   Data           4  gpio.o(.data)
    count                                    0x200000d4   Data           4  gpio.o(.data)
    .data                                    0x200000d8   Section        4  usart.o(.data)
    errCnt                                   0x200000d8   Data           4  usart.o(.data)
    .data                                    0x200000dc   Section       12  stm32f0xx_hal.o(.data)
    .data                                    0x200000e8   Section        4  system_stm32f0xx.o(.data)
    .data                                    0x200000ec   Section        4  user_protocol.o(.data)
    gClearBuffer                             0x200000ec   Data           1  user_protocol.o(.data)
    size                                     0x200000ee   Data           2  user_protocol.o(.data)
    .data                                    0x200000f0   Section       96  user_data.o(.data)
    .data                                    0x20000150   Section       16  user_data.o(.data)
    .data                                    0x20000160   Section      216  user_data.o(.data)
    upgradeStatus                            0x20000160   Data           1  user_data.o(.data)
    packetIndex                              0x20000164   Data           4  user_data.o(.data)
    packetSize                               0x20000168   Data           4  user_data.o(.data)
    .data                                    0x20000238   Section        4  stdout.o(.data)
    .bss                                     0x2000023c   Section      120  main.o(.bss)
    .bss                                     0x200002b4   Section       16  iwdg.o(.bss)
    .bss                                     0x200002c4   Section       72  tim.o(.bss)
    .bss                                     0x2000030c   Section      468  usart.o(.bss)
    recData                                  0x2000030c   Data         128  usart.o(.bss)
    .bss                                     0x200004e0   Section       32  stm32f0xx_hal_flash.o(.bss)
    .bss                                     0x20000500   Section     1024  user_buffer.o(.bss)
    ringBuffer                               0x20000500   Data        1024  user_buffer.o(.bss)
    .bss                                     0x20000900   Section      148  user_protocol.o(.bss)
    buf                                      0x20000900   Data         100  user_protocol.o(.bss)
    myRingBuffer                             0x20000964   Data          48  user_protocol.o(.bss)
    .bss                                     0x20000994   Section       32  user_data.o(.bss)
    packetData                               0x20000994   Data          32  user_data.o(.bss)
    STACK                                    0x200009b8   Section     1024  startup_stm32f051x8.o(STACK)

    Global Symbols

    Symbol Name                              Value     Ov Type        Size  Object(Section)

    BuildAttributes$$THM_ISAv3M$S$PE$A:L22$X:L11$S22$IEEE1$IW$USESV6$~STKCKD$USESV7$~SHL$OSPACE$ROPI$EBA8$MICROLIB$REQ8$PRES8$EABIv2 0x00000000   Number         0  anon$$obj.o ABSOLUTE
    __ARM_use_no_argv                        0x00000000   Number         0  main.o ABSOLUTE
    _printf_a                                0x00000000   Number         0  stubs.o ABSOLUTE
    _printf_c                                0x00000000   Number         0  stubs.o ABSOLUTE
    _printf_charcount                        0x00000000   Number         0  stubs.o ABSOLUTE
    _printf_d                                0x00000000   Number         0  stubs.o ABSOLUTE
    _printf_e                                0x00000000   Number         0  stubs.o ABSOLUTE
    _printf_f                                0x00000000   Number         0  stubs.o ABSOLUTE
    _printf_flags                            0x00000000   Number         0  stubs.o ABSOLUTE
    _printf_fp_dec                           0x00000000   Number         0  stubs.o ABSOLUTE
    _printf_fp_hex                           0x00000000   Number         0  stubs.o ABSOLUTE
    _printf_g                                0x00000000   Number         0  stubs.o ABSOLUTE
    _printf_i                                0x00000000   Number         0  stubs.o ABSOLUTE
    _printf_int_dec                          0x00000000   Number         0  stubs.o ABSOLUTE
    _printf_l                                0x00000000   Number         0  stubs.o ABSOLUTE
    _printf_lc                               0x00000000   Number         0  stubs.o ABSOLUTE
    _printf_ll                               0x00000000   Number         0  stubs.o ABSOLUTE
    _printf_lld                              0x00000000   Number         0  stubs.o ABSOLUTE
    _printf_lli                              0x00000000   Number         0  stubs.o ABSOLUTE
    _printf_llo                              0x00000000   Number         0  stubs.o ABSOLUTE
    _printf_llu                              0x00000000   Number         0  stubs.o ABSOLUTE
    _printf_llx                              0x00000000   Number         0  stubs.o ABSOLUTE
    _printf_longlong_dec                     0x00000000   Number         0  stubs.o ABSOLUTE
    _printf_longlong_hex                     0x00000000   Number         0  stubs.o ABSOLUTE
    _printf_longlong_oct                     0x00000000   Number         0  stubs.o ABSOLUTE
    _printf_ls                               0x00000000   Number         0  stubs.o ABSOLUTE
    _printf_mbtowc                           0x00000000   Number         0  stubs.o ABSOLUTE
    _printf_n                                0x00000000   Number         0  stubs.o ABSOLUTE
    _printf_o                                0x00000000   Number         0  stubs.o ABSOLUTE
    _printf_p                                0x00000000   Number         0  stubs.o ABSOLUTE
    _printf_percent                          0x00000000   Number         0  stubs.o ABSOLUTE
    _printf_pre_padding                      0x00000000   Number         0  stubs.o ABSOLUTE
    _printf_return_value                     0x00000000   Number         0  stubs.o ABSOLUTE
    _printf_s                                0x00000000   Number         0  stubs.o ABSOLUTE
    _printf_sizespec                         0x00000000   Number         0  stubs.o ABSOLUTE
    _printf_str                              0x00000000   Number         0  stubs.o ABSOLUTE
    _printf_truncate_signed                  0x00000000   Number         0  stubs.o ABSOLUTE
    _printf_truncate_unsigned                0x00000000   Number         0  stubs.o ABSOLUTE
    _printf_u                                0x00000000   Number         0  stubs.o ABSOLUTE
    _printf_wc                               0x00000000   Number         0  stubs.o ABSOLUTE
    _printf_wctomb                           0x00000000   Number         0  stubs.o ABSOLUTE
    _printf_widthprec                        0x00000000   Number         0  stubs.o ABSOLUTE
    _printf_x                                0x00000000   Number         0  stubs.o ABSOLUTE
    __cpp_initialize__aeabi_                  - Undefined Weak Reference
    __cxa_finalize                            - Undefined Weak Reference
    _clock_init                               - Undefined Weak Reference
    _microlib_exit                            - Undefined Weak Reference
    __Vectors_Size                           0x000000bc   Number         0  startup_stm32f051x8.o ABSOLUTE
    __Vectors                                0x08004000   Data           4  startup_stm32f051x8.o(RESET)
    __Vectors_End                            0x080040bc   Data           0  startup_stm32f051x8.o(RESET)
    __main                                   0x080040bd   Thumb Code     0  entry.o(.ARM.Collect$$$$00000000)
    _main_stk                                0x080040bd   Thumb Code     0  entry2.o(.ARM.Collect$$$$00000001)
    _main_scatterload                        0x080040c1   Thumb Code     0  entry5.o(.ARM.Collect$$$$00000004)
    __main_after_scatterload                 0x080040c5   Thumb Code     0  entry5.o(.ARM.Collect$$$$00000004)
    _main_clock                              0x080040c5   Thumb Code     0  entry7b.o(.ARM.Collect$$$$00000008)
    _main_cpp_init                           0x080040c5   Thumb Code     0  entry8b.o(.ARM.Collect$$$$0000000A)
    _main_init                               0x080040c5   Thumb Code     0  entry9a.o(.ARM.Collect$$$$0000000B)
    __rt_final_cpp                           0x080040cd   Thumb Code     0  entry10a.o(.ARM.Collect$$$$0000000D)
    __rt_final_exit                          0x080040cd   Thumb Code     0  entry11a.o(.ARM.Collect$$$$0000000F)
    Reset_Handler                            0x080040d1   Thumb Code     8  startup_stm32f051x8.o(.text)
    ADC1_COMP_IRQHandler                     0x080040e3   Thumb Code     0  startup_stm32f051x8.o(.text)
    CEC_IRQHandler                           0x080040e3   Thumb Code     0  startup_stm32f051x8.o(.text)
    DMA1_Channel1_IRQHandler                 0x080040e3   Thumb Code     0  startup_stm32f051x8.o(.text)
    DMA1_Channel4_5_IRQHandler               0x080040e3   Thumb Code     0  startup_stm32f051x8.o(.text)
    EXTI0_1_IRQHandler                       0x080040e3   Thumb Code     0  startup_stm32f051x8.o(.text)
    EXTI2_3_IRQHandler                       0x080040e3   Thumb Code     0  startup_stm32f051x8.o(.text)
    FLASH_IRQHandler                         0x080040e3   Thumb Code     0  startup_stm32f051x8.o(.text)
    I2C1_IRQHandler                          0x080040e3   Thumb Code     0  startup_stm32f051x8.o(.text)
    I2C2_IRQHandler                          0x080040e3   Thumb Code     0  startup_stm32f051x8.o(.text)
    PVD_IRQHandler                           0x080040e3   Thumb Code     0  startup_stm32f051x8.o(.text)
    RCC_IRQHandler                           0x080040e3   Thumb Code     0  startup_stm32f051x8.o(.text)
    RTC_IRQHandler                           0x080040e3   Thumb Code     0  startup_stm32f051x8.o(.text)
    SPI1_IRQHandler                          0x080040e3   Thumb Code     0  startup_stm32f051x8.o(.text)
    SPI2_IRQHandler                          0x080040e3   Thumb Code     0  startup_stm32f051x8.o(.text)
    TIM15_IRQHandler                         0x080040e3   Thumb Code     0  startup_stm32f051x8.o(.text)
    TIM16_IRQHandler                         0x080040e3   Thumb Code     0  startup_stm32f051x8.o(.text)
    TIM17_IRQHandler                         0x080040e3   Thumb Code     0  startup_stm32f051x8.o(.text)
    TIM1_BRK_UP_TRG_COM_IRQHandler           0x080040e3   Thumb Code     0  startup_stm32f051x8.o(.text)
    TIM1_CC_IRQHandler                       0x080040e3   Thumb Code     0  startup_stm32f051x8.o(.text)
    TIM2_IRQHandler                          0x080040e3   Thumb Code     0  startup_stm32f051x8.o(.text)
    TIM3_IRQHandler                          0x080040e3   Thumb Code     0  startup_stm32f051x8.o(.text)
    TIM6_DAC_IRQHandler                      0x080040e3   Thumb Code     0  startup_stm32f051x8.o(.text)
    TSC_IRQHandler                           0x080040e3   Thumb Code     0  startup_stm32f051x8.o(.text)
    USART2_IRQHandler                        0x080040e3   Thumb Code     0  startup_stm32f051x8.o(.text)
    WWDG_IRQHandler                          0x080040e3   Thumb Code     0  startup_stm32f051x8.o(.text)
    __aeabi_uidiv                            0x080040ed   Thumb Code     0  uidiv.o(.text)
    __aeabi_uidivmod                         0x080040ed   Thumb Code    44  uidiv.o(.text)
    __aeabi_uldivmod                         0x08004119   Thumb Code    96  uldiv.o(.text)
    __aeabi_llsr                             0x08004179   Thumb Code    34  llushr.o(.text)
    _ll_ushift_r                             0x08004179   Thumb Code     0  llushr.o(.text)
    __aeabi_memcpy                           0x0800419b   Thumb Code    36  memcpya.o(.text)
    __aeabi_memcpy4                          0x0800419b   Thumb Code     0  memcpya.o(.text)
    __aeabi_memcpy8                          0x0800419b   Thumb Code     0  memcpya.o(.text)
    __aeabi_memset                           0x080041bf   Thumb Code    14  memseta.o(.text)
    __aeabi_memset4                          0x080041bf   Thumb Code     0  memseta.o(.text)
    __aeabi_memset8                          0x080041bf   Thumb Code     0  memseta.o(.text)
    __aeabi_memclr                           0x080041cd   Thumb Code     4  memseta.o(.text)
    __aeabi_memclr4                          0x080041cd   Thumb Code     0  memseta.o(.text)
    __aeabi_memclr8                          0x080041cd   Thumb Code     0  memseta.o(.text)
    _memset$wrapper                          0x080041d1   Thumb Code    18  memseta.o(.text)
    __aeabi_llsl                             0x080041e3   Thumb Code    32  llshl.o(.text)
    _ll_shift_l                              0x080041e3   Thumb Code     0  llshl.o(.text)
    __scatterload                            0x08004205   Thumb Code    28  init.o(.text)
    __scatterload_rt2                        0x08004205   Thumb Code     0  init.o(.text)
    __decompress                             0x08004229   Thumb Code     0  __dczerorl2.o(.text)
    __decompress1                            0x08004229   Thumb Code    86  __dczerorl2.o(.text)
    Auto_Lock_Task                           0x08004281   Thumb Code   128  gpio.o(i.Auto_Lock_Task)
    ComPack                                  0x08004309   Thumb Code   164  user_protocol.o(i.ComPack)
    ComUnpack                                0x080043ad   Thumb Code   268  user_protocol.o(i.ComUnpack)
    DMA1_Channel2_3_IRQHandler               0x08004549   Thumb Code    10  stm32f0xx_it.o(i.DMA1_Channel2_3_IRQHandler)
    EXTI4_15_IRQHandler                      0x080045a5   Thumb Code    24  stm32f0xx_it.o(i.EXTI4_15_IRQHandler)
    Error_Handler                            0x080045bd   Thumb Code     4  main.o(i.Error_Handler)
    FLASH_PageErase                          0x080045e5   Thumb Code    28  stm32f0xx_hal_flash_ex.o(i.FLASH_PageErase)
    FLASH_WaitForLastOperation               0x08004661   Thumb Code    76  stm32f0xx_hal_flash.o(i.FLASH_WaitForLastOperation)
    HAL_DMA_Abort                            0x080046b1   Thumb Code    64  stm32f0xx_hal_dma.o(i.HAL_DMA_Abort)
    HAL_DMA_Abort_IT                         0x080046f1   Thumb Code    72  stm32f0xx_hal_dma.o(i.HAL_DMA_Abort_IT)
    HAL_DMA_IRQHandler                       0x08004739   Thumb Code   156  stm32f0xx_hal_dma.o(i.HAL_DMA_IRQHandler)
    HAL_DMA_Init                             0x080047d5   Thumb Code    78  stm32f0xx_hal_dma.o(i.HAL_DMA_Init)
    HAL_DMA_Start_IT                         0x08004829   Thumb Code   106  stm32f0xx_hal_dma.o(i.HAL_DMA_Start_IT)
    HAL_Delay                                0x08004895   Thumb Code    32  stm32f0xx_hal.o(i.HAL_Delay)
    HAL_FLASHEx_Erase                        0x080048b9   Thumb Code   148  stm32f0xx_hal_flash_ex.o(i.HAL_FLASHEx_Erase)
    HAL_FLASH_Lock                           0x08004959   Thumb Code    14  stm32f0xx_hal_flash.o(i.HAL_FLASH_Lock)
    HAL_FLASH_Program                        0x0800496d   Thumb Code   110  stm32f0xx_hal_flash.o(i.HAL_FLASH_Program)
    HAL_FLASH_Unlock                         0x080049e9   Thumb Code    28  stm32f0xx_hal_flash.o(i.HAL_FLASH_Unlock)
    HAL_GPIO_EXTI_Callback                   0x08004a11   Thumb Code    70  gpio.o(i.HAL_GPIO_EXTI_Callback)
    HAL_GPIO_EXTI_IRQHandler                 0x08004a65   Thumb Code    18  stm32f0xx_hal_gpio.o(i.HAL_GPIO_EXTI_IRQHandler)
    HAL_GPIO_Init                            0x08004a7d   Thumb Code   396  stm32f0xx_hal_gpio.o(i.HAL_GPIO_Init)
    HAL_GPIO_ReadPin                         0x08004c21   Thumb Code    10  stm32f0xx_hal_gpio.o(i.HAL_GPIO_ReadPin)
    HAL_GPIO_WritePin                        0x08004c2b   Thumb Code    12  stm32f0xx_hal_gpio.o(i.HAL_GPIO_WritePin)
    HAL_GetTick                              0x08004c39   Thumb Code     6  stm32f0xx_hal.o(i.HAL_GetTick)
    HAL_GetUIDw0                             0x08004c45   Thumb Code     6  stm32f0xx_hal.o(i.HAL_GetUIDw0)
    HAL_GetUIDw1                             0x08004c51   Thumb Code     6  stm32f0xx_hal.o(i.HAL_GetUIDw1)
    HAL_GetUIDw2                             0x08004c5d   Thumb Code     6  stm32f0xx_hal.o(i.HAL_GetUIDw2)
    HAL_IWDG_Init                            0x08004c69   Thumb Code    94  stm32f0xx_hal_iwdg.o(i.HAL_IWDG_Init)
    HAL_IWDG_Refresh                         0x08004cd5   Thumb Code    10  stm32f0xx_hal_iwdg.o(i.HAL_IWDG_Refresh)
    HAL_IncTick                              0x08004ce5   Thumb Code    12  stm32f0xx_hal.o(i.HAL_IncTick)
    HAL_Init                                 0x08004cf5   Thumb Code    26  stm32f0xx_hal.o(i.HAL_Init)
    HAL_InitTick                             0x08004d15   Thumb Code    58  stm32f0xx_hal.o(i.HAL_InitTick)
    HAL_MspInit                              0x08004d59   Thumb Code    34  stm32f0xx_hal_msp.o(i.HAL_MspInit)
    HAL_NVIC_EnableIRQ                       0x08004d81   Thumb Code    18  stm32f0xx_hal_cortex.o(i.HAL_NVIC_EnableIRQ)
    HAL_NVIC_SetPriority                     0x08004d99   Thumb Code     8  stm32f0xx_hal_cortex.o(i.HAL_NVIC_SetPriority)
    HAL_NVIC_SystemReset                     0x08004da1   Thumb Code    18  stm32f0xx_hal_cortex.o(i.HAL_NVIC_SystemReset)
    HAL_RCCEx_PeriphCLKConfig                0x08004dbd   Thumb Code   236  stm32f0xx_hal_rcc_ex.o(i.HAL_RCCEx_PeriphCLKConfig)
    HAL_RCC_ClockConfig                      0x08004eb5   Thumb Code   242  stm32f0xx_hal_rcc.o(i.HAL_RCC_ClockConfig)
    HAL_RCC_GetPCLK1Freq                     0x08004fbd   Thumb Code    20  stm32f0xx_hal_rcc.o(i.HAL_RCC_GetPCLK1Freq)
    HAL_RCC_GetSysClockFreq                  0x08004fdd   Thumb Code    68  stm32f0xx_hal_rcc.o(i.HAL_RCC_GetSysClockFreq)
    HAL_RCC_OscConfig                        0x08005031   Thumb Code   890  stm32f0xx_hal_rcc.o(i.HAL_RCC_OscConfig)
    HAL_RS485Ex_Init                         0x080053b9   Thumb Code   132  stm32f0xx_hal_uart_ex.o(i.HAL_RS485Ex_Init)
    HAL_SYSTICK_Config                       0x08005441   Thumb Code    38  stm32f0xx_hal_cortex.o(i.HAL_SYSTICK_Config)
    HAL_TIMEx_BreakCallback                  0x08005471   Thumb Code     2  stm32f0xx_hal_tim_ex.o(i.HAL_TIMEx_BreakCallback)
    HAL_TIMEx_CommutCallback                 0x08005473   Thumb Code     2  stm32f0xx_hal_tim_ex.o(i.HAL_TIMEx_CommutCallback)
    HAL_TIM_Base_Init                        0x08005475   Thumb Code    72  stm32f0xx_hal_tim.o(i.HAL_TIM_Base_Init)
    HAL_TIM_Base_MspInit                     0x080054bd   Thumb Code    44  tim.o(i.HAL_TIM_Base_MspInit)
    HAL_TIM_Base_Start_IT                    0x080054f1   Thumb Code    74  stm32f0xx_hal_tim.o(i.HAL_TIM_Base_Start_IT)
    HAL_TIM_IC_CaptureCallback               0x08005549   Thumb Code     2  stm32f0xx_hal_tim.o(i.HAL_TIM_IC_CaptureCallback)
    HAL_TIM_IRQHandler                       0x0800554b   Thumb Code   296  stm32f0xx_hal_tim.o(i.HAL_TIM_IRQHandler)
    HAL_TIM_OC_DelayElapsedCallback          0x08005673   Thumb Code     2  stm32f0xx_hal_tim.o(i.HAL_TIM_OC_DelayElapsedCallback)
    HAL_TIM_PWM_PulseFinishedCallback        0x08005675   Thumb Code     2  stm32f0xx_hal_tim.o(i.HAL_TIM_PWM_PulseFinishedCallback)
    HAL_TIM_PeriodElapsedCallback            0x08005679   Thumb Code   164  tim.o(i.HAL_TIM_PeriodElapsedCallback)
    HAL_TIM_TriggerCallback                  0x08005725   Thumb Code     2  stm32f0xx_hal_tim.o(i.HAL_TIM_TriggerCallback)
    HAL_UARTEx_ReceiveToIdle_DMA             0x08005727   Thumb Code   108  stm32f0xx_hal_uart_ex.o(i.HAL_UARTEx_ReceiveToIdle_DMA)
    HAL_UARTEx_RxEventCallback               0x08005795   Thumb Code    40  usart.o(i.HAL_UARTEx_RxEventCallback)
    HAL_UARTEx_WakeupCallback                0x080057c9   Thumb Code     2  stm32f0xx_hal_uart_ex.o(i.HAL_UARTEx_WakeupCallback)
    HAL_UART_ErrorCallback                   0x080057cb   Thumb Code     2  stm32f0xx_hal_uart.o(i.HAL_UART_ErrorCallback)
    HAL_UART_GetError                        0x080057cd   Thumb Code     6  stm32f0xx_hal_uart.o(i.HAL_UART_GetError)
    HAL_UART_IRQHandler                      0x080057d5   Thumb Code   670  stm32f0xx_hal_uart.o(i.HAL_UART_IRQHandler)
    HAL_UART_Init                            0x08005a81   Thumb Code   106  stm32f0xx_hal_uart.o(i.HAL_UART_Init)
    HAL_UART_MspInit                         0x08005aed   Thumb Code   198  usart.o(i.HAL_UART_MspInit)
    HAL_UART_RxCpltCallback                  0x08005bc9   Thumb Code    30  usart.o(i.HAL_UART_RxCpltCallback)
    HAL_UART_RxHalfCpltCallback              0x08005bf1   Thumb Code     2  stm32f0xx_hal_uart.o(i.HAL_UART_RxHalfCpltCallback)
    HAL_UART_Transmit                        0x08005bf3   Thumb Code   192  stm32f0xx_hal_uart.o(i.HAL_UART_Transmit)
    HAL_UART_TxCpltCallback                  0x08005cb3   Thumb Code     2  stm32f0xx_hal_uart.o(i.HAL_UART_TxCpltCallback)
    HardFault_Handler                        0x08005cb5   Thumb Code     2  stm32f0xx_it.o(i.HardFault_Handler)
    InterruptRemap                           0x08005cb9   Thumb Code    48  main.o(i.InterruptRemap)
    Led_Task                                 0x08005cf5   Thumb Code    90  gpio.o(i.Led_Task)
    MX_DMA_Init                              0x08005d55   Thumb Code    36  dma.o(i.MX_DMA_Init)
    MX_GPIO_Init                             0x08005d7d   Thumb Code   132  gpio.o(i.MX_GPIO_Init)
    MX_IWDG_Init                             0x08005e09   Thumb Code    32  iwdg.o(i.MX_IWDG_Init)
    MX_IWDG_Refresh                          0x08005e35   Thumb Code    10  iwdg.o(i.MX_IWDG_Refresh)
    MX_TIM14_Init                            0x08005e45   Thumb Code    48  tim.o(i.MX_TIM14_Init)
    MX_USART1_UART_Init                      0x08005e81   Thumb Code    74  usart.o(i.MX_USART1_UART_Init)
    MX_USART2_UART_Init                      0x08005edd   Thumb Code    48  usart.o(i.MX_USART2_UART_Init)
    MotorTask                                0x08005f15   Thumb Code    98  gpio.o(i.MotorTask)
    NMI_Handler                              0x08005f81   Thumb Code     2  stm32f0xx_it.o(i.NMI_Handler)
    PendSV_Handler                           0x08005f83   Thumb Code     2  stm32f0xx_it.o(i.PendSV_Handler)
    SVC_Handler                              0x08005f85   Thumb Code     2  stm32f0xx_it.o(i.SVC_Handler)
    SysTick_Handler                          0x08005f87   Thumb Code     8  stm32f0xx_it.o(i.SysTick_Handler)
    SystemClock_Config                       0x08005f8f   Thumb Code   124  main.o(i.SystemClock_Config)
    SystemInit                               0x0800600b   Thumb Code     2  system_stm32f0xx.o(i.SystemInit)
    TIM14_IRQHandler                         0x0800600d   Thumb Code    10  stm32f0xx_it.o(i.TIM14_IRQHandler)
    TIM_Base_SetConfig                       0x0800601d   Thumb Code   138  stm32f0xx_hal_tim.o(i.TIM_Base_SetConfig)
    UART_AdvFeatureConfig                    0x080060c1   Thumb Code   202  stm32f0xx_hal_uart.o(i.UART_AdvFeatureConfig)
    UART_CheckIdleState                      0x0800618d   Thumb Code   190  stm32f0xx_hal_uart.o(i.UART_CheckIdleState)
    UART_SetConfig                           0x080063e9   Thumb Code   280  stm32f0xx_hal_uart.o(i.UART_SetConfig)
    UART_Start_Receive_DMA                   0x08006519   Thumb Code   160  stm32f0xx_hal_uart.o(i.UART_Start_Receive_DMA)
    UART_WaitOnFlagUntilTimeout              0x080065c5   Thumb Code   150  stm32f0xx_hal_uart.o(i.UART_WaitOnFlagUntilTimeout)
    USART1_IRQHandler                        0x0800665d   Thumb Code    10  stm32f0xx_it.o(i.USART1_IRQHandler)
    __0printf$8                              0x0800666d   Thumb Code    24  printf8.o(i.__0printf$8)
    __1printf$8                              0x0800666d   Thumb Code     0  printf8.o(i.__0printf$8)
    __2printf                                0x0800666d   Thumb Code     0  printf8.o(i.__0printf$8)
    __ARM_common_ll_muluu                    0x0800668d   Thumb Code    48  stm32f0xx_hal_rcc.o(i.__ARM_common_ll_muluu)
    __scatterload_copy                       0x08006701   Thumb Code    14  handlers.o(i.__scatterload_copy)
    __scatterload_null                       0x0800670f   Thumb Code     2  handlers.o(i.__scatterload_null)
    __scatterload_zeroinit                   0x08006711   Thumb Code    14  handlers.o(i.__scatterload_zeroinit)
    appSetLedState                           0x08006b95   Thumb Code    56  gpio.o(i.appSetLedState)
    appSetMotorState                         0x08006bed   Thumb Code    52  gpio.o(i.appSetMotorState)
    cal_crc16                                0x08006c25   Thumb Code    38  user_crc.o(i.cal_crc16)
    checkGunStateTask                        0x08006c51   Thumb Code    52  gpio.o(i.checkGunStateTask)
    fputc                                    0x08006c8d   Thumb Code    18  usart.o(i.fputc)
    lock_state_init                          0x08006ca9   Thumb Code    44  gpio.o(i.lock_state_init)
    lock_stop_detect                         0x08006cdd   Thumb Code   160  gpio.o(i.lock_stop_detect)
    lock_stop_wait_done                      0x08006d85   Thumb Code    82  gpio.o(i.lock_stop_wait_done)
    main                                     0x08006de1   Thumb Code    86  main.o(i.main)
    onCmdClearUartBuffer                     0x08006e39   Thumb Code    44  user_data.o(i.onCmdClearUartBuffer)
    onCmdClrDevAlarmSetting                  0x08006e8d   Thumb Code    42  user_data.o(i.onCmdClrDevAlarmSetting)
    onCmdFactoryQuery                        0x08006edd   Thumb Code    14  user_data.o(i.onCmdFactoryQuery)
    onCmdGetInfoByAddr                       0x08006ef1   Thumb Code    36  user_data.o(i.onCmdGetInfoByAddr)
    onCmdModifyBaudRate                      0x08006f3d   Thumb Code    44  user_data.o(i.onCmdModifyBaudRate)
    onCmdModifyDeviceSetting                 0x08006f8d   Thumb Code    90  user_data.o(i.onCmdModifyDeviceSetting)
    onCmdQueryDeviceStatus                   0x08007009   Thumb Code    36  user_data.o(i.onCmdQueryDeviceStatus)
    onCmdRequestUpgrade                      0x08007051   Thumb Code   124  user_data.o(i.onCmdRequestUpgrade)
    onCmdSetAddrByAddr                       0x0800711d   Thumb Code    56  user_data.o(i.onCmdSetAddrByAddr)
    onCmdSetAddrByUid                        0x08007199   Thumb Code   124  user_data.o(i.onCmdSetAddrByUid)
    onCmdSetDeviceStatus                     0x08007255   Thumb Code    64  user_data.o(i.onCmdSetDeviceStatus)
    onCmdSetLedFlash                         0x080072b9   Thumb Code    46  user_data.o(i.onCmdSetLedFlash)
    onReportAutoLockAlarm                    0x0800730d   Thumb Code    28  user_data.o(i.onReportAutoLockAlarm)
    onReportAutoLockAlarmByGunState          0x0800732d   Thumb Code    28  user_data.o(i.onReportAutoLockAlarmByGunState)
    onReportClearDevAlarmSetting             0x0800734d   Thumb Code    32  user_data.o(i.onReportClearDevAlarmSetting)
    onReportClearUartBuffer                  0x08007371   Thumb Code    28  user_data.o(i.onReportClearUartBuffer)
    onReportDevAlarm                         0x08007391   Thumb Code    32  user_data.o(i.onReportDevAlarm)
    onReportDeviceOptResult                  0x080073b5   Thumb Code    28  user_data.o(i.onReportDeviceOptResult)
    onReportDeviceStatus                     0x080073d5   Thumb Code    84  user_data.o(i.onReportDeviceStatus)
    onReportFactoryCmd                       0x0800742d   Thumb Code    80  user_data.o(i.onReportFactoryCmd)
    onReportGetInfoByAddr                    0x08007481   Thumb Code    96  user_data.o(i.onReportGetInfoByAddr)
    onReportGunStatus                        0x080074e5   Thumb Code    32  user_data.o(i.onReportGunStatus)
    onReportLockFaultAlarm                   0x08007509   Thumb Code    28  user_data.o(i.onReportLockFaultAlarm)
    onReportRequestUpgrade                   0x08007529   Thumb Code   154  user_data.o(i.onReportRequestUpgrade)
    onReportSetAddrByAddr                    0x08007625   Thumb Code    32  user_data.o(i.onReportSetAddrByAddr)
    onReportSetAddrByUid                     0x08007649   Thumb Code    76  user_data.o(i.onReportSetAddrByUid)
    onReportSetDeviceResult                  0x08007699   Thumb Code    60  user_data.o(i.onReportSetDeviceResult)
    onReportSetLedFlashStatus                0x080076d9   Thumb Code    32  user_data.o(i.onReportSetLedFlashStatus)
    onReportSingleModifyBaudRate             0x080076fd   Thumb Code    40  user_data.o(i.onReportSingleModifyBaudRate)
    printSetting                             0x08007729   Thumb Code    88  user_data.o(i.printSetting)
    sync_boot_env                            0x08007851   Thumb Code   106  user_data.o(i.sync_boot_env)
    user_buffer_clear                        0x080078e5   Thumb Code    18  user_buffer.o(i.user_buffer_clear)
    user_buffer_create                       0x080078f9   Thumb Code    56  user_buffer.o(i.user_buffer_create)
    user_buffer_item_count                   0x08007949   Thumb Code    22  user_buffer.o(i.user_buffer_item_count)
    user_buffer_read_items                   0x0800795f   Thumb Code    92  user_buffer.o(i.user_buffer_read_items)
    user_buffer_release_items                0x080079bb   Thumb Code    36  user_buffer.o(i.user_buffer_release_items)
    user_buffer_write_items                  0x080079df   Thumb Code   116  user_buffer.o(i.user_buffer_write_items)
    user_check_report_delay                  0x08007a55   Thumb Code    44  user_data.o(i.user_check_report_delay)
    user_database_init                       0x08007a85   Thumb Code   186  user_data.o(i.user_database_init)
    user_database_save                       0x08007bbd   Thumb Code   142  user_data.o(i.user_database_save)
    user_event_process                       0x08007c91   Thumb Code   122  user_protocol.o(i.user_event_process)
    user_huart_error_check                   0x08007d5d   Thumb Code    70  usart.o(i.user_huart_error_check)
    user_protocol_handle                     0x08007db1   Thumb Code   146  user_protocol.o(i.user_protocol_handle)
    user_protocol_init                       0x08007e4d   Thumb Code    18  user_protocol.o(i.user_protocol_init)
    user_protocol_push_data                  0x08007e65   Thumb Code    14  user_protocol.o(i.user_protocol_push_data)
    user_protocol_reset_buffer               0x08007e79   Thumb Code    22  user_protocol.o(i.user_protocol_reset_buffer)
    user_protocol_send_data                  0x08007e99   Thumb Code    50  user_protocol.o(i.user_protocol_send_data)
    user_reply_handle                        0x08007ecd   Thumb Code    48  user_data.o(i.user_reply_handle)
    user_set_clear_buffer_flag               0x08007f01   Thumb Code     6  user_protocol.o(i.user_set_clear_buffer_flag)
    user_uart1_send_data                     0x08007f0d   Thumb Code    16  usart.o(i.user_uart1_send_data)
    user_write_flash                         0x08007f25   Thumb Code   112  user_data.o(i.user_write_flash)
    write_upgrade_flag                       0x08007fc5   Thumb Code    40  user_data.o(i.write_upgrade_flag)
    baudRate                                 0x08007ffc   Data          24  usart.o(.constdata)
    AHBPrescTable                            0x08008034   Data          16  system_stm32f0xx.o(.constdata)
    APBPrescTable                            0x08008044   Data           8  system_stm32f0xx.o(.constdata)
    Region$$Table$$Base                      0x08008878   Number         0  anon$$obj.o(Region$$Table)
    Region$$Table$$Limit                     0x08008898   Number         0  anon$$obj.o(Region$$Table)
    uwTickFreq                               0x200000dc   Data           1  stm32f0xx_hal.o(.data)
    uwTickPrio                               0x200000e0   Data           4  stm32f0xx_hal.o(.data)
    uwTick                                   0x200000e4   Data           4  stm32f0xx_hal.o(.data)
    SystemCoreClock                          0x200000e8   Data           4  system_stm32f0xx.o(.data)
    query_cmd                                0x200000f0   Data          96  user_data.o(.data)
    factory_query_cmd                        0x20000150   Data          16  user_data.o(.data)
    report_cmd                               0x2000016c   Data         204  user_data.o(.data)
    __stdout                                 0x20000238   Data           4  stdout.o(.data)
    lock                                     0x2000023c   Data         120  main.o(.bss)
    hiwdg                                    0x200002b4   Data          16  iwdg.o(.bss)
    htim14                                   0x200002c4   Data          72  tim.o(.bss)
    huart1                                   0x2000038c   Data         136  usart.o(.bss)
    huart2                                   0x20000414   Data         136  usart.o(.bss)
    hdma_usart1_rx                           0x2000049c   Data          68  usart.o(.bss)
    pFlash                                   0x200004e0   Data          32  stm32f0xx_hal_flash.o(.bss)
    __initial_sp                             0x20000db8   Data           0  startup_stm32f051x8.o(STACK)



==============================================================================

Memory Map of the image

  Image Entry point : 0x080040bd

  Load Region LR_IROM1 (Base: 0x08004000, Size: 0x00004a10, Max: 0x0000b000, ABSOLUTE, COMPRESSED[0x00004988])

    Execution Region ER_IROM1 (Base: 0x08004000, Size: 0x00004898, Max: 0x0000b000, ABSOLUTE)

    Base Addr    Size         Type   Attr      Idx    E Section Name        Object

    0x08004000   0x000000bc   Data   RO            3    RESET               startup_stm32f051x8.o
    0x080040bc   0x00000000   Code   RO         3979  * .ARM.Collect$$$$00000000  mc_p.l(entry.o)
    0x080040bc   0x00000004   Code   RO         4255    .ARM.Collect$$$$00000001  mc_p.l(entry2.o)
    0x080040c0   0x00000004   Code   RO         4258    .ARM.Collect$$$$00000004  mc_p.l(entry5.o)
    0x080040c4   0x00000000   Code   RO         4260    .ARM.Collect$$$$00000008  mc_p.l(entry7b.o)
    0x080040c4   0x00000000   Code   RO         4262    .ARM.Collect$$$$0000000A  mc_p.l(entry8b.o)
    0x080040c4   0x00000008   Code   RO         4263    .ARM.Collect$$$$0000000B  mc_p.l(entry9a.o)
    0x080040cc   0x00000000   Code   RO         4265    .ARM.Collect$$$$0000000D  mc_p.l(entry10a.o)
    0x080040cc   0x00000000   Code   RO         4267    .ARM.Collect$$$$0000000F  mc_p.l(entry11a.o)
    0x080040cc   0x00000004   Code   RO         4256    .ARM.Collect$$$$00002712  mc_p.l(entry2.o)
    0x080040d0   0x0000001c   Code   RO            4    .text               startup_stm32f051x8.o
    0x080040ec   0x0000002c   Code   RO         3982    .text               mc_p.l(uidiv.o)
    0x08004118   0x00000060   Code   RO         3984    .text               mc_p.l(uldiv.o)
    0x08004178   0x00000022   Code   RO         3986    .text               mc_p.l(llushr.o)
    0x0800419a   0x00000024   Code   RO         3988    .text               mc_p.l(memcpya.o)
    0x080041be   0x00000024   Code   RO         3990    .text               mc_p.l(memseta.o)
    0x080041e2   0x00000020   Code   RO         4270    .text               mc_p.l(llshl.o)
    0x08004202   0x00000002   PAD
    0x08004204   0x00000024   Code   RO         4283    .text               mc_p.l(init.o)
    0x08004228   0x00000056   Code   RO         4299    .text               mc_p.l(__dczerorl2.o)
    0x0800427e   0x00000002   PAD
    0x08004280   0x00000088   Code   RO          199    i.Auto_Lock_Task    gpio.o
    0x08004308   0x000000a4   Code   RO         3612    i.ComPack           user_protocol.o
    0x080043ac   0x0000019c   Code   RO         3613    i.ComUnpack         user_protocol.o
    0x08004548   0x00000010   Code   RO          463    i.DMA1_Channel2_3_IRQHandler  stm32f0xx_it.o
    0x08004558   0x00000024   Code   RO         1446    i.DMA_CalcBaseAndBitshift  stm32f0xx_hal_dma.o
    0x0800457c   0x00000028   Code   RO         1447    i.DMA_SetConfig     stm32f0xx_hal_dma.o
    0x080045a4   0x00000018   Code   RO          464    i.EXTI4_15_IRQHandler  stm32f0xx_it.o
    0x080045bc   0x00000004   Code   RO           12    i.Error_Handler     main.o
    0x080045c0   0x00000024   Code   RO         1867    i.FLASH_MassErase   stm32f0xx_hal_flash_ex.o
    0x080045e4   0x00000024   Code   RO         1872    i.FLASH_PageErase   stm32f0xx_hal_flash_ex.o
    0x08004608   0x00000020   Code   RO         1768    i.FLASH_Program_HalfWord  stm32f0xx_hal_flash.o
    0x08004628   0x00000038   Code   RO         1769    i.FLASH_SetErrorCode  stm32f0xx_hal_flash.o
    0x08004660   0x00000050   Code   RO         1770    i.FLASH_WaitForLastOperation  stm32f0xx_hal_flash.o
    0x080046b0   0x00000040   Code   RO         1448    i.HAL_DMA_Abort     stm32f0xx_hal_dma.o
    0x080046f0   0x00000048   Code   RO         1449    i.HAL_DMA_Abort_IT  stm32f0xx_hal_dma.o
    0x08004738   0x0000009c   Code   RO         1453    i.HAL_DMA_IRQHandler  stm32f0xx_hal_dma.o
    0x080047d4   0x00000054   Code   RO         1454    i.HAL_DMA_Init      stm32f0xx_hal_dma.o
    0x08004828   0x0000006a   Code   RO         1458    i.HAL_DMA_Start_IT  stm32f0xx_hal_dma.o
    0x08004892   0x00000002   PAD
    0x08004894   0x00000024   Code   RO          713    i.HAL_Delay         stm32f0xx_hal.o
    0x080048b8   0x000000a0   Code   RO         1873    i.HAL_FLASHEx_Erase  stm32f0xx_hal_flash_ex.o
    0x08004958   0x00000014   Code   RO         1774    i.HAL_FLASH_Lock    stm32f0xx_hal_flash.o
    0x0800496c   0x0000007c   Code   RO         1779    i.HAL_FLASH_Program  stm32f0xx_hal_flash.o
    0x080049e8   0x00000028   Code   RO         1781    i.HAL_FLASH_Unlock  stm32f0xx_hal_flash.o
    0x08004a10   0x00000054   Code   RO          200    i.HAL_GPIO_EXTI_Callback  gpio.o
    0x08004a64   0x00000018   Code   RO         1386    i.HAL_GPIO_EXTI_IRQHandler  stm32f0xx_hal_gpio.o
    0x08004a7c   0x000001a4   Code   RO         1387    i.HAL_GPIO_Init     stm32f0xx_hal_gpio.o
    0x08004c20   0x0000000a   Code   RO         1389    i.HAL_GPIO_ReadPin  stm32f0xx_hal_gpio.o
    0x08004c2a   0x0000000c   Code   RO         1391    i.HAL_GPIO_WritePin  stm32f0xx_hal_gpio.o
    0x08004c36   0x00000002   PAD
    0x08004c38   0x0000000c   Code   RO          717    i.HAL_GetTick       stm32f0xx_hal.o
    0x08004c44   0x0000000c   Code   RO          720    i.HAL_GetUIDw0      stm32f0xx_hal.o
    0x08004c50   0x0000000c   Code   RO          721    i.HAL_GetUIDw1      stm32f0xx_hal.o
    0x08004c5c   0x0000000c   Code   RO          722    i.HAL_GetUIDw2      stm32f0xx_hal.o
    0x08004c68   0x0000006c   Code   RO          555    i.HAL_IWDG_Init     stm32f0xx_hal_iwdg.o
    0x08004cd4   0x00000010   Code   RO          556    i.HAL_IWDG_Refresh  stm32f0xx_hal_iwdg.o
    0x08004ce4   0x00000010   Code   RO          723    i.HAL_IncTick       stm32f0xx_hal.o
    0x08004cf4   0x00000020   Code   RO          724    i.HAL_Init          stm32f0xx_hal.o
    0x08004d14   0x00000044   Code   RO          725    i.HAL_InitTick      stm32f0xx_hal.o
    0x08004d58   0x00000028   Code   RO          535    i.HAL_MspInit       stm32f0xx_hal_msp.o
    0x08004d80   0x00000018   Code   RO         1546    i.HAL_NVIC_EnableIRQ  stm32f0xx_hal_cortex.o
    0x08004d98   0x00000008   Code   RO         1550    i.HAL_NVIC_SetPriority  stm32f0xx_hal_cortex.o
    0x08004da0   0x0000001c   Code   RO         1551    i.HAL_NVIC_SystemReset  stm32f0xx_hal_cortex.o
    0x08004dbc   0x000000f8   Code   RO          678    i.HAL_RCCEx_PeriphCLKConfig  stm32f0xx_hal_rcc_ex.o
    0x08004eb4   0x00000108   Code   RO          582    i.HAL_RCC_ClockConfig  stm32f0xx_hal_rcc.o
    0x08004fbc   0x00000020   Code   RO          589    i.HAL_RCC_GetPCLK1Freq  stm32f0xx_hal_rcc.o
    0x08004fdc   0x00000054   Code   RO          590    i.HAL_RCC_GetSysClockFreq  stm32f0xx_hal_rcc.o
    0x08005030   0x00000388   Code   RO          593    i.HAL_RCC_OscConfig  stm32f0xx_hal_rcc.o
    0x080053b8   0x00000088   Code   RO         3373    i.HAL_RS485Ex_Init  stm32f0xx_hal_uart_ex.o
    0x08005440   0x00000030   Code   RO         1554    i.HAL_SYSTICK_Config  stm32f0xx_hal_cortex.o
    0x08005470   0x00000002   Code   RO         2718    i.HAL_TIMEx_BreakCallback  stm32f0xx_hal_tim_ex.o
    0x08005472   0x00000002   Code   RO         2719    i.HAL_TIMEx_CommutCallback  stm32f0xx_hal_tim_ex.o
    0x08005474   0x00000048   Code   RO         2018    i.HAL_TIM_Base_Init  stm32f0xx_hal_tim.o
    0x080054bc   0x00000034   Code   RO          338    i.HAL_TIM_Base_MspInit  tim.o
    0x080054f0   0x00000058   Code   RO         2023    i.HAL_TIM_Base_Start_IT  stm32f0xx_hal_tim.o
    0x08005548   0x00000002   Code   RO         2052    i.HAL_TIM_IC_CaptureCallback  stm32f0xx_hal_tim.o
    0x0800554a   0x00000128   Code   RO         2066    i.HAL_TIM_IRQHandler  stm32f0xx_hal_tim.o
    0x08005672   0x00000002   Code   RO         2069    i.HAL_TIM_OC_DelayElapsedCallback  stm32f0xx_hal_tim.o
    0x08005674   0x00000002   Code   RO         2096    i.HAL_TIM_PWM_PulseFinishedCallback  stm32f0xx_hal_tim.o
    0x08005676   0x00000002   PAD
    0x08005678   0x000000ac   Code   RO          339    i.HAL_TIM_PeriodElapsedCallback  tim.o
    0x08005724   0x00000002   Code   RO         2109    i.HAL_TIM_TriggerCallback  stm32f0xx_hal_tim.o
    0x08005726   0x0000006c   Code   RO         3378    i.HAL_UARTEx_ReceiveToIdle_DMA  stm32f0xx_hal_uart_ex.o
    0x08005792   0x00000002   PAD
    0x08005794   0x00000034   Code   RO          381    i.HAL_UARTEx_RxEventCallback  usart.o
    0x080057c8   0x00000002   Code   RO         3381    i.HAL_UARTEx_WakeupCallback  stm32f0xx_hal_uart_ex.o
    0x080057ca   0x00000002   Code   RO         3006    i.HAL_UART_ErrorCallback  stm32f0xx_hal_uart.o
    0x080057cc   0x00000006   Code   RO         3007    i.HAL_UART_GetError  stm32f0xx_hal_uart.o
    0x080057d2   0x00000002   PAD
    0x080057d4   0x000002ac   Code   RO         3009    i.HAL_UART_IRQHandler  stm32f0xx_hal_uart.o
    0x08005a80   0x0000006a   Code   RO         3010    i.HAL_UART_Init     stm32f0xx_hal_uart.o
    0x08005aea   0x00000002   PAD
    0x08005aec   0x000000dc   Code   RO          383    i.HAL_UART_MspInit  usart.o
    0x08005bc8   0x00000028   Code   RO          384    i.HAL_UART_RxCpltCallback  usart.o
    0x08005bf0   0x00000002   Code   RO         3018    i.HAL_UART_RxHalfCpltCallback  stm32f0xx_hal_uart.o
    0x08005bf2   0x000000c0   Code   RO         3019    i.HAL_UART_Transmit  stm32f0xx_hal_uart.o
    0x08005cb2   0x00000002   Code   RO         3022    i.HAL_UART_TxCpltCallback  stm32f0xx_hal_uart.o
    0x08005cb4   0x00000002   Code   RO          465    i.HardFault_Handler  stm32f0xx_it.o
    0x08005cb6   0x00000002   PAD
    0x08005cb8   0x0000003c   Code   RO           13    i.InterruptRemap    main.o
    0x08005cf4   0x00000060   Code   RO          201    i.Led_Task          gpio.o
    0x08005d54   0x00000028   Code   RO          285    i.MX_DMA_Init       dma.o
    0x08005d7c   0x0000008c   Code   RO          202    i.MX_GPIO_Init      gpio.o
    0x08005e08   0x0000002c   Code   RO          305    i.MX_IWDG_Init      iwdg.o
    0x08005e34   0x00000010   Code   RO          306    i.MX_IWDG_Refresh   iwdg.o
    0x08005e44   0x0000003c   Code   RO          340    i.MX_TIM14_Init     tim.o
    0x08005e80   0x0000005c   Code   RO          385    i.MX_USART1_UART_Init  usart.o
    0x08005edc   0x00000038   Code   RO          386    i.MX_USART2_UART_Init  usart.o
    0x08005f14   0x0000006c   Code   RO          203    i.MotorTask         gpio.o
    0x08005f80   0x00000002   Code   RO          466    i.NMI_Handler       stm32f0xx_it.o
    0x08005f82   0x00000002   Code   RO          467    i.PendSV_Handler    stm32f0xx_it.o
    0x08005f84   0x00000002   Code   RO          468    i.SVC_Handler       stm32f0xx_it.o
    0x08005f86   0x00000008   Code   RO          469    i.SysTick_Handler   stm32f0xx_it.o
    0x08005f8e   0x0000007c   Code   RO           14    i.SystemClock_Config  main.o
    0x0800600a   0x00000002   Code   RO         3447    i.SystemInit        system_stm32f0xx.o
    0x0800600c   0x00000010   Code   RO          470    i.TIM14_IRQHandler  stm32f0xx_it.o
    0x0800601c   0x000000a4   Code   RO         2111    i.TIM_Base_SetConfig  stm32f0xx_hal_tim.o
    0x080060c0   0x000000ca   Code   RO         3024    i.UART_AdvFeatureConfig  stm32f0xx_hal_uart.o
    0x0800618a   0x00000002   PAD
    0x0800618c   0x000000c4   Code   RO         3025    i.UART_CheckIdleState  stm32f0xx_hal_uart.o
    0x08006250   0x00000014   Code   RO         3026    i.UART_DMAAbortOnError  stm32f0xx_hal_uart.o
    0x08006264   0x0000004c   Code   RO         3027    i.UART_DMAError     stm32f0xx_hal_uart.o
    0x080062b0   0x00000098   Code   RO         3028    i.UART_DMAReceiveCplt  stm32f0xx_hal_uart.o
    0x08006348   0x00000020   Code   RO         3030    i.UART_DMARxHalfCplt  stm32f0xx_hal_uart.o
    0x08006368   0x00000060   Code   RO         3036    i.UART_EndRxTransfer  stm32f0xx_hal_uart.o
    0x080063c8   0x00000020   Code   RO         3037    i.UART_EndTxTransfer  stm32f0xx_hal_uart.o
    0x080063e8   0x00000130   Code   RO         3040    i.UART_SetConfig    stm32f0xx_hal_uart.o
    0x08006518   0x000000ac   Code   RO         3041    i.UART_Start_Receive_DMA  stm32f0xx_hal_uart.o
    0x080065c4   0x00000096   Code   RO         3045    i.UART_WaitOnFlagUntilTimeout  stm32f0xx_hal_uart.o
    0x0800665a   0x00000002   PAD
    0x0800665c   0x00000010   Code   RO          471    i.USART1_IRQHandler  stm32f0xx_it.o
    0x0800666c   0x00000020   Code   RO         4201    i.__0printf$8       mc_p.l(printf8.o)
    0x0800668c   0x00000030   Code   RO          668    i.__ARM_common_ll_muluu  stm32f0xx_hal_rcc.o
    0x080066bc   0x00000044   Code   RO         1556    i.__NVIC_SetPriority  stm32f0xx_hal_cortex.o
    0x08006700   0x0000000e   Code   RO         4293    i.__scatterload_copy  mc_p.l(handlers.o)
    0x0800670e   0x00000002   Code   RO         4294    i.__scatterload_null  mc_p.l(handlers.o)
    0x08006710   0x0000000e   Code   RO         4295    i.__scatterload_zeroinit  mc_p.l(handlers.o)
    0x0800671e   0x00000002   PAD
    0x08006720   0x00000428   Code   RO         4208    i._printf_core      mc_p.l(printf8.o)
    0x08006b48   0x00000020   Code   RO         4209    i._printf_post_padding  mc_p.l(printf8.o)
    0x08006b68   0x0000002c   Code   RO         4210    i._printf_pre_padding  mc_p.l(printf8.o)
    0x08006b94   0x00000058   Code   RO          204    i.appSetLedState    gpio.o
    0x08006bec   0x00000038   Code   RO          205    i.appSetMotorState  gpio.o
    0x08006c24   0x0000002c   Code   RO         3577    i.cal_crc16         user_crc.o
    0x08006c50   0x0000003c   Code   RO          206    i.checkGunStateTask  gpio.o
    0x08006c8c   0x0000001c   Code   RO          388    i.fputc             usart.o
    0x08006ca8   0x00000034   Code   RO          207    i.lock_state_init   gpio.o
    0x08006cdc   0x000000a8   Code   RO          208    i.lock_stop_detect  gpio.o
    0x08006d84   0x0000005c   Code   RO          209    i.lock_stop_wait_done  gpio.o
    0x08006de0   0x00000056   Code   RO           15    i.main              main.o
    0x08006e36   0x00000002   PAD
    0x08006e38   0x00000054   Code   RO         3688    i.onCmdClearUartBuffer  user_data.o
    0x08006e8c   0x00000050   Code   RO         3689    i.onCmdClrDevAlarmSetting  user_data.o
    0x08006edc   0x00000014   Code   RO         3690    i.onCmdFactoryQuery  user_data.o
    0x08006ef0   0x0000004c   Code   RO         3691    i.onCmdGetInfoByAddr  user_data.o
    0x08006f3c   0x00000050   Code   RO         3692    i.onCmdModifyBaudRate  user_data.o
    0x08006f8c   0x0000007c   Code   RO         3693    i.onCmdModifyDeviceSetting  user_data.o
    0x08007008   0x00000048   Code   RO         3694    i.onCmdQueryDeviceStatus  user_data.o
    0x08007050   0x000000cc   Code   RO         3695    i.onCmdRequestUpgrade  user_data.o
    0x0800711c   0x0000007c   Code   RO         3696    i.onCmdSetAddrByAddr  user_data.o
    0x08007198   0x000000bc   Code   RO         3697    i.onCmdSetAddrByUid  user_data.o
    0x08007254   0x00000064   Code   RO         3698    i.onCmdSetDeviceStatus  user_data.o
    0x080072b8   0x00000054   Code   RO         3699    i.onCmdSetLedFlash  user_data.o
    0x0800730c   0x00000020   Code   RO         3700    i.onReportAutoLockAlarm  user_data.o
    0x0800732c   0x00000020   Code   RO         3701    i.onReportAutoLockAlarmByGunState  user_data.o
    0x0800734c   0x00000024   Code   RO         3702    i.onReportClearDevAlarmSetting  user_data.o
    0x08007370   0x00000020   Code   RO         3703    i.onReportClearUartBuffer  user_data.o
    0x08007390   0x00000024   Code   RO         3704    i.onReportDevAlarm  user_data.o
    0x080073b4   0x00000020   Code   RO         3705    i.onReportDeviceOptResult  user_data.o
    0x080073d4   0x00000058   Code   RO         3706    i.onReportDeviceStatus  user_data.o
    0x0800742c   0x00000054   Code   RO         3707    i.onReportFactoryCmd  user_data.o
    0x08007480   0x00000064   Code   RO         3708    i.onReportGetInfoByAddr  user_data.o
    0x080074e4   0x00000024   Code   RO         3709    i.onReportGunStatus  user_data.o
    0x08007508   0x00000020   Code   RO         3710    i.onReportLockFaultAlarm  user_data.o
    0x08007528   0x000000fc   Code   RO         3711    i.onReportRequestUpgrade  user_data.o
    0x08007624   0x00000024   Code   RO         3712    i.onReportSetAddrByAddr  user_data.o
    0x08007648   0x00000050   Code   RO         3713    i.onReportSetAddrByUid  user_data.o
    0x08007698   0x00000040   Code   RO         3714    i.onReportSetDeviceResult  user_data.o
    0x080076d8   0x00000024   Code   RO         3715    i.onReportSetLedFlashStatus  user_data.o
    0x080076fc   0x0000002c   Code   RO         3716    i.onReportSingleModifyBaudRate  user_data.o
    0x08007728   0x00000128   Code   RO         3717    i.printSetting      user_data.o
    0x08007850   0x00000094   Code   RO         3718    i.sync_boot_env     user_data.o
    0x080078e4   0x00000012   Code   RO         3480    i.user_buffer_clear  user_buffer.o
    0x080078f6   0x00000002   PAD
    0x080078f8   0x00000050   Code   RO         3481    i.user_buffer_create  user_buffer.o
    0x08007948   0x00000016   Code   RO         3483    i.user_buffer_item_count  user_buffer.o
    0x0800795e   0x0000005c   Code   RO         3485    i.user_buffer_read_items  user_buffer.o
    0x080079ba   0x00000024   Code   RO         3486    i.user_buffer_release_items  user_buffer.o
    0x080079de   0x00000074   Code   RO         3488    i.user_buffer_write_items  user_buffer.o
    0x08007a52   0x00000002   PAD
    0x08007a54   0x00000030   Code   RO         3719    i.user_check_report_delay  user_data.o
    0x08007a84   0x00000138   Code   RO         3720    i.user_database_init  user_data.o
    0x08007bbc   0x000000d4   Code   RO         3721    i.user_database_save  user_data.o
    0x08007c90   0x000000cc   Code   RO         3614    i.user_event_process  user_protocol.o
    0x08007d5c   0x00000054   Code   RO          389    i.user_huart_error_check  usart.o
    0x08007db0   0x0000009c   Code   RO         3615    i.user_protocol_handle  user_protocol.o
    0x08007e4c   0x00000018   Code   RO         3616    i.user_protocol_init  user_protocol.o
    0x08007e64   0x00000014   Code   RO         3617    i.user_protocol_push_data  user_protocol.o
    0x08007e78   0x00000020   Code   RO         3618    i.user_protocol_reset_buffer  user_protocol.o
    0x08007e98   0x00000032   Code   RO         3619    i.user_protocol_send_data  user_protocol.o
    0x08007eca   0x00000002   PAD
    0x08007ecc   0x00000034   Code   RO         3723    i.user_reply_handle  user_data.o
    0x08007f00   0x0000000c   Code   RO         3620    i.user_set_clear_buffer_flag  user_protocol.o
    0x08007f0c   0x00000018   Code   RO          390    i.user_uart1_send_data  usart.o
    0x08007f24   0x000000a0   Code   RO         3724    i.user_write_flash  user_data.o
    0x08007fc4   0x00000038   Code   RO         3725    i.write_upgrade_flag  user_data.o
    0x08007ffc   0x00000018   Data   RO          392    .constdata          usart.o
    0x08008014   0x00000020   Data   RO          594    .constdata          stm32f0xx_hal_rcc.o
    0x08008034   0x00000010   Data   RO         3448    .constdata          system_stm32f0xx.o
    0x08008044   0x00000008   Data   RO         3449    .constdata          system_stm32f0xx.o
    0x0800804c   0x00000700   Data   RO         3581    .constdata          user_crc.o
    0x0800874c   0x0000001d   Data   RO         3622    .constdata          user_protocol.o
    0x08008769   0x0000010d   Data   RO         3727    .constdata          user_data.o
    0x08008876   0x00000002   PAD
    0x08008878   0x00000020   Data   RO         4291    Region$$Table       anon$$obj.o


    Execution Region RW_IRAM1 (Base: 0x200000c4, Size: 0x00000cf4, Max: 0x00001f40, ABSOLUTE, COMPRESSED[0x000000f0])

    Base Addr    Size         Type   Attr      Idx    E Section Name        Object

    0x200000c4   0x00000014   Data   RW          210    .data               gpio.o
    0x200000d8   0x00000004   Data   RW          393    .data               usart.o
    0x200000dc   0x0000000c   Data   RW          731    .data               stm32f0xx_hal.o
    0x200000e8   0x00000004   Data   RW         3450    .data               system_stm32f0xx.o
    0x200000ec   0x00000004   Data   RW         3623    .data               user_protocol.o
    0x200000f0   0x00000060   Data   RW         3728    .data               user_data.o
    0x20000150   0x00000010   Data   RW         3729    .data               user_data.o
    0x20000160   0x000000d8   Data   RW         3730    .data               user_data.o
    0x20000238   0x00000004   Data   RW         4269    .data               mc_p.l(stdout.o)
    0x2000023c   0x00000078   Zero   RW           16    .bss                main.o
    0x200002b4   0x00000010   Zero   RW          307    .bss                iwdg.o
    0x200002c4   0x00000048   Zero   RW          341    .bss                tim.o
    0x2000030c   0x000001d4   Zero   RW          391    .bss                usart.o
    0x200004e0   0x00000020   Zero   RW         1782    .bss                stm32f0xx_hal_flash.o
    0x20000500   0x00000400   Zero   RW         3491    .bss                user_buffer.o
    0x20000900   0x00000094   Zero   RW         3621    .bss                user_protocol.o
    0x20000994   0x00000020   Zero   RW         3726    .bss                user_data.o
    0x200009b4   0x00000004   PAD
    0x200009b8   0x00000400   Zero   RW            1    STACK               startup_stm32f051x8.o


==============================================================================

Image component sizes


      Code (inc. data)   RO Data    RW Data    ZI Data      Debug   Object Name

        40          4          0          0          0        690   dma.o
      1080        116          0         20          0       9662   gpio.o
        60         18          0          0         16       1037   iwdg.o
       274         12          0          0        120     340436   main.o
        28          8        188          0       1024        608   startup_stm32f051x8.o
       200         48          0         12          0       9366   stm32f0xx_hal.o
       176         34          0          0          0      10608   stm32f0xx_hal_cortex.o
       558         16          0          0          0       4702   stm32f0xx_hal_dma.o
       352         56          0          0         32       4190   stm32f0xx_hal_flash.o
       232         30          0          0          0       2829   stm32f0xx_hal_flash_ex.o
       466         30          0          0          0       2906   stm32f0xx_hal_gpio.o
       124         20          0          0          0       1711   stm32f0xx_hal_iwdg.o
        40          6          0          0          0        778   stm32f0xx_hal_msp.o
      1332         64         32          0          0       4213   stm32f0xx_hal_rcc.o
       248         12          0          0          0       1280   stm32f0xx_hal_rcc_ex.o
       628         40          0          0          0       6053   stm32f0xx_hal_tim.o
         4          0          0          0          0       1505   stm32f0xx_hal_tim_ex.o
      2426         56          0          0          0      18881   stm32f0xx_hal_uart.o
       246          4          0          0          0       2654   stm32f0xx_hal_uart_ex.o
        88         18          0          0          0       3781   stm32f0xx_it.o
         2          0         24          4          0       1047   system_stm32f0xx.o
       284         28          0          0         72       2040   tim.o
       596        102         24          4        468       4814   usart.o
       364         24          0          0       1024       4717   user_buffer.o
        44          6       1792          0          0       1108   user_crc.o
      3572       1196        269        328         32      22873   user_data.o
      1074        264         29          4        148       6561   user_protocol.o

    ----------------------------------------------------------------------
     14564       2212       2392        372       2940     471050   Object Totals
         0          0         32          0          0          0   (incl. Generated)
        26          0          2          0          4          0   (incl. Padding)

    ----------------------------------------------------------------------

      Code (inc. data)   RO Data    RW Data    ZI Data      Debug   Library Member Name

        86          0          0          0          0          0   __dczerorl2.o
         0          0          0          0          0          0   entry.o
         0          0          0          0          0          0   entry10a.o
         0          0          0          0          0          0   entry11a.o
         8          4          0          0          0          0   entry2.o
         4          0          0          0          0          0   entry5.o
         0          0          0          0          0          0   entry7b.o
         0          0          0          0          0          0   entry8b.o
         8          4          0          0          0          0   entry9a.o
        30          0          0          0          0          0   handlers.o
        36          8          0          0          0         68   init.o
        32          0          0          0          0         68   llshl.o
        34          0          0          0          0         68   llushr.o
        36          0          0          0          0         60   memcpya.o
        36          0          0          0          0        100   memseta.o
      1172         52          0          0          0        324   printf8.o
         0          0          0          4          0          0   stdout.o
        44          0          0          0          0         72   uidiv.o
        96          0          0          0          0         84   uldiv.o

    ----------------------------------------------------------------------
      1628         68          0          4          0        844   Library Totals
         6          0          0          0          0          0   (incl. Padding)

    ----------------------------------------------------------------------

      Code (inc. data)   RO Data    RW Data    ZI Data      Debug   Library Name

      1622         68          0          4          0        844   mc_p.l

    ----------------------------------------------------------------------
      1628         68          0          4          0        844   Library Totals

    ----------------------------------------------------------------------

==============================================================================


      Code (inc. data)   RO Data    RW Data    ZI Data      Debug   

     16192       2280       2392        376       2940     464682   Grand Totals
     16192       2280       2392        240       2940     464682   ELF Image Totals (compressed)
     16192       2280       2392        240          0          0   ROM Totals

==============================================================================

    Total RO  Size (Code + RO Data)                18584 (  18.15kB)
    Total RW  Size (RW Data + ZI Data)              3316 (   3.24kB)
    Total ROM Size (Code + RO Data + RW Data)      18824 (  18.38kB)

==============================================================================

