<html>
<body>
<pre>
<h1>µVision Build Log</h1>
<h2>Tool Versions:</h2>
IDE-Version: ¦ÌVision V5.14.0.0
Copyright (C) 2015 ARM Ltd and ARM Germany GmbH. All rights reserved.
License Information: karl Administrator, personal, LIC=TIVNB-264GC-JJM6S-LAZ1X-DCALY-Y9JV6
 
Tool Versions:
Toolchain:       MDK-ARM Standard  Version: 5.14.0.0
Toolchain Path:  D:\Program Files (x86)\Keil_v5\ARM\ARMCC\Bin
C Compiler:      Armcc.exe V5.05 update 1 (build 106)
Assembler:       Armasm.exe V5.05 update 1 (build 106)
Linker/Locator:  ArmLink.exe V5.05 update 1 (build 106)
Library Manager: ArmAr.exe V5.05 update 1 (build 106)
Hex Converter:   FromElf.exe V5.05 update 1 (build 106)
CPU DLL:         SARMCM3.DLL V5.14.0.0
Dialog DLL:      DARMCM1.DLL V1.12.0.0
Target DLL:      STLink\ST-LINKIII-KEIL_SWO.dll V2.0.14.0_KEIL
Dialog DLL:      TARMCM1.DLL V1.9.0.0
 
<h2>Project:</h2>
E:\workspace\project\lock\lock\MDK-ARM\lock.uvprojx
Project File Date:  09/14/2023

<h2>Output:</h2>
Build target 'lock'
assembling startup_stm32f051x8.s...
compiling main.c...
compiling gpio.c...
../Core/Src/gpio.c(120): warning:  #223-D: function "user_database_save" declared implicitly
                user_database_save();
../Core/Src/gpio.c(281): warning:  #177-D: label "auto_lock_by_time" was declared but never referenced
  auto_lock_by_time:
../Core/Src/gpio.c: 2 warnings, 0 errors
compiling iwdg.c...
compiling tim.c...
compiling usart.c...
compiling stm32f0xx_it.c...
compiling stm32f0xx_hal_msp.c...
compiling stm32f0xx_hal_iwdg.c...
compiling stm32f0xx_hal_rcc.c...
compiling stm32f0xx_hal_rcc_ex.c...
compiling stm32f0xx_hal.c...
compiling stm32f0xx_hal_i2c.c...
compiling stm32f0xx_hal_i2c_ex.c...
compiling stm32f0xx_hal_gpio.c...
compiling stm32f0xx_hal_dma.c...
compiling stm32f0xx_hal_cortex.c...
compiling stm32f0xx_hal_pwr.c...
compiling stm32f0xx_hal_pwr_ex.c...
compiling stm32f0xx_hal_flash.c...
compiling stm32f0xx_hal_flash_ex.c...
compiling stm32f0xx_hal_exti.c...
compiling stm32f0xx_hal_tim.c...
compiling stm32f0xx_hal_tim_ex.c...
compiling stm32f0xx_hal_uart.c...
compiling stm32f0xx_hal_uart_ex.c...
compiling system_stm32f0xx.c...
compiling user_buffer.c...
compiling user_crc.c...
compiling user_protocol.c...
compiling user_data.c...
..\App\src\user_data.c(330): warning:  #177-D: label "out" was declared but never referenced
  out:
..\App\src\user_data.c(368): warning:  #177-D: label "out" was declared but never referenced
  out:
..\App\src\user_data.c(398): warning:  #177-D: label "out" was declared but never referenced
  out:
..\App\src\user_data.c(713): warning:  #223-D: function "memset" declared implicitly
      memset((uint8_t *)&lock, 0, sizeof(lock));
..\App\src\user_data.c: 4 warnings, 0 errors
linking...
Program Size: Code=15460 RO-data=2300 RW-data=36 ZI-data=2676  
FromELF: creating hex file...
"lock\lock.axf" - 0 Error(s), 6 Warning(s).

<h2>Software Packages used:</h2>

Package Vendor: ARM
                http://www.keil.com/pack/ARM.CMSIS.4.2.0.pack
                ARM::CMSIS:CORE:3.40.0
                CMSIS (Cortex Microcontroller Software Interface Standard)
   * Component: CORE Version: 3.40.0

<h2>Collection of Component include folders:</h2>
  E:\workspace\project\lock\lock\MDK-ARM\RTE
  D:\Program Files (x86)\Keil_v5\ARM\PACK\ARM\CMSIS\4.2.0\CMSIS\Include
  D:\Program Files (x86)\Keil_v5\ARM\PACK\Keil\STM32F0xx_DFP\2.0.0

<h2>Collection of Component Files used:</h2>

   * Component: ARM::CMSIS:CORE:3.40.0
      Source file:   CMSIS\UserCodeTemplates\ARM\ITM_Retarget.c
</pre>
</body>
</html>
