<html>
<body>
<pre>
<h1>µVision Build Log</h1>
<h2>Tool Versions:</h2>
IDE-Version: ¦ÌVision V5.14.0.0
Copyright (C) 2015 ARM Ltd and ARM Germany GmbH. All rights reserved.
License Information: Hong Karl, personal, LIC=50D7S-LYI7A-9ZPWW-QGC04-Q26WG-8QL76
 
Tool Versions:
Toolchain:       MDK-ARM Professional  Version: 5.14.0.0
Toolchain Path:  E:\Program Files (x86)\Keil_v5\ARM\ARMCC\Bin
C Compiler:      Armcc.exe V5.05 update 1 (build 106)
Assembler:       Armasm.exe V5.05 update 1 (build 106)
Linker/Locator:  ArmLink.exe V5.05 update 1 (build 106)
Library Manager: ArmAr.exe V5.05 update 1 (build 106)
Hex Converter:   FromElf.exe V5.05 update 1 (build 106)
CPU DLL:         SARMCM3.DLL V5.14.0.0
Dialog DLL:      DARMCM1.DLL V1.12.0.0
Target DLL:      STLink\ST-LINKIII-KEIL_SWO.dll V2.0.14.0_KEIL
Dialog DLL:      TARMCM1.DLL V1.9.0.0
 
<h2>Project:</h2>
F:\experience\lock\lock\MDK-ARM\lock.uvprojx
Project File Date:  09/06/2022

<h2>Output:</h2>
Build target 'lock'
compiling main.c...
compiling gpio.c...
../Core/Src/gpio.c(118): warning:  #223-D: function "user_database_save" declared implicitly
                user_database_save();
../Core/Src/gpio.c: 1 warning, 0 errors
compiling tim.c...
compiling usart.c...
compiling user_protocol.c...
compiling user_data.c...
..\App\src\user_data.c(475): warning:  #223-D: function "memset" declared implicitly
      memset((uint8_t *)&lock, 0, sizeof(lock));
..\App\src\user_data.c: 1 warning, 0 errors
linking...
Program Size: Code=13484 RO-data=2176 RW-data=28 ZI-data=2636  
FromELF: creating hex file...
"lock\lock.axf" - 0 Error(s), 2 Warning(s).

<h2>Software Packages used:</h2>

Package Vendor: ARM
                http://www.keil.com/pack/ARM.CMSIS.4.2.0.pack
                ARM::CMSIS:CORE:3.40.0
                CMSIS (Cortex Microcontroller Software Interface Standard)
   * Component: CORE Version: 3.40.0

<h2>Collection of Component include folders:</h2>
  F:\experience\lock\lock\MDK-ARM\RTE
  E:\Program Files (x86)\Keil_v5\ARM\PACK\ARM\CMSIS\4.2.0\CMSIS\Include
  E:\Program Files (x86)\Keil_v5\ARM\PACK\Keil\STM32F0xx_DFP\2.0.0

<h2>Collection of Component Files used:</h2>

   * Component: ARM::CMSIS:CORE:3.40.0
      Source file:   CMSIS\UserCodeTemplates\ARM\ITM_Retarget.c
</pre>
</body>
</html>
