Component: ARM Compiler 5.06 update 7 (build 960) Tool: armlink [4d3601]

==============================================================================

Section Cross References

    startup_stm32f051x8.o(RESET) refers to startup_stm32f051x8.o(STACK) for __initial_sp
    startup_stm32f051x8.o(RESET) refers to startup_stm32f051x8.o(.text) for Reset_Handler
    startup_stm32f051x8.o(RESET) refers to stm32f0xx_it.o(i.NMI_Handler) for NMI_Handler
    startup_stm32f051x8.o(RESET) refers to stm32f0xx_it.o(i.HardFault_Handler) for HardFault_Handler
    startup_stm32f051x8.o(RESET) refers to stm32f0xx_it.o(i.SVC_Handler) for SVC_Handler
    startup_stm32f051x8.o(RESET) refers to stm32f0xx_it.o(i.PendSV_Handler) for PendSV_Handler
    startup_stm32f051x8.o(RESET) refers to stm32f0xx_it.o(i.SysTick_Handler) for SysTick_Handler
    startup_stm32f051x8.o(RESET) refers to stm32f0xx_it.o(i.EXTI4_15_IRQHandler) for EXTI4_15_IRQHandler
    startup_stm32f051x8.o(RESET) refers to stm32f0xx_it.o(i.DMA1_Channel2_3_IRQHandler) for DMA1_Channel2_3_IRQHandler
    startup_stm32f051x8.o(RESET) refers to stm32f0xx_it.o(i.TIM14_IRQHandler) for TIM14_IRQHandler
    startup_stm32f051x8.o(RESET) refers to stm32f0xx_it.o(i.USART1_IRQHandler) for USART1_IRQHandler
    startup_stm32f051x8.o(.text) refers to system_stm32f0xx.o(i.SystemInit) for SystemInit
    startup_stm32f051x8.o(.text) refers to entry.o(.ARM.Collect$$$$00000000) for __main
    main.o(i.InterruptRemap) refers to memcpya.o(.text) for __aeabi_memcpy4
    main.o(i.Set_RDP_Level1) refers to stm32f0xx_hal_flash.o(i.HAL_FLASH_Unlock) for HAL_FLASH_Unlock
    main.o(i.Set_RDP_Level1) refers to stm32f0xx_hal_flash.o(i.HAL_FLASH_OB_Unlock) for HAL_FLASH_OB_Unlock
    main.o(i.Set_RDP_Level1) refers to stm32f0xx_hal_flash_ex.o(i.HAL_FLASHEx_OBGetConfig) for HAL_FLASHEx_OBGetConfig
    main.o(i.Set_RDP_Level1) refers to stm32f0xx_hal_flash_ex.o(i.HAL_FLASHEx_OBProgram) for HAL_FLASHEx_OBProgram
    main.o(i.Set_RDP_Level1) refers to printf8.o(i.__0printf$8) for __2printf
    main.o(i.Set_RDP_Level1) refers to stm32f0xx_hal_flash.o(i.HAL_FLASH_OB_Launch) for HAL_FLASH_OB_Launch
    main.o(i.Set_RDP_Level1) refers to stm32f0xx_hal_flash.o(i.HAL_FLASH_OB_Lock) for HAL_FLASH_OB_Lock
    main.o(i.Set_RDP_Level1) refers to stm32f0xx_hal_flash.o(i.HAL_FLASH_Lock) for HAL_FLASH_Lock
    main.o(i.Set_RDP_Level1) refers to main.o(.bss) for .bss
    main.o(i.SystemClock_Config) refers to memseta.o(.text) for __aeabi_memclr4
    main.o(i.SystemClock_Config) refers to stm32f0xx_hal_rcc.o(i.HAL_RCC_OscConfig) for HAL_RCC_OscConfig
    main.o(i.SystemClock_Config) refers to stm32f0xx_hal_rcc.o(i.HAL_RCC_ClockConfig) for HAL_RCC_ClockConfig
    main.o(i.SystemClock_Config) refers to stm32f0xx_hal_rcc_ex.o(i.HAL_RCCEx_PeriphCLKConfig) for HAL_RCCEx_PeriphCLKConfig
    main.o(i.main) refers to main.o(i.InterruptRemap) for InterruptRemap
    main.o(i.main) refers to stm32f0xx_hal.o(i.HAL_Init) for HAL_Init
    main.o(i.main) refers to user_data.o(i.user_database_init) for user_database_init
    main.o(i.main) refers to main.o(i.Set_RDP_Level1) for Set_RDP_Level1
    main.o(i.main) refers to main.o(i.SystemClock_Config) for SystemClock_Config
    main.o(i.main) refers to gpio.o(i.MX_GPIO_Init) for MX_GPIO_Init
    main.o(i.main) refers to usart.o(i.MX_USART1_UART_Init) for MX_USART1_UART_Init
    main.o(i.main) refers to usart.o(i.MX_USART2_UART_Init) for MX_USART2_UART_Init
    main.o(i.main) refers to tim.o(i.MX_TIM14_Init) for MX_TIM14_Init
    main.o(i.main) refers to iwdg.o(i.MX_IWDG_Init) for MX_IWDG_Init
    main.o(i.main) refers to user_data.o(i.printSetting) for printSetting
    main.o(i.main) refers to gpio.o(i.lock_state_init) for lock_state_init
    main.o(i.main) refers to user_data.o(i.sync_boot_env) for sync_boot_env
    main.o(i.main) refers to iwdg.o(i.MX_IWDG_Refresh) for MX_IWDG_Refresh
    main.o(i.main) refers to user_protocol.o(i.user_protocol_handle) for user_protocol_handle
    main.o(i.main) refers to gpio.o(i.MotorTask) for MotorTask
    main.o(i.main) refers to gpio.o(i.Led_Task) for Led_Task
    main.o(i.main) refers to gpio.o(i.Auto_Lock_Task) for Auto_Lock_Task
    main.o(i.main) refers to user_data.o(i.user_reply_handle) for user_reply_handle
    main.o(i.main) refers to usart.o(i.user_huart_error_check) for user_huart_error_check
    main.o(i.main) refers to gpio.o(i.lock_stop_wait_done) for lock_stop_wait_done
    gpio.o(i.Auto_Lock_Task) refers to main.o(.bss) for lock
    gpio.o(i.Auto_Lock_Task) refers to gpio.o(.data) for .data
    gpio.o(i.HAL_GPIO_EXTI_Callback) refers to stm32f0xx_hal_gpio.o(i.HAL_GPIO_ReadPin) for HAL_GPIO_ReadPin
    gpio.o(i.HAL_GPIO_EXTI_Callback) refers to gpio.o(i.lock_stop_detect) for lock_stop_detect
    gpio.o(i.HAL_GPIO_EXTI_Callback) refers to main.o(.bss) for lock
    gpio.o(i.HAL_GPIO_EXTI_Callback) refers to gpio.o(.data) for .data
[...]
    ..\Drivers\STM32F0xx_HAL_Driver\Src\stm32f0xx_hal_pwr_ex.c 0x00000000   Number         0  stm32f0xx_hal_pwr_ex.o ABSOLUTE
    ..\Drivers\STM32F0xx_HAL_Driver\Src\stm32f0xx_hal_rcc.c 0x00000000   Number         0  stm32f0xx_hal_rcc.o ABSOLUTE
    ..\Drivers\STM32F0xx_HAL_Driver\Src\stm32f0xx_hal_rcc_ex.c 0x00000000   Number         0  stm32f0xx_hal_rcc_ex.o ABSOLUTE
    ..\Drivers\STM32F0xx_HAL_Driver\Src\stm32f0xx_hal_tim.c 0x00000000   Number         0  stm32f0xx_hal_tim.o ABSOLUTE
    ..\Drivers\STM32F0xx_HAL_Driver\Src\stm32f0xx_hal_tim_ex.c 0x00000000   Number         0  stm32f0xx_hal_tim_ex.o ABSOLUTE
    ..\Drivers\STM32F0xx_HAL_Driver\Src\stm32f0xx_hal_uart.c 0x00000000   Number         0  stm32f0xx_hal_uart.o ABSOLUTE
    ..\Drivers\STM32F0xx_HAL_Driver\Src\stm32f0xx_hal_uart_ex.c 0x00000000   Number         0  stm32f0xx_hal_uart_ex.o ABSOLUTE
    ..\Exlib\Src\flash_if.c                  0x00000000   Number         0  flash_if.o ABSOLUTE
    ..\\App\\src\\user_data.c                0x00000000   Number         0  user_data.o ABSOLUTE
    ..\\Exlib\\Src\\flash_if.c               0x00000000   Number         0  flash_if.o ABSOLUTE
    cdrcmple.s                               0x00000000   Number         0  cdrcmple.o ABSOLUTE
    dc.s                                     0x00000000   Number         0  dc.o ABSOLUTE
    handlers.s                               0x00000000   Number         0  handlers.o ABSOLUTE
    init.s                                   0x00000000   Number         0  init.o ABSOLUTE
    startup_stm32f051x8.s                    0x00000000   Number         0  startup_stm32f051x8.o ABSOLUTE
    RESET                                    0x08004000   Section      188  startup_stm32f051x8.o(RESET)
    .ARM.Collect$$$$00000000                 0x080040bc   Section        0  entry.o(.ARM.Collect$$$$00000000)
    .ARM.Collect$$$$00000001                 0x080040bc   Section        4  entry2.o(.ARM.Collect$$$$00000001)
    .ARM.Collect$$$$00000004                 0x080040c0   Section        4  entry5.o(.ARM.Collect$$$$00000004)
    .ARM.Collect$$$$00000008                 0x080040c4   Section        0  entry7b.o(.ARM.Collect$$$$00000008)
    .ARM.Collect$$$$0000000A                 0x080040c4   Section        0  entry8b.o(.ARM.Collect$$$$0000000A)
    .ARM.Collect$$$$0000000B                 0x080040c4   Section        8  entry9a.o(.ARM.Collect$$$$0000000B)
    .ARM.Collect$$$$0000000E                 0x080040cc   Section        4  entry12b.o(.ARM.Collect$$$$0000000E)
    .ARM.Collect$$$$0000000F                 0x080040d0   Section        0  entry10a.o(.ARM.Collect$$$$0000000F)
    .ARM.Collect$$$$00000011                 0x080040d0   Section        0  entry11a.o(.ARM.Collect$$$$00000011)
    .ARM.Collect$$$$00002712                 0x080040d0   Section        4  entry2.o(.ARM.Collect$$$$00002712)
    __lit__00000000                          0x080040d0   Data           4  entry2.o(.ARM.Collect$$$$00002712)
    .text                                    0x080040d4   Section       28  startup_stm32f051x8.o(.text)
    .text                                    0x080040f0   Section        0  uidiv.o(.text)
    .text                                    0x0800411c   Section        0  uldiv.o(.text)
    .text                                    0x0800417c   Section        0  llushr.o(.text)
    .text                                    0x0800419e   Section        0  memcpya.o(.text)
    .text                                    0x080041c2   Section        0  memseta.o(.text)
    .text                                    0x080041e6   Section        0  llshl.o(.text)
    .text                                    0x08004208   Section       36  init.o(.text)
    .text                                    0x0800422c   Section        0  __dczerorl2.o(.text)
    i.Auto_Lock_Task                         0x08004284   Section        0  gpio.o(i.Auto_Lock_Task)
    i.ComPack                                0x0800430c   Section        0  user_protocol.o(i.ComPack)
    i.ComUnpack                              0x080043b0   Section        0  user_protocol.o(i.ComUnpack)
    i.DMA1_Channel2_3_IRQHandler             0x0800454c   Section        0  stm32f0xx_it.o(i.DMA1_Channel2_3_IRQHandler)
    i.EXTI4_15_IRQHandler                    0x0800454e   Section        0  stm32f0xx_it.o(i.EXTI4_15_IRQHandler)
    i.Error_Handler                          0x08004566   Section        0  main.o(i.Error_Handler)
    i.FLASH_MassErase                        0x0800456c   Section        0  stm32f0xx_hal_flash_ex.o(i.FLASH_MassErase)
    FLASH_MassErase                          0x0800456d   Thumb Code    26  stm32f0xx_hal_flash_ex.o(i.FLASH_MassErase)
    i.FLASH_OB_DisableWRP                    0x08004590   Section        0  stm32f0xx_hal_flash_ex.o(i.FLASH_OB_DisableWRP)
    FLASH_OB_DisableWRP                      0x08004591   Thumb Code    92  stm32f0xx_hal_flash_ex.o(i.FLASH_OB_DisableWRP)
    i.FLASH_OB_EnableWRP                     0x080045fc   Section        0  stm32f0xx_hal_flash_ex.o(i.FLASH_OB_EnableWRP)
    FLASH_OB_EnableWRP                       0x080045fd   Thumb Code    92  stm32f0xx_hal_flash_ex.o(i.FLASH_OB_EnableWRP)
    i.FLASH_OB_GetRDP                        0x08004668   Section        0  stm32f0xx_hal_flash_ex.o(i.FLASH_OB_GetRDP)
    FLASH_OB_GetRDP                          0x08004669   Thumb Code    26  stm32f0xx_hal_flash_ex.o(i.FLASH_OB_GetRDP)
    i.FLASH_OB_RDP_LevelConfig               0x08004688   Section        0  stm32f0xx_hal_flash_ex.o(i.FLASH_OB_RDP_LevelConfig)
    FLASH_OB_RDP_LevelConfig                 0x08004689   Thumb Code    80  stm32f0xx_hal_flash_ex.o(i.FLASH_OB_RDP_LevelConfig)
    i.FLASH_PageErase                        0x080046e8   Section        0  stm32f0xx_hal_flash_ex.o(i.FLASH_PageErase)
    i.FLASH_Program_HalfWord                 0x0800470c   Section        0  stm32f0xx_hal_flash.o(i.FLASH_Program_HalfWord)
    FLASH_Program_HalfWord                   0x0800470d   Thumb Code    22  stm32f0xx_hal_flash.o(i.FLASH_Program_HalfWord)
    i.FLASH_SetErrorCode                     0x0800472c   Section        0  stm32f0xx_hal_flash.o(i.FLASH_SetErrorCode)
    FLASH_SetErrorCode                       0x0800472d   Thumb Code    46  stm32f0xx_hal_flash.o(i.FLASH_SetErrorCode)
    i.FLASH_WaitForLastOperation             0x08004764   Section        0  stm32f0xx_hal_flash.o(i.FLASH_WaitForLastOperation)
    i.HAL_DMA_Abort                          0x080047b4   Section        0  stm32f0xx_hal_dma.o(i.HAL_DMA_Abort)
    i.HAL_DMA_Abort_IT                       0x080047f4   Section        0  stm32f0xx_hal_dma.o(i.HAL_DMA_Abort_IT)
    i.HAL_Delay                              0x0800483c   Section        0  stm32f0xx_hal.o(i.HAL_Delay)
    i.HAL_FLASHEx_Erase                      0x08004860   Section        0  stm32f0xx_hal_flash_ex.o(i.HAL_FLASHEx_Erase)
    i.HAL_FLASHEx_OBErase                    0x08004900   Section        0  stm32f0xx_hal_flash_ex.o(i.HAL_FLASHEx_OBErase)
    i.HAL_FLASHEx_OBGetConfig                0x08004950   Section        0  stm32f0xx_hal_flash_ex.o(i.HAL_FLASHEx_OBGetConfig)
    i.HAL_FLASHEx_OBProgram                  0x08004974   Section        0  stm32f0xx_hal_flash_ex.o(i.HAL_FLASHEx_OBProgram)
    i.HAL_FLASH_Lock                         0x08004a40   Section        0  stm32f0xx_hal_flash.o(i.HAL_FLASH_Lock)
    i.HAL_FLASH_OB_Launch                    0x08004a54   Section        0  stm32f0xx_hal_flash.o(i.HAL_FLASH_OB_Launch)
    i.HAL_FLASH_OB_Lock                      0x08004a74   Section        0  stm32f0xx_hal_flash.o(i.HAL_FLASH_OB_Lock)
    i.HAL_FLASH_OB_Unlock                    0x08004a88   Section        0  stm32f0xx_hal_flash.o(i.HAL_FLASH_OB_Unlock)
    i.HAL_FLASH_Program                      0x08004aac   Section        0  stm32f0xx_hal_flash.o(i.HAL_FLASH_Program)
    i.HAL_FLASH_Unlock                       0x08004b28   Section        0  stm32f0xx_hal_flash.o(i.HAL_FLASH_Unlock)
    i.HAL_GPIO_EXTI_Callback                 0x08004b50   Section        0  gpio.o(i.HAL_GPIO_EXTI_Callback)
    i.HAL_GPIO_EXTI_IRQHandler               0x08004ba4   Section        0  stm32f0xx_hal_gpio.o(i.HAL_GPIO_EXTI_IRQHandler)
    i.HAL_GPIO_Init                          0x08004bbc   Section        0  stm32f0xx_hal_gpio.o(i.HAL_GPIO_Init)
    i.HAL_GPIO_ReadPin                       0x08004d60   Section        0  stm32f0xx_hal_gpio.o(i.HAL_GPIO_ReadPin)
    i.HAL_GPIO_WritePin                      0x08004d6a   Section        0  stm32f0xx_hal_gpio.o(i.HAL_GPIO_WritePin)
    i.HAL_GetTick                            0x08004d78   Section        0  stm32f0xx_hal.o(i.HAL_GetTick)
    i.HAL_GetUIDw0                           0x08004d84   Section        0  stm32f0xx_hal.o(i.HAL_GetUIDw0)
    i.HAL_GetUIDw1                           0x08004d90   Section        0  stm32f0xx_hal.o(i.HAL_GetUIDw1)
    i.HAL_GetUIDw2                           0x08004d9c   Section        0  stm32f0xx_hal.o(i.HAL_GetUIDw2)
    i.HAL_IWDG_Init                          0x08004da8   Section        0  stm32f0xx_hal_iwdg.o(i.HAL_IWDG_Init)
    i.HAL_IWDG_Refresh                       0x08004e14   Section        0  stm32f0xx_hal_iwdg.o(i.HAL_IWDG_Refresh)
    i.HAL_IncTick                            0x08004e24   Section        0  stm32f0xx_hal.o(i.HAL_IncTick)
    i.HAL_Init                               0x08004e34   Section        0  stm32f0xx_hal.o(i.HAL_Init)
    i.HAL_InitTick                           0x08004e54   Section        0  stm32f0xx_hal.o(i.HAL_InitTick)
    i.HAL_MspInit                            0x08004e98   Section        0  stm32f0xx_hal_msp.o(i.HAL_MspInit)
    i.HAL_NVIC_EnableIRQ                     0x08004ec0   Section        0  stm32f0xx_hal_cortex.o(i.HAL_NVIC_EnableIRQ)
    i.HAL_NVIC_SetPriority                   0x08004ed8   Section        0  stm32f0xx_hal_cortex.o(i.HAL_NVIC_SetPriority)
    i.HAL_NVIC_SystemReset                   0x08004ee0   Section        0  stm32f0xx_hal_cortex.o(i.HAL_NVIC_SystemReset)
    i.HAL_RCCEx_PeriphCLKConfig              0x08004efc   Section        0  stm32f0xx_hal_rcc_ex.o(i.HAL_RCCEx_PeriphCLKConfig)
    i.HAL_RCC_ClockConfig                    0x08004ff4   Section        0  stm32f0xx_hal_rcc.o(i.HAL_RCC_ClockConfig)
    i.HAL_RCC_GetPCLK1Freq                   0x080050fc   Section        0  stm32f0xx_hal_rcc.o(i.HAL_RCC_GetPCLK1Freq)
    i.HAL_RCC_GetSysClockFreq                0x0800511c   Section        0  stm32f0xx_hal_rcc.o(i.HAL_RCC_GetSysClockFreq)
    i.HAL_RCC_OscConfig                      0x08005170   Section        0  stm32f0xx_hal_rcc.o(i.HAL_RCC_OscConfig)
    i.HAL_RS485Ex_Init                       0x080054f8   Section        0  stm32f0xx_hal_uart_ex.o(i.HAL_RS485Ex_Init)
    i.HAL_SYSTICK_Config                     0x08005580   Section        0  stm32f0xx_hal_cortex.o(i.HAL_SYSTICK_Config)
    i.HAL_TIMEx_BreakCallback                0x080055b0   Section        0  stm32f0xx_hal_tim_ex.o(i.HAL_TIMEx_BreakCallback)
    i.HAL_TIMEx_CommutCallback               0x080055b2   Section        0  stm32f0xx_hal_tim_ex.o(i.HAL_TIMEx_CommutCallback)
    i.HAL_TIM_Base_Init                      0x080055b4   Section        0  stm32f0xx_hal_tim.o(i.HAL_TIM_Base_Init)
    i.HAL_TIM_Base_MspInit                   0x080055fc   Section        0  tim.o(i.HAL_TIM_Base_MspInit)
    i.HAL_TIM_Base_Start_IT                  0x08005630   Section        0  stm32f0xx_hal_tim.o(i.HAL_TIM_Base_Start_IT)
    i.HAL_TIM_IC_CaptureCallback             0x08005688   Section        0  stm32f0xx_hal_tim.o(i.HAL_TIM_IC_CaptureCallback)
    i.HAL_TIM_IRQHandler                     0x0800568a   Section        0  stm32f0xx_hal_tim.o(i.HAL_TIM_IRQHandler)
    i.HAL_TIM_OC_DelayElapsedCallback        0x080057b2   Section        0  stm32f0xx_hal_tim.o(i.HAL_TIM_OC_DelayElapsedCallback)
    i.HAL_TIM_PWM_PulseFinishedCallback      0x080057b4   Section        0  stm32f0xx_hal_tim.o(i.HAL_TIM_PWM_PulseFinishedCallback)
    i.HAL_TIM_PeriodElapsedCallback          0x080057b8   Section        0  tim.o(i.HAL_TIM_PeriodElapsedCallback)
    i.HAL_TIM_TriggerCallback                0x08005864   Section        0  stm32f0xx_hal_tim.o(i.HAL_TIM_TriggerCallback)
    i.HAL_UARTEx_RxEventCallback             0x08005866   Section        0  stm32f0xx_hal_uart.o(i.HAL_UARTEx_RxEventCallback)
    i.HAL_UARTEx_WakeupCallback              0x08005868   Section        0  stm32f0xx_hal_uart_ex.o(i.HAL_UARTEx_WakeupCallback)
    i.HAL_UART_ErrorCallback                 0x0800586a   Section        0  stm32f0xx_hal_uart.o(i.HAL_UART_ErrorCallback)
    i.HAL_UART_GetError                      0x0800586c   Section        0  stm32f0xx_hal_uart.o(i.HAL_UART_GetError)
    i.HAL_UART_IRQHandler                    0x08005874   Section        0  stm32f0xx_hal_uart.o(i.HAL_UART_IRQHandler)
    i.HAL_UART_Init                          0x08005b20   Section        0  stm32f0xx_hal_uart.o(i.HAL_UART_Init)
    i.HAL_UART_MspInit                       0x08005b8c   Section        0  usart.o(i.HAL_UART_MspInit)
    i.HAL_UART_Receive_IT                    0x08005c34   Section        0  stm32f0xx_hal_uart.o(i.HAL_UART_Receive_IT)
    i.HAL_UART_RxCpltCallback                0x08005c8c   Section        0  usart.o(i.HAL_UART_RxCpltCallback)
    i.HAL_UART_Transmit                      0x08005cb8   Section        0  stm32f0xx_hal_uart.o(i.HAL_UART_Transmit)
    i.HAL_UART_TxCpltCallback                0x08005d78   Section        0  stm32f0xx_hal_uart.o(i.HAL_UART_TxCpltCallback)
    i.HardFault_Handler                      0x08005d7a   Section        0  stm32f0xx_it.o(i.HardFault_Handler)
    i.InterruptRemap                         0x08005d7c   Section        0  main.o(i.InterruptRemap)
    i.Led_Task                               0x08005dbc   Section        0  gpio.o(i.Led_Task)
    i.MX_GPIO_Init                           0x08005e1c   Section        0  gpio.o(i.MX_GPIO_Init)
    i.MX_IWDG_Init                           0x08005ea8   Section        0  iwdg.o(i.MX_IWDG_Init)
    i.MX_IWDG_Refresh                        0x08005ed4   Section        0  iwdg.o(i.MX_IWDG_Refresh)
    i.MX_TIM14_Init                          0x08005ee4   Section        0  tim.o(i.MX_TIM14_Init)
    i.MX_USART1_UART_Init                    0x08005f20   Section        0  usart.o(i.MX_USART1_UART_Init)
    i.MX_USART2_UART_Init                    0x08005f84   Section        0  usart.o(i.MX_USART2_UART_Init)
    i.MotorTask                              0x08005fc4   Section        0  gpio.o(i.MotorTask)
    i.NMI_Handler                            0x08006030   Section        0  stm32f0xx_it.o(i.NMI_Handler)
    i.PendSV_Handler                         0x08006032   Section        0  stm32f0xx_it.o(i.PendSV_Handler)
    i.SVC_Handler                            0x08006034   Section        0  stm32f0xx_it.o(i.SVC_Handler)
    i.Set_RDP_Level1                         0x08006038   Section        0  main.o(i.Set_RDP_Level1)
    i.SysTick_Handler                        0x08006094   Section        0  stm32f0xx_it.o(i.SysTick_Handler)
    i.SystemClock_Config                     0x0800609c   Section        0  main.o(i.SystemClock_Config)
    i.SystemInit                             0x08006118   Section        0  system_stm32f0xx.o(i.SystemInit)
    i.TIM14_IRQHandler                       0x0800611c   Section        0  stm32f0xx_it.o(i.TIM14_IRQHandler)
    i.TIM_Base_SetConfig                     0x0800612c   Section        0  stm32f0xx_hal_tim.o(i.TIM_Base_SetConfig)
    i.UART_AdvFeatureConfig                  0x080061d0   Section        0  stm32f0xx_hal_uart.o(i.UART_AdvFeatureConfig)
    i.UART_CheckIdleState                    0x0800629c   Section        0  stm32f0xx_hal_uart.o(i.UART_CheckIdleState)
    i.UART_DMAAbortOnError                   0x08006360   Section        0  stm32f0xx_hal_uart.o(i.UART_DMAAbortOnError)
    UART_DMAAbortOnError                     0x08006361   Thumb Code    20  stm32f0xx_hal_uart.o(i.UART_DMAAbortOnError)
    i.UART_EndRxTransfer                     0x08006374   Section        0  stm32f0xx_hal_uart.o(i.UART_EndRxTransfer)
    UART_EndRxTransfer                       0x08006375   Thumb Code    96  stm32f0xx_hal_uart.o(i.UART_EndRxTransfer)
    i.UART_RxISR_16BIT                       0x080063d4   Section        0  stm32f0xx_hal_uart.o(i.UART_RxISR_16BIT)
    UART_RxISR_16BIT                         0x080063d5   Thumb Code   206  stm32f0xx_hal_uart.o(i.UART_RxISR_16BIT)
    i.UART_RxISR_8BIT                        0x080064a2   Section        0  stm32f0xx_hal_uart.o(i.UART_RxISR_8BIT)
    UART_RxISR_8BIT                          0x080064a3   Thumb Code   206  stm32f0xx_hal_uart.o(i.UART_RxISR_8BIT)
    i.UART_SetConfig                         0x08006570   Section        0  stm32f0xx_hal_uart.o(i.UART_SetConfig)
    i.UART_Start_Receive_IT                  0x080066a0   Section        0  stm32f0xx_hal_uart.o(i.UART_Start_Receive_IT)
    i.UART_WaitOnFlagUntilTimeout            0x08006750   Section        0  stm32f0xx_hal_uart.o(i.UART_WaitOnFlagUntilTimeout)
    i.USART1_IRQHandler                      0x080067e8   Section        0  stm32f0xx_it.o(i.USART1_IRQHandler)
    i.__0printf$8                            0x080067f8   Section        0  printf8.o(i.__0printf$8)
    i.__ARM_common_ll_muluu                  0x08006818   Section        0  stm32f0xx_hal_rcc.o(i.__ARM_common_ll_muluu)
    i.__NVIC_SetPriority                     0x08006848   Section        0  stm32f0xx_hal_cortex.o(i.__NVIC_SetPriority)
    __NVIC_SetPriority                       0x08006849   Thumb Code    60  stm32f0xx_hal_cortex.o(i.__NVIC_SetPriority)
    i.__scatterload_copy                     0x0800688c   Section       14  handlers.o(i.__scatterload_copy)
    i.__scatterload_null                     0x0800689a   Section        2  handlers.o(i.__scatterload_null)
    i.__scatterload_zeroinit                 0x0800689c   Section       14  handlers.o(i.__scatterload_zeroinit)
    i._printf_core                           0x080068ac   Section        0  printf8.o(i._printf_core)
    _printf_core                             0x080068ad   Thumb Code  1020  printf8.o(i._printf_core)
    i._printf_post_padding                   0x08006cd4   Section        0  printf8.o(i._printf_post_padding)
    _printf_post_padding                     0x08006cd5   Thumb Code    32  printf8.o(i._printf_post_padding)
    i._printf_pre_padding                    0x08006cf4   Section        0  printf8.o(i._printf_pre_padding)
    _printf_pre_padding                      0x08006cf5   Thumb Code    44  printf8.o(i._printf_pre_padding)
    i.appSetLedState                         0x08006d20   Section        0  gpio.o(i.appSetLedState)
    i.appSetMotorState                       0x08006d78   Section        0  gpio.o(i.appSetMotorState)
    i.cal_crc16                              0x08006db0   Section        0  user_crc.o(i.cal_crc16)
    i.checkGunStateTask                      0x08006ddc   Section        0  gpio.o(i.checkGunStateTask)
    i.fputc                                  0x08006e18   Section        0  usart.o(i.fputc)
    i.lock_state_init                        0x08006e34   Section        0  gpio.o(i.lock_state_init)
    i.lock_stop_detect                       0x08006e68   Section        0  gpio.o(i.lock_stop_detect)
    i.lock_stop_wait_done                    0x08006f10   Section        0  gpio.o(i.lock_stop_wait_done)
    i.main                                   0x08006f6c   Section        0  main.o(i.main)
    i.onCmdClearUartBuffer                   0x08006fc4   Section        0  user_data.o(i.onCmdClearUartBuffer)
    i.onCmdClrDevAlarmSetting                0x08007018   Section        0  user_data.o(i.onCmdClrDevAlarmSetting)
    i.onCmdFactoryQuery                      0x08007068   Section        0  user_data.o(i.onCmdFactoryQuery)
    i.onCmdGetInfoByAddr                     0x0800707c   Section        0  user_data.o(i.onCmdGetInfoByAddr)
    i.onCmdModifyBaudRate                    0x080070c8   Section        0  user_data.o(i.onCmdModifyBaudRate)
    i.onCmdModifyDeviceSetting               0x08007118   Section        0  user_data.o(i.onCmdModifyDeviceSetting)
    i.onCmdQueryDeviceStatus                 0x08007194   Section        0  user_data.o(i.onCmdQueryDeviceStatus)
    i.onCmdRequestUpgrade                    0x080071dc   Section        0  user_data.o(i.onCmdRequestUpgrade)
    i.onCmdSetAddrByAddr                     0x080072a8   Section        0  user_data.o(i.onCmdSetAddrByAddr)
    i.onCmdSetAddrByUid                      0x08007324   Section        0  user_data.o(i.onCmdSetAddrByUid)
    i.onCmdSetDeviceStatus                   0x080073e0   Section        0  user_data.o(i.onCmdSetDeviceStatus)
    i.onCmdSetLedFlash                       0x08007444   Section        0  user_data.o(i.onCmdSetLedFlash)
    i.onReportAutoLockAlarm                  0x08007498   Section        0  user_data.o(i.onReportAutoLockAlarm)
    i.onReportAutoLockAlarmByGunState        0x080074b8   Section        0  user_data.o(i.onReportAutoLockAlarmByGunState)
    i.onReportClearDevAlarmSetting           0x080074d8   Section        0  user_data.o(i.onReportClearDevAlarmSetting)
    i.onReportClearUartBuffer                0x080074fc   Section        0  user_data.o(i.onReportClearUartBuffer)
    i.onReportDevAlarm                       0x0800751c   Section        0  user_data.o(i.onReportDevAlarm)
    i.onReportDeviceOptResult                0x08007540   Section        0  user_data.o(i.onReportDeviceOptResult)
    i.onReportDeviceStatus                   0x08007560   Section        0  user_data.o(i.onReportDeviceStatus)
    i.onReportFactoryCmd                     0x080075b8   Section        0  user_data.o(i.onReportFactoryCmd)
    i.onReportGetInfoByAddr                  0x0800760c   Section        0  user_data.o(i.onReportGetInfoByAddr)
    i.onReportGunStatus                      0x08007670   Section        0  user_data.o(i.onReportGunStatus)
    i.onReportLockFaultAlarm                 0x08007694   Section        0  user_data.o(i.onReportLockFaultAlarm)
    i.onReportRequestUpgrade                 0x080076b4   Section        0  user_data.o(i.onReportRequestUpgrade)
    i.onReportSetAddrByAddr                  0x080077b0   Section        0  user_data.o(i.onReportSetAddrByAddr)
    i.onReportSetAddrByUid                   0x080077d4   Section        0  user_data.o(i.onReportSetAddrByUid)
    i.onReportSetDeviceResult                0x08007824   Section        0  user_data.o(i.onReportSetDeviceResult)
    i.onReportSetLedFlashStatus              0x08007864   Section        0  user_data.o(i.onReportSetLedFlashStatus)
    i.onReportSingleModifyBaudRate           0x08007888   Section        0  user_data.o(i.onReportSingleModifyBaudRate)
    i.printSetting                           0x080078b4   Section        0  user_data.o(i.printSetting)
    i.sync_boot_env                          0x080079e0   Section        0  user_data.o(i.sync_boot_env)
    i.user_buffer_clear                      0x08007a74   Section        0  user_buffer.o(i.user_buffer_clear)
    i.user_buffer_create                     0x08007a88   Section        0  user_buffer.o(i.user_buffer_create)
    i.user_buffer_item_count                 0x08007ad8   Section        0  user_buffer.o(i.user_buffer_item_count)
    i.user_buffer_read_items                 0x08007aee   Section        0  user_buffer.o(i.user_buffer_read_items)
    i.user_buffer_release_items              0x08007b4a   Section        0  user_buffer.o(i.user_buffer_release_items)
    i.user_buffer_write_items                0x08007b6e   Section        0  user_buffer.o(i.user_buffer_write_items)
    i.user_check_report_delay                0x08007be4   Section        0  user_data.o(i.user_check_report_delay)
    i.user_database_init                     0x08007c14   Section        0  user_data.o(i.user_database_init)
    i.user_database_save                     0x08007d4c   Section        0  user_data.o(i.user_database_save)
    i.user_event_process                     0x08007e20   Section        0  user_protocol.o(i.user_event_process)
    i.user_huart_error_check                 0x08007eec   Section        0  usart.o(i.user_huart_error_check)
    i.user_protocol_handle                   0x08007f3c   Section        0  user_protocol.o(i.user_protocol_handle)
    i.user_protocol_init                     0x08007fd8   Section        0  user_protocol.o(i.user_protocol_init)
    i.user_protocol_push_data                0x08007ff0   Section        0  user_protocol.o(i.user_protocol_push_data)
    i.user_protocol_reset_buffer             0x08008004   Section        0  user_protocol.o(i.user_protocol_reset_buffer)
    i.user_protocol_send_data                0x08008024   Section        0  user_protocol.o(i.user_protocol_send_data)
    i.user_reply_handle                      0x08008058   Section        0  user_data.o(i.user_reply_handle)
    i.user_set_clear_buffer_flag             0x0800808c   Section        0  user_protocol.o(i.user_set_clear_buffer_flag)
    i.user_uart1_send_data                   0x08008098   Section        0  usart.o(i.user_uart1_send_data)
    i.user_write_flash                       0x080080b0   Section        0  user_data.o(i.user_write_flash)
    i.write_upgrade_flag                     0x08008150   Section        0  user_data.o(i.write_upgrade_flag)
    .constdata                               0x08008188   Section       24  usart.o(.constdata)
    .constdata                               0x080081a0   Section       32  stm32f0xx_hal_rcc.o(.constdata)
    aPLLMULFactorTable                       0x080081a0   Data          16  stm32f0xx_hal_rcc.o(.constdata)
    aPredivFactorTable                       0x080081b0   Data          16  stm32f0xx_hal_rcc.o(.constdata)
    .constdata                               0x080081c0   Section       16  system_stm32f0xx.o(.constdata)
    .constdata                               0x080081d0   Section        8  system_stm32f0xx.o(.constdata)
    .constdata                               0x080081d8   Section     1792  user_crc.o(.constdata)
    crc8_table                               0x080081d8   Data         256  user_crc.o(.constdata)
    crc16tab                                 0x080082d8   Data         512  user_crc.o(.constdata)
    crc32_tab                                0x080084d8   Data        1024  user_crc.o(.constdata)
    .constdata                               0x080088d8   Section       29  user_protocol.o(.constdata)
    __FUNCTION__                             0x080088d8   Data          10  user_protocol.o(.constdata)
    __FUNCTION__                             0x080088e2   Data          19  user_protocol.o(.constdata)
    .constdata                               0x080088f5   Section      269  user_data.o(.constdata)
    __FUNCTION__                             0x080088f5   Data          23  user_data.o(.constdata)
    __FUNCTION__                             0x0800890c   Data          21  user_data.o(.constdata)
    __FUNCTION__                             0x08008921   Data          25  user_data.o(.constdata)
    __FUNCTION__                             0x0800893a   Data          17  user_data.o(.constdata)
    __FUNCTION__                             0x0800894b   Data          24  user_data.o(.constdata)
    __FUNCTION__                             0x08008963   Data          20  user_data.o(.constdata)
    __FUNCTION__                             0x08008977   Data          18  user_data.o(.constdata)
    __FUNCTION__                             0x08008989   Data          19  user_data.o(.constdata)
    __FUNCTION__                             0x0800899c   Data          19  user_data.o(.constdata)
    __FUNCTION__                             0x080089af   Data          21  user_data.o(.constdata)
    __FUNCTION__                             0x080089c4   Data          20  user_data.o(.constdata)
    __FUNCTION__                             0x080089d8   Data          23  user_data.o(.constdata)
    __FUNCTION__                             0x080089ef   Data          19  user_data.o(.constdata)
    .data                                    0x20000800   Section       20  gpio.o(.data)
    lastState                                0x20000800   Data           1  gpio.o(.data)
    lastGunState                             0x20000801   Data           1  gpio.o(.data)
    oldState                                 0x20000802   Data           1  gpio.o(.data)
    auto_lock_state                          0x20000803   Data           1  gpio.o(.data)
    stLastGunState                           0x20000804   Data           1  gpio.o(.data)
    s_MotorRunningCnt                        0x20000808   Data           4  gpio.o(.data)
    lastGunState                             0x2000080c   Data           4  gpio.o(.data)
    count                                    0x20000810   Data           4  gpio.o(.data)
    .data                                    0x20000814   Section        8  usart.o(.data)
    recData                                  0x20000814   Data           1  usart.o(.data)
    errCnt                                   0x20000818   Data           4  usart.o(.data)
    .data                                    0x2000081c   Section       12  stm32f0xx_hal.o(.data)
    .data                                    0x20000828   Section        4  system_stm32f0xx.o(.data)
    .data                                    0x2000082c   Section        4  user_protocol.o(.data)
    gClearBuffer                             0x2000082c   Data           1  user_protocol.o(.data)
    size                                     0x2000082e   Data           2  user_protocol.o(.data)
    .data                                    0x20000830   Section       96  user_data.o(.data)
    .data                                    0x20000890   Section       16  user_data.o(.data)
    .data                                    0x200008a0   Section      216  user_data.o(.data)
    upgradeStatus                            0x200008a0   Data           1  user_data.o(.data)
    packetIndex                              0x200008a4   Data           4  user_data.o(.data)
    packetSize                               0x200008a8   Data           4  user_data.o(.data)
    .data                                    0x20000978   Section        4  stdout.o(.data)
    .bss                                     0x2000097c   Section      120  main.o(.bss)
    .bss                                     0x200009f4   Section       24  main.o(.bss)
    .bss                                     0x20000a0c   Section       16  iwdg.o(.bss)
    .bss                                     0x20000a1c   Section       72  tim.o(.bss)
    .bss                                     0x20000a64   Section      272  usart.o(.bss)
    .bss                                     0x20000b78   Section       32  stm32f0xx_hal_flash.o(.bss)
    .bss                                     0x20000b98   Section     1024  user_buffer.o(.bss)
    ringBuffer                               0x20000b98   Data        1024  user_buffer.o(.bss)
    .bss                                     0x20000f98   Section      148  user_protocol.o(.bss)
    buf                                      0x20000f98   Data         100  user_protocol.o(.bss)
    myRingBuffer                             0x20000ffc   Data          48  user_protocol.o(.bss)
    .bss                                     0x2000102c   Section       32  user_data.o(.bss)
    packetData                               0x2000102c   Data          32  user_data.o(.bss)
    STACK                                    0x20001050   Section     1024  startup_stm32f051x8.o(STACK)

    Global Symbols

    Symbol Name                              Value     Ov Type        Size  Object(Section)

    BuildAttributes$$THM_ISAv3M$S$PE$A:L22$X:L11$S22$IEEE1$IW$USESV6$~STKCKD$USESV7$~SHL$OSPACE$ROPI$EBA8$MICROLIB$REQ8$PRES8$EABIv2 0x00000000   Number         0  anon$$obj.o ABSOLUTE
    __ARM_use_no_argv                        0x00000000   Number         0  main.o ABSOLUTE
    _printf_a                                0x00000000   Number         0  stubs.o ABSOLUTE
    _printf_c                                0x00000000   Number         0  stubs.o ABSOLUTE
    _printf_charcount                        0x00000000   Number         0  stubs.o ABSOLUTE
    _printf_d                                0x00000000   Number         0  stubs.o ABSOLUTE
    _printf_e                                0x00000000   Number         0  stubs.o ABSOLUTE
    _printf_f                                0x00000000   Number         0  stubs.o ABSOLUTE
    _printf_flags                            0x00000000   Number         0  stubs.o ABSOLUTE
    _printf_fp_dec                           0x00000000   Number         0  stubs.o ABSOLUTE
    _printf_fp_hex                           0x00000000   Number         0  stubs.o ABSOLUTE
    _printf_g                                0x00000000   Number         0  stubs.o ABSOLUTE
    _printf_i                                0x00000000   Number         0  stubs.o ABSOLUTE
    _printf_int_dec                          0x00000000   Number         0  stubs.o ABSOLUTE
    _printf_l                                0x00000000   Number         0  stubs.o ABSOLUTE
    _printf_lc                               0x00000000   Number         0  stubs.o ABSOLUTE
    _printf_ll                               0x00000000   Number         0  stubs.o ABSOLUTE
    _printf_lld                              0x00000000   Number         0  stubs.o ABSOLUTE
    _printf_lli                              0x00000000   Number         0  stubs.o ABSOLUTE
    _printf_llo                              0x00000000   Number         0  stubs.o ABSOLUTE
    _printf_llu                              0x00000000   Number         0  stubs.o ABSOLUTE
    _printf_llx                              0x00000000   Number         0  stubs.o ABSOLUTE
    _printf_longlong_dec                     0x00000000   Number         0  stubs.o ABSOLUTE
    _printf_longlong_hex                     0x00000000   Number         0  stubs.o ABSOLUTE
    _printf_longlong_oct                     0x00000000   Number         0  stubs.o ABSOLUTE
    _printf_ls                               0x00000000   Number         0  stubs.o ABSOLUTE
    _printf_mbtowc                           0x00000000   Number         0  stubs.o ABSOLUTE
    _printf_n                                0x00000000   Number         0  stubs.o ABSOLUTE
    _printf_o                                0x00000000   Number         0  stubs.o ABSOLUTE
    _printf_p                                0x00000000   Number         0  stubs.o ABSOLUTE
    _printf_percent                          0x00000000   Number         0  stubs.o ABSOLUTE
    _printf_pre_padding                      0x00000000   Number         0  stubs.o ABSOLUTE
    _printf_return_value                     0x00000000   Number         0  stubs.o ABSOLUTE
    _printf_s                                0x00000000   Number         0  stubs.o ABSOLUTE
    _printf_sizespec                         0x00000000   Number         0  stubs.o ABSOLUTE
    _printf_str                              0x00000000   Number         0  stubs.o ABSOLUTE
    _printf_truncate_signed                  0x00000000   Number         0  stubs.o ABSOLUTE
    _printf_truncate_unsigned                0x00000000   Number         0  stubs.o ABSOLUTE
    _printf_u                                0x00000000   Number         0  stubs.o ABSOLUTE
    _printf_wc                               0x00000000   Number         0  stubs.o ABSOLUTE
    _printf_wctomb                           0x00000000   Number         0  stubs.o ABSOLUTE
    _printf_widthprec                        0x00000000   Number         0  stubs.o ABSOLUTE
    _printf_x                                0x00000000   Number         0  stubs.o ABSOLUTE
    __arm_fini_                               - Undefined Weak Reference
    __cpp_initialize__aeabi_                  - Undefined Weak Reference
    __cxa_finalize                            - Undefined Weak Reference
    _clock_init                               - Undefined Weak Reference
    _microlib_exit                            - Undefined Weak Reference
    __Vectors_Size                           0x000000bc   Number         0  startup_stm32f051x8.o ABSOLUTE
    __Vectors                                0x08004000   Data           4  startup_stm32f051x8.o(RESET)
    __Vectors_End                            0x080040bc   Data           0  startup_stm32f051x8.o(RESET)
    __main                                   0x080040bd   Thumb Code     0  entry.o(.ARM.Collect$$$$00000000)
    _main_stk                                0x080040bd   Thumb Code     0  entry2.o(.ARM.Collect$$$$00000001)
    _main_scatterload                        0x080040c1   Thumb Code     0  entry5.o(.ARM.Collect$$$$00000004)
    __main_after_scatterload                 0x080040c5   Thumb Code     0  entry5.o(.ARM.Collect$$$$00000004)
    _main_clock                              0x080040c5   Thumb Code     0  entry7b.o(.ARM.Collect$$$$00000008)
    _main_cpp_init                           0x080040c5   Thumb Code     0  entry8b.o(.ARM.Collect$$$$0000000A)
    _main_init                               0x080040c5   Thumb Code     0  entry9a.o(.ARM.Collect$$$$0000000B)
    __rt_lib_shutdown_fini                   0x080040cd   Thumb Code     0  entry12b.o(.ARM.Collect$$$$0000000E)
    __rt_final_cpp                           0x080040d1   Thumb Code     0  entry10a.o(.ARM.Collect$$$$0000000F)
    __rt_final_exit                          0x080040d1   Thumb Code     0  entry11a.o(.ARM.Collect$$$$00000011)
    Reset_Handler                            0x080040d5   Thumb Code     8  startup_stm32f051x8.o(.text)
    ADC1_COMP_IRQHandler                     0x080040e7   Thumb Code     0  startup_stm32f051x8.o(.text)
    CEC_IRQHandler                           0x080040e7   Thumb Code     0  startup_stm32f051x8.o(.text)
    DMA1_Channel1_IRQHandler                 0x080040e7   Thumb Code     0  startup_stm32f051x8.o(.text)
    DMA1_Channel4_5_IRQHandler               0x080040e7   Thumb Code     0  startup_stm32f051x8.o(.text)
    EXTI0_1_IRQHandler                       0x080040e7   Thumb Code     0  startup_stm32f051x8.o(.text)
    EXTI2_3_IRQHandler                       0x080040e7   Thumb Code     0  startup_stm32f051x8.o(.text)
    FLASH_IRQHandler                         0x080040e7   Thumb Code     0  startup_stm32f051x8.o(.text)
    I2C1_IRQHandler                          0x080040e7   Thumb Code     0  startup_stm32f051x8.o(.text)
    I2C2_IRQHandler                          0x080040e7   Thumb Code     0  startup_stm32f051x8.o(.text)
    PVD_IRQHandler                           0x080040e7   Thumb Code     0  startup_stm32f051x8.o(.text)
    RCC_IRQHandler                           0x080040e7   Thumb Code     0  startup_stm32f051x8.o(.text)
    RTC_IRQHandler                           0x080040e7   Thumb Code     0  startup_stm32f051x8.o(.text)
    SPI1_IRQHandler                          0x080040e7   Thumb Code     0  startup_stm32f051x8.o(.text)
    SPI2_IRQHandler                          0x080040e7   Thumb Code     0  startup_stm32f051x8.o(.text)
    TIM15_IRQHandler                         0x080040e7   Thumb Code     0  startup_stm32f051x8.o(.text)
    TIM16_IRQHandler                         0x080040e7   Thumb Code     0  startup_stm32f051x8.o(.text)
    TIM17_IRQHandler                         0x080040e7   Thumb Code     0  startup_stm32f051x8.o(.text)
    TIM1_BRK_UP_TRG_COM_IRQHandler           0x080040e7   Thumb Code     0  startup_stm32f051x8.o(.text)
    TIM1_CC_IRQHandler                       0x080040e7   Thumb Code     0  startup_stm32f051x8.o(.text)
    TIM2_IRQHandler                          0x080040e7   Thumb Code     0  startup_stm32f051x8.o(.text)
    TIM3_IRQHandler                          0x080040e7   Thumb Code     0  startup_stm32f051x8.o(.text)
    TIM6_DAC_IRQHandler                      0x080040e7   Thumb Code     0  startup_stm32f051x8.o(.text)
    TSC_IRQHandler                           0x080040e7   Thumb Code     0  startup_stm32f051x8.o(.text)
    USART2_IRQHandler                        0x080040e7   Thumb Code     0  startup_stm32f051x8.o(.text)
    WWDG_IRQHandler                          0x080040e7   Thumb Code     0  startup_stm32f051x8.o(.text)
    __aeabi_uidiv                            0x080040f1   Thumb Code     0  uidiv.o(.text)
    __aeabi_uidivmod                         0x080040f1   Thumb Code    44  uidiv.o(.text)
    __aeabi_uldivmod                         0x0800411d   Thumb Code    96  uldiv.o(.text)
    __aeabi_llsr                             0x0800417d   Thumb Code    34  llushr.o(.text)
    _ll_ushift_r                             0x0800417d   Thumb Code     0  llushr.o(.text)
    __aeabi_memcpy                           0x0800419f   Thumb Code    36  memcpya.o(.text)
    __aeabi_memcpy4                          0x0800419f   Thumb Code     0  memcpya.o(.text)
    __aeabi_memcpy8                          0x0800419f   Thumb Code     0  memcpya.o(.text)
    __aeabi_memset                           0x080041c3   Thumb Code    14  memseta.o(.text)
    __aeabi_memset4                          0x080041c3   Thumb Code     0  memseta.o(.text)
    __aeabi_memset8                          0x080041c3   Thumb Code     0  memseta.o(.text)
    __aeabi_memclr                           0x080041d1   Thumb Code     4  memseta.o(.text)
    __aeabi_memclr4                          0x080041d1   Thumb Code     0  memseta.o(.text)
    __aeabi_memclr8                          0x080041d1   Thumb Code     0  memseta.o(.text)
    _memset$wrapper                          0x080041d5   Thumb Code    18  memseta.o(.text)
    __aeabi_llsl                             0x080041e7   Thumb Code    32  llshl.o(.text)
    _ll_shift_l                              0x080041e7   Thumb Code     0  llshl.o(.text)
    __scatterload                            0x08004209   Thumb Code    28  init.o(.text)
    __scatterload_rt2                        0x08004209   Thumb Code     0  init.o(.text)
    __decompress                             0x0800422d   Thumb Code     0  __dczerorl2.o(.text)
    __decompress1                            0x0800422d   Thumb Code    86  __dczerorl2.o(.text)
    Auto_Lock_Task                           0x08004285   Thumb Code   128  gpio.o(i.Auto_Lock_Task)
    ComPack                                  0x0800430d   Thumb Code   164  user_protocol.o(i.ComPack)
    ComUnpack                                0x080043b1   Thumb Code   268  user_protocol.o(i.ComUnpack)
    DMA1_Channel2_3_IRQHandler               0x0800454d   Thumb Code     2  stm32f0xx_it.o(i.DMA1_Channel2_3_IRQHandler)
    EXTI4_15_IRQHandler                      0x0800454f   Thumb Code    24  stm32f0xx_it.o(i.EXTI4_15_IRQHandler)
    Error_Handler                            0x08004567   Thumb Code     4  main.o(i.Error_Handler)
    FLASH_PageErase                          0x080046e9   Thumb Code    28  stm32f0xx_hal_flash_ex.o(i.FLASH_PageErase)
    FLASH_WaitForLastOperation               0x08004765   Thumb Code    76  stm32f0xx_hal_flash.o(i.FLASH_WaitForLastOperation)
    HAL_DMA_Abort                            0x080047b5   Thumb Code    64  stm32f0xx_hal_dma.o(i.HAL_DMA_Abort)
    HAL_DMA_Abort_IT                         0x080047f5   Thumb Code    72  stm32f0xx_hal_dma.o(i.HAL_DMA_Abort_IT)
    HAL_Delay                                0x0800483d   Thumb Code    32  stm32f0xx_hal.o(i.HAL_Delay)
    HAL_FLASHEx_Erase                        0x08004861   Thumb Code   148  stm32f0xx_hal_flash_ex.o(i.HAL_FLASHEx_Erase)
    HAL_FLASHEx_OBErase                      0x08004901   Thumb Code    66  stm32f0xx_hal_flash_ex.o(i.HAL_FLASHEx_OBErase)
    HAL_FLASHEx_OBGetConfig                  0x08004951   Thumb Code    32  stm32f0xx_hal_flash_ex.o(i.HAL_FLASHEx_OBGetConfig)
    HAL_FLASHEx_OBProgram                    0x08004975   Thumb Code   186  stm32f0xx_hal_flash_ex.o(i.HAL_FLASHEx_OBProgram)
    HAL_FLASH_Lock                           0x08004a41   Thumb Code    14  stm32f0xx_hal_flash.o(i.HAL_FLASH_Lock)
    HAL_FLASH_OB_Launch                      0x08004a55   Thumb Code    22  stm32f0xx_hal_flash.o(i.HAL_FLASH_OB_Launch)
    HAL_FLASH_OB_Lock                        0x08004a75   Thumb Code    14  stm32f0xx_hal_flash.o(i.HAL_FLASH_OB_Lock)
    HAL_FLASH_OB_Unlock                      0x08004a89   Thumb Code    24  stm32f0xx_hal_flash.o(i.HAL_FLASH_OB_Unlock)
    HAL_FLASH_Program                        0x08004aad   Thumb Code   110  stm32f0xx_hal_flash.o(i.HAL_FLASH_Program)
    HAL_FLASH_Unlock                         0x08004b29   Thumb Code    28  stm32f0xx_hal_flash.o(i.HAL_FLASH_Unlock)
    HAL_GPIO_EXTI_Callback                   0x08004b51   Thumb Code    70  gpio.o(i.HAL_GPIO_EXTI_Callback)
    HAL_GPIO_EXTI_IRQHandler                 0x08004ba5   Thumb Code    18  stm32f0xx_hal_gpio.o(i.HAL_GPIO_EXTI_IRQHandler)
    HAL_GPIO_Init                            0x08004bbd   Thumb Code   396  stm32f0xx_hal_gpio.o(i.HAL_GPIO_Init)
    HAL_GPIO_ReadPin                         0x08004d61   Thumb Code    10  stm32f0xx_hal_gpio.o(i.HAL_GPIO_ReadPin)
    HAL_GPIO_WritePin                        0x08004d6b   Thumb Code    12  stm32f0xx_hal_gpio.o(i.HAL_GPIO_WritePin)
    HAL_GetTick                              0x08004d79   Thumb Code     6  stm32f0xx_hal.o(i.HAL_GetTick)
    HAL_GetUIDw0                             0x08004d85   Thumb Code     6  stm32f0xx_hal.o(i.HAL_GetUIDw0)
    HAL_GetUIDw1                             0x08004d91   Thumb Code     6  stm32f0xx_hal.o(i.HAL_GetUIDw1)
    HAL_GetUIDw2                             0x08004d9d   Thumb Code     6  stm32f0xx_hal.o(i.HAL_GetUIDw2)
    HAL_IWDG_Init                            0x08004da9   Thumb Code    94  stm32f0xx_hal_iwdg.o(i.HAL_IWDG_Init)
    HAL_IWDG_Refresh                         0x08004e15   Thumb Code    10  stm32f0xx_hal_iwdg.o(i.HAL_IWDG_Refresh)
    HAL_IncTick                              0x08004e25   Thumb Code    12  stm32f0xx_hal.o(i.HAL_IncTick)
    HAL_Init                                 0x08004e35   Thumb Code    26  stm32f0xx_hal.o(i.HAL_Init)
    HAL_InitTick                             0x08004e55   Thumb Code    58  stm32f0xx_hal.o(i.HAL_InitTick)
    HAL_MspInit                              0x08004e99   Thumb Code    34  stm32f0xx_hal_msp.o(i.HAL_MspInit)
    HAL_NVIC_EnableIRQ                       0x08004ec1   Thumb Code    18  stm32f0xx_hal_cortex.o(i.HAL_NVIC_EnableIRQ)
    HAL_NVIC_SetPriority                     0x08004ed9   Thumb Code     8  stm32f0xx_hal_cortex.o(i.HAL_NVIC_SetPriority)
    HAL_NVIC_SystemReset                     0x08004ee1   Thumb Code    18  stm32f0xx_hal_cortex.o(i.HAL_NVIC_SystemReset)
    HAL_RCCEx_PeriphCLKConfig                0x08004efd   Thumb Code   236  stm32f0xx_hal_rcc_ex.o(i.HAL_RCCEx_PeriphCLKConfig)
    HAL_RCC_ClockConfig                      0x08004ff5   Thumb Code   242  stm32f0xx_hal_rcc.o(i.HAL_RCC_ClockConfig)
    HAL_RCC_GetPCLK1Freq                     0x080050fd   Thumb Code    20  stm32f0xx_hal_rcc.o(i.HAL_RCC_GetPCLK1Freq)
    HAL_RCC_GetSysClockFreq                  0x0800511d   Thumb Code    68  stm32f0xx_hal_rcc.o(i.HAL_RCC_GetSysClockFreq)
    HAL_RCC_OscConfig                        0x08005171   Thumb Code   890  stm32f0xx_hal_rcc.o(i.HAL_RCC_OscConfig)
    HAL_RS485Ex_Init                         0x080054f9   Thumb Code   132  stm32f0xx_hal_uart_ex.o(i.HAL_RS485Ex_Init)
    HAL_SYSTICK_Config                       0x08005581   Thumb Code    38  stm32f0xx_hal_cortex.o(i.HAL_SYSTICK_Config)
    HAL_TIMEx_BreakCallback                  0x080055b1   Thumb Code     2  stm32f0xx_hal_tim_ex.o(i.HAL_TIMEx_BreakCallback)
    HAL_TIMEx_CommutCallback                 0x080055b3   Thumb Code     2  stm32f0xx_hal_tim_ex.o(i.HAL_TIMEx_CommutCallback)
    HAL_TIM_Base_Init                        0x080055b5   Thumb Code    72  stm32f0xx_hal_tim.o(i.HAL_TIM_Base_Init)
    HAL_TIM_Base_MspInit                     0x080055fd   Thumb Code    44  tim.o(i.HAL_TIM_Base_MspInit)
    HAL_TIM_Base_Start_IT                    0x08005631   Thumb Code    74  stm32f0xx_hal_tim.o(i.HAL_TIM_Base_Start_IT)
    HAL_TIM_IC_CaptureCallback               0x08005689   Thumb Code     2  stm32f0xx_hal_tim.o(i.HAL_TIM_IC_CaptureCallback)
    HAL_TIM_IRQHandler                       0x0800568b   Thumb Code   296  stm32f0xx_hal_tim.o(i.HAL_TIM_IRQHandler)
    HAL_TIM_OC_DelayElapsedCallback          0x080057b3   Thumb Code     2  stm32f0xx_hal_tim.o(i.HAL_TIM_OC_DelayElapsedCallback)
    HAL_TIM_PWM_PulseFinishedCallback        0x080057b5   Thumb Code     2  stm32f0xx_hal_tim.o(i.HAL_TIM_PWM_PulseFinishedCallback)
    HAL_TIM_PeriodElapsedCallback            0x080057b9   Thumb Code   164  tim.o(i.HAL_TIM_PeriodElapsedCallback)
    HAL_TIM_TriggerCallback                  0x08005865   Thumb Code     2  stm32f0xx_hal_tim.o(i.HAL_TIM_TriggerCallback)
    HAL_UARTEx_RxEventCallback               0x08005867   Thumb Code     2  stm32f0xx_hal_uart.o(i.HAL_UARTEx_RxEventCallback)
    HAL_UARTEx_WakeupCallback                0x08005869   Thumb Code     2  stm32f0xx_hal_uart_ex.o(i.HAL_UARTEx_WakeupCallback)
    HAL_UART_ErrorCallback                   0x0800586b   Thumb Code     2  stm32f0xx_hal_uart.o(i.HAL_UART_ErrorCallback)
    HAL_UART_GetError                        0x0800586d   Thumb Code     6  stm32f0xx_hal_uart.o(i.HAL_UART_GetError)
    HAL_UART_IRQHandler                      0x08005875   Thumb Code   670  stm32f0xx_hal_uart.o(i.HAL_UART_IRQHandler)
    HAL_UART_Init                            0x08005b21   Thumb Code   106  stm32f0xx_hal_uart.o(i.HAL_UART_Init)
    HAL_UART_MspInit                         0x08005b8d   Thumb Code   156  usart.o(i.HAL_UART_MspInit)
    HAL_UART_Receive_IT                      0x08005c35   Thumb Code    88  stm32f0xx_hal_uart.o(i.HAL_UART_Receive_IT)
    HAL_UART_RxCpltCallback                  0x08005c8d   Thumb Code    30  usart.o(i.HAL_UART_RxCpltCallback)
    HAL_UART_Transmit                        0x08005cb9   Thumb Code   192  stm32f0xx_hal_uart.o(i.HAL_UART_Transmit)
    HAL_UART_TxCpltCallback                  0x08005d79   Thumb Code     2  stm32f0xx_hal_uart.o(i.HAL_UART_TxCpltCallback)
    HardFault_Handler                        0x08005d7b   Thumb Code     2  stm32f0xx_it.o(i.HardFault_Handler)
    InterruptRemap                           0x08005d7d   Thumb Code    50  main.o(i.InterruptRemap)
    Led_Task                                 0x08005dbd   Thumb Code    90  gpio.o(i.Led_Task)
    MX_GPIO_Init                             0x08005e1d   Thumb Code   132  gpio.o(i.MX_GPIO_Init)
    MX_IWDG_Init                             0x08005ea9   Thumb Code    32  iwdg.o(i.MX_IWDG_Init)
    MX_IWDG_Refresh                          0x08005ed5   Thumb Code    10  iwdg.o(i.MX_IWDG_Refresh)
    MX_TIM14_Init                            0x08005ee5   Thumb Code    48  tim.o(i.MX_TIM14_Init)
    MX_USART1_UART_Init                      0x08005f21   Thumb Code    80  usart.o(i.MX_USART1_UART_Init)
    MX_USART2_UART_Init                      0x08005f85   Thumb Code    54  usart.o(i.MX_USART2_UART_Init)
    MotorTask                                0x08005fc5   Thumb Code    98  gpio.o(i.MotorTask)
    NMI_Handler                              0x08006031   Thumb Code     2  stm32f0xx_it.o(i.NMI_Handler)
    PendSV_Handler                           0x08006033   Thumb Code     2  stm32f0xx_it.o(i.PendSV_Handler)
    SVC_Handler                              0x08006035   Thumb Code     2  stm32f0xx_it.o(i.SVC_Handler)
    Set_RDP_Level1                           0x08006039   Thumb Code    62  main.o(i.Set_RDP_Level1)
    SysTick_Handler                          0x08006095   Thumb Code     8  stm32f0xx_it.o(i.SysTick_Handler)
    SystemClock_Config                       0x0800609d   Thumb Code   124  main.o(i.SystemClock_Config)
    SystemInit                               0x08006119   Thumb Code     2  system_stm32f0xx.o(i.SystemInit)
    TIM14_IRQHandler                         0x0800611d   Thumb Code    10  stm32f0xx_it.o(i.TIM14_IRQHandler)
    TIM_Base_SetConfig                       0x0800612d   Thumb Code   138  stm32f0xx_hal_tim.o(i.TIM_Base_SetConfig)
    UART_AdvFeatureConfig                    0x080061d1   Thumb Code   202  stm32f0xx_hal_uart.o(i.UART_AdvFeatureConfig)
    UART_CheckIdleState                      0x0800629d   Thumb Code   190  stm32f0xx_hal_uart.o(i.UART_CheckIdleState)
    UART_SetConfig                           0x08006571   Thumb Code   280  stm32f0xx_hal_uart.o(i.UART_SetConfig)
    UART_Start_Receive_IT                    0x080066a1   Thumb Code   164  stm32f0xx_hal_uart.o(i.UART_Start_Receive_IT)
    UART_WaitOnFlagUntilTimeout              0x08006751   Thumb Code   150  stm32f0xx_hal_uart.o(i.UART_WaitOnFlagUntilTimeout)
    USART1_IRQHandler                        0x080067e9   Thumb Code    10  stm32f0xx_it.o(i.USART1_IRQHandler)
    __0printf$8                              0x080067f9   Thumb Code    24  printf8.o(i.__0printf$8)
    __1printf$8                              0x080067f9   Thumb Code     0  printf8.o(i.__0printf$8)
    __2printf                                0x080067f9   Thumb Code     0  printf8.o(i.__0printf$8)
    __ARM_common_ll_muluu                    0x08006819   Thumb Code    48  stm32f0xx_hal_rcc.o(i.__ARM_common_ll_muluu)
    __scatterload_copy                       0x0800688d   Thumb Code    14  handlers.o(i.__scatterload_copy)
    __scatterload_null                       0x0800689b   Thumb Code     2  handlers.o(i.__scatterload_null)
    __scatterload_zeroinit                   0x0800689d   Thumb Code    14  handlers.o(i.__scatterload_zeroinit)
    appSetLedState                           0x08006d21   Thumb Code    56  gpio.o(i.appSetLedState)
    appSetMotorState                         0x08006d79   Thumb Code    52  gpio.o(i.appSetMotorState)
    cal_crc16                                0x08006db1   Thumb Code    38  user_crc.o(i.cal_crc16)
    checkGunStateTask                        0x08006ddd   Thumb Code    52  gpio.o(i.checkGunStateTask)
    fputc                                    0x08006e19   Thumb Code    18  usart.o(i.fputc)
    lock_state_init                          0x08006e35   Thumb Code    44  gpio.o(i.lock_state_init)
    lock_stop_detect                         0x08006e69   Thumb Code   160  gpio.o(i.lock_stop_detect)
    lock_stop_wait_done                      0x08006f11   Thumb Code    82  gpio.o(i.lock_stop_wait_done)
    main                                     0x08006f6d   Thumb Code    86  main.o(i.main)
    onCmdClearUartBuffer                     0x08006fc5   Thumb Code    44  user_data.o(i.onCmdClearUartBuffer)
    onCmdClrDevAlarmSetting                  0x08007019   Thumb Code    42  user_data.o(i.onCmdClrDevAlarmSetting)
    onCmdFactoryQuery                        0x08007069   Thumb Code    14  user_data.o(i.onCmdFactoryQuery)
    onCmdGetInfoByAddr                       0x0800707d   Thumb Code    36  user_data.o(i.onCmdGetInfoByAddr)
    onCmdModifyBaudRate                      0x080070c9   Thumb Code    44  user_data.o(i.onCmdModifyBaudRate)
    onCmdModifyDeviceSetting                 0x08007119   Thumb Code    90  user_data.o(i.onCmdModifyDeviceSetting)
    onCmdQueryDeviceStatus                   0x08007195   Thumb Code    36  user_data.o(i.onCmdQueryDeviceStatus)
    onCmdRequestUpgrade                      0x080071dd   Thumb Code   124  user_data.o(i.onCmdRequestUpgrade)
    onCmdSetAddrByAddr                       0x080072a9   Thumb Code    56  user_data.o(i.onCmdSetAddrByAddr)
    onCmdSetAddrByUid                        0x08007325   Thumb Code   124  user_data.o(i.onCmdSetAddrByUid)
    onCmdSetDeviceStatus                     0x080073e1   Thumb Code    64  user_data.o(i.onCmdSetDeviceStatus)
    onCmdSetLedFlash                         0x08007445   Thumb Code    46  user_data.o(i.onCmdSetLedFlash)
    onReportAutoLockAlarm                    0x08007499   Thumb Code    28  user_data.o(i.onReportAutoLockAlarm)
    onReportAutoLockAlarmByGunState          0x080074b9   Thumb Code    28  user_data.o(i.onReportAutoLockAlarmByGunState)
    onReportClearDevAlarmSetting             0x080074d9   Thumb Code    32  user_data.o(i.onReportClearDevAlarmSetting)
    onReportClearUartBuffer                  0x080074fd   Thumb Code    28  user_data.o(i.onReportClearUartBuffer)
    onReportDevAlarm                         0x0800751d   Thumb Code    32  user_data.o(i.onReportDevAlarm)
    onReportDeviceOptResult                  0x08007541   Thumb Code    28  user_data.o(i.onReportDeviceOptResult)
    onReportDeviceStatus                     0x08007561   Thumb Code    84  user_data.o(i.onReportDeviceStatus)
    onReportFactoryCmd                       0x080075b9   Thumb Code    80  user_data.o(i.onReportFactoryCmd)
    onReportGetInfoByAddr                    0x0800760d   Thumb Code    96  user_data.o(i.onReportGetInfoByAddr)
    onReportGunStatus                        0x08007671   Thumb Code    32  user_data.o(i.onReportGunStatus)
    onReportLockFaultAlarm                   0x08007695   Thumb Code    28  user_data.o(i.onReportLockFaultAlarm)
    onReportRequestUpgrade                   0x080076b5   Thumb Code   154  user_data.o(i.onReportRequestUpgrade)
    onReportSetAddrByAddr                    0x080077b1   Thumb Code    32  user_data.o(i.onReportSetAddrByAddr)
    onReportSetAddrByUid                     0x080077d5   Thumb Code    76  user_data.o(i.onReportSetAddrByUid)
    onReportSetDeviceResult                  0x08007825   Thumb Code    60  user_data.o(i.onReportSetDeviceResult)
    onReportSetLedFlashStatus                0x08007865   Thumb Code    32  user_data.o(i.onReportSetLedFlashStatus)
    onReportSingleModifyBaudRate             0x08007889   Thumb Code    40  user_data.o(i.onReportSingleModifyBaudRate)
    printSetting                             0x080078b5   Thumb Code    88  user_data.o(i.printSetting)
    sync_boot_env                            0x080079e1   Thumb Code   106  user_data.o(i.sync_boot_env)
    user_buffer_clear                        0x08007a75   Thumb Code    18  user_buffer.o(i.user_buffer_clear)
    user_buffer_create                       0x08007a89   Thumb Code    56  user_buffer.o(i.user_buffer_create)
    user_buffer_item_count                   0x08007ad9   Thumb Code    22  user_buffer.o(i.user_buffer_item_count)
    user_buffer_read_items                   0x08007aef   Thumb Code    92  user_buffer.o(i.user_buffer_read_items)
    user_buffer_release_items                0x08007b4b   Thumb Code    36  user_buffer.o(i.user_buffer_release_items)
    user_buffer_write_items                  0x08007b6f   Thumb Code   116  user_buffer.o(i.user_buffer_write_items)
    user_check_report_delay                  0x08007be5   Thumb Code    44  user_data.o(i.user_check_report_delay)
    user_database_init                       0x08007c15   Thumb Code   186  user_data.o(i.user_database_init)
    user_database_save                       0x08007d4d   Thumb Code   142  user_data.o(i.user_database_save)
    user_event_process                       0x08007e21   Thumb Code   122  user_protocol.o(i.user_event_process)
    user_huart_error_check                   0x08007eed   Thumb Code    72  usart.o(i.user_huart_error_check)
    user_protocol_handle                     0x08007f3d   Thumb Code   146  user_protocol.o(i.user_protocol_handle)
    user_protocol_init                       0x08007fd9   Thumb Code    18  user_protocol.o(i.user_protocol_init)
    user_protocol_push_data                  0x08007ff1   Thumb Code    14  user_protocol.o(i.user_protocol_push_data)
    user_protocol_reset_buffer               0x08008005   Thumb Code    22  user_protocol.o(i.user_protocol_reset_buffer)
    user_protocol_send_data                  0x08008025   Thumb Code    50  user_protocol.o(i.user_protocol_send_data)
    user_reply_handle                        0x08008059   Thumb Code    48  user_data.o(i.user_reply_handle)
    user_set_clear_buffer_flag               0x0800808d   Thumb Code     6  user_protocol.o(i.user_set_clear_buffer_flag)
    user_uart1_send_data                     0x08008099   Thumb Code    16  usart.o(i.user_uart1_send_data)
    user_write_flash                         0x080080b1   Thumb Code   112  user_data.o(i.user_write_flash)
    write_upgrade_flag                       0x08008151   Thumb Code    40  user_data.o(i.write_upgrade_flag)
    baudRate                                 0x08008188   Data          24  usart.o(.constdata)
    AHBPrescTable                            0x080081c0   Data          16  system_stm32f0xx.o(.constdata)
    APBPrescTable                            0x080081d0   Data           8  system_stm32f0xx.o(.constdata)
    Region$$Table$$Base                      0x08008a04   Number         0  anon$$obj.o(Region$$Table)
    Region$$Table$$Limit                     0x08008a24   Number         0  anon$$obj.o(Region$$Table)
    uwTickFreq                               0x2000081c   Data           1  stm32f0xx_hal.o(.data)
    uwTickPrio                               0x20000820   Data           4  stm32f0xx_hal.o(.data)
    uwTick                                   0x20000824   Data           4  stm32f0xx_hal.o(.data)
    SystemCoreClock                          0x20000828   Data           4  system_stm32f0xx.o(.data)
    query_cmd                                0x20000830   Data          96  user_data.o(.data)
    factory_query_cmd                        0x20000890   Data          16  user_data.o(.data)
    report_cmd                               0x200008ac   Data         204  user_data.o(.data)
    __stdout                                 0x20000978   Data           4  stdout.o(.data)
    lock                                     0x2000097c   Data         120  main.o(.bss)
    obInit                                   0x200009f4   Data          24  main.o(.bss)
    hiwdg                                    0x20000a0c   Data          16  iwdg.o(.bss)
    htim14                                   0x20000a1c   Data          72  tim.o(.bss)
    huart1                                   0x20000a64   Data         136  usart.o(.bss)
    huart2                                   0x20000aec   Data         136  usart.o(.bss)
    pFlash                                   0x20000b78   Data          32  stm32f0xx_hal_flash.o(.bss)
    __initial_sp                             0x20001450   Data           0  startup_stm32f051x8.o(STACK)



==============================================================================

Memory Map of the image

  Image Entry point : 0x080040bd

  Load Region LR_IROM1 (Base: 0x08004000, Size: 0x00004ba0, Max: 0x0000b000, ABSOLUTE, COMPRESSED[0x00004b14])

    Execution Region ER_IROM1 (Exec base: 0x08004000, Load base: 0x08004000, Size: 0x00004a24, Max: 0x0000b000, ABSOLUTE)

    Exec Addr    Load Addr    Size         Type   Attr      Idx    E Section Name        Object

    0x08004000   0x08004000   0x000000bc   Data   RO            3    RESET               startup_stm32f051x8.o
    0x080040bc   0x080040bc   0x00000000   Code   RO         3980  * .ARM.Collect$$$$00000000  mc_p.l(entry.o)
    0x080040bc   0x080040bc   0x00000004   Code   RO         4256    .ARM.Collect$$$$00000001  mc_p.l(entry2.o)
    0x080040c0   0x080040c0   0x00000004   Code   RO         4259    .ARM.Collect$$$$00000004  mc_p.l(entry5.o)
    0x080040c4   0x080040c4   0x00000000   Code   RO         4261    .ARM.Collect$$$$00000008  mc_p.l(entry7b.o)
    0x080040c4   0x080040c4   0x00000000   Code   RO         4263    .ARM.Collect$$$$0000000A  mc_p.l(entry8b.o)
    0x080040c4   0x080040c4   0x00000008   Code   RO         4264    .ARM.Collect$$$$0000000B  mc_p.l(entry9a.o)
    0x080040cc   0x080040cc   0x00000004   Code   RO         4271    .ARM.Collect$$$$0000000E  mc_p.l(entry12b.o)
    0x080040d0   0x080040d0   0x00000000   Code   RO         4266    .ARM.Collect$$$$0000000F  mc_p.l(entry10a.o)
    0x080040d0   0x080040d0   0x00000000   Code   RO         4268    .ARM.Collect$$$$00000011  mc_p.l(entry11a.o)
    0x080040d0   0x080040d0   0x00000004   Code   RO         4257    .ARM.Collect$$$$00002712  mc_p.l(entry2.o)
    0x080040d4   0x080040d4   0x0000001c   Code   RO            4    .text               startup_stm32f051x8.o
    0x080040f0   0x080040f0   0x0000002c   Code   RO         3983    .text               mc_p.l(uidiv.o)
    0x0800411c   0x0800411c   0x00000060   Code   RO         3985    .text               mc_p.l(uldiv.o)
    0x0800417c   0x0800417c   0x00000022   Code   RO         3987    .text               mc_p.l(llushr.o)
    0x0800419e   0x0800419e   0x00000024   Code   RO         3989    .text               mc_p.l(memcpya.o)
    0x080041c2   0x080041c2   0x00000024   Code   RO         3991    .text               mc_p.l(memseta.o)
    0x080041e6   0x080041e6   0x00000020   Code   RO         4273    .text               mc_p.l(llshl.o)
    0x08004206   0x08004206   0x00000002   PAD
    0x08004208   0x08004208   0x00000024   Code   RO         4286    .text               mc_p.l(init.o)
    0x0800422c   0x0800422c   0x00000056   Code   RO         4302    .text               mc_p.l(__dczerorl2.o)
    0x08004282   0x08004282   0x00000002   PAD
    0x08004284   0x08004284   0x00000088   Code   RO          203    i.Auto_Lock_Task    gpio.o
    0x0800430c   0x0800430c   0x000000a4   Code   RO         3613    i.ComPack           user_protocol.o
    0x080043b0   0x080043b0   0x0000019c   Code   RO         3614    i.ComUnpack         user_protocol.o
    0x0800454c   0x0800454c   0x00000002   Code   RO          464    i.DMA1_Channel2_3_IRQHandler  stm32f0xx_it.o
    0x0800454e   0x0800454e   0x00000018   Code   RO          465    i.EXTI4_15_IRQHandler  stm32f0xx_it.o
    0x08004566   0x08004566   0x00000004   Code   RO           12    i.Error_Handler     main.o
    0x0800456a   0x0800456a   0x00000002   PAD
    0x0800456c   0x0800456c   0x00000024   Code   RO         1868    i.FLASH_MassErase   stm32f0xx_hal_flash_ex.o
    0x08004590   0x08004590   0x0000006c   Code   RO         1869    i.FLASH_OB_DisableWRP  stm32f0xx_hal_flash_ex.o
    0x080045fc   0x080045fc   0x0000006c   Code   RO         1870    i.FLASH_OB_EnableWRP  stm32f0xx_hal_flash_ex.o
    0x08004668   0x08004668   0x00000020   Code   RO         1871    i.FLASH_OB_GetRDP   stm32f0xx_hal_flash_ex.o
    0x08004688   0x08004688   0x00000060   Code   RO         1872    i.FLASH_OB_RDP_LevelConfig  stm32f0xx_hal_flash_ex.o
    0x080046e8   0x080046e8   0x00000024   Code   RO         1873    i.FLASH_PageErase   stm32f0xx_hal_flash_ex.o
    0x0800470c   0x0800470c   0x00000020   Code   RO         1769    i.FLASH_Program_HalfWord  stm32f0xx_hal_flash.o
    0x0800472c   0x0800472c   0x00000038   Code   RO         1770    i.FLASH_SetErrorCode  stm32f0xx_hal_flash.o
    0x08004764   0x08004764   0x00000050   Code   RO         1771    i.FLASH_WaitForLastOperation  stm32f0xx_hal_flash.o
    0x080047b4   0x080047b4   0x00000040   Code   RO         1449    i.HAL_DMA_Abort     stm32f0xx_hal_dma.o
    0x080047f4   0x080047f4   0x00000048   Code   RO         1450    i.HAL_DMA_Abort_IT  stm32f0xx_hal_dma.o
    0x0800483c   0x0800483c   0x00000024   Code   RO          714    i.HAL_Delay         stm32f0xx_hal.o
    0x08004860   0x08004860   0x000000a0   Code   RO         1874    i.HAL_FLASHEx_Erase  stm32f0xx_hal_flash_ex.o
    0x08004900   0x08004900   0x00000050   Code   RO         1876    i.HAL_FLASHEx_OBErase  stm32f0xx_hal_flash_ex.o
    0x08004950   0x08004950   0x00000024   Code   RO         1877    i.HAL_FLASHEx_OBGetConfig  stm32f0xx_hal_flash_ex.o
    0x08004974   0x08004974   0x000000cc   Code   RO         1879    i.HAL_FLASHEx_OBProgram  stm32f0xx_hal_flash_ex.o
    0x08004a40   0x08004a40   0x00000014   Code   RO         1775    i.HAL_FLASH_Lock    stm32f0xx_hal_flash.o
    0x08004a54   0x08004a54   0x00000020   Code   RO         1776    i.HAL_FLASH_OB_Launch  stm32f0xx_hal_flash.o
    0x08004a74   0x08004a74   0x00000014   Code   RO         1777    i.HAL_FLASH_OB_Lock  stm32f0xx_hal_flash.o
    0x08004a88   0x08004a88   0x00000024   Code   RO         1778    i.HAL_FLASH_OB_Unlock  stm32f0xx_hal_flash.o
    0x08004aac   0x08004aac   0x0000007c   Code   RO         1780    i.HAL_FLASH_Program  stm32f0xx_hal_flash.o
    0x08004b28   0x08004b28   0x00000028   Code   RO         1782    i.HAL_FLASH_Unlock  stm32f0xx_hal_flash.o
    0x08004b50   0x08004b50   0x00000054   Code   RO          204    i.HAL_GPIO_EXTI_Callback  gpio.o
    0x08004ba4   0x08004ba4   0x00000018   Code   RO         1387    i.HAL_GPIO_EXTI_IRQHandler  stm32f0xx_hal_gpio.o
    0x08004bbc   0x08004bbc   0x000001a4   Code   RO         1388    i.HAL_GPIO_Init     stm32f0xx_hal_gpio.o
    0x08004d60   0x08004d60   0x0000000a   Code   RO         1390    i.HAL_GPIO_ReadPin  stm32f0xx_hal_gpio.o
    0x08004d6a   0x08004d6a   0x0000000c   Code   RO         1392    i.HAL_GPIO_WritePin  stm32f0xx_hal_gpio.o
    0x08004d76   0x08004d76   0x00000002   PAD
    0x08004d78   0x08004d78   0x0000000c   Code   RO          718    i.HAL_GetTick       stm32f0xx_hal.o
    0x08004d84   0x08004d84   0x0000000c   Code   RO          721    i.HAL_GetUIDw0      stm32f0xx_hal.o
    0x08004d90   0x08004d90   0x0000000c   Code   RO          722    i.HAL_GetUIDw1      stm32f0xx_hal.o
    0x08004d9c   0x08004d9c   0x0000000c   Code   RO          723    i.HAL_GetUIDw2      stm32f0xx_hal.o
    0x08004da8   0x08004da8   0x0000006c   Code   RO          556    i.HAL_IWDG_Init     stm32f0xx_hal_iwdg.o
    0x08004e14   0x08004e14   0x00000010   Code   RO          557    i.HAL_IWDG_Refresh  stm32f0xx_hal_iwdg.o
    0x08004e24   0x08004e24   0x00000010   Code   RO          724    i.HAL_IncTick       stm32f0xx_hal.o
    0x08004e34   0x08004e34   0x00000020   Code   RO          725    i.HAL_Init          stm32f0xx_hal.o
    0x08004e54   0x08004e54   0x00000044   Code   RO          726    i.HAL_InitTick      stm32f0xx_hal.o
    0x08004e98   0x08004e98   0x00000028   Code   RO          536    i.HAL_MspInit       stm32f0xx_hal_msp.o
    0x08004ec0   0x08004ec0   0x00000018   Code   RO         1547    i.HAL_NVIC_EnableIRQ  stm32f0xx_hal_cortex.o
    0x08004ed8   0x08004ed8   0x00000008   Code   RO         1551    i.HAL_NVIC_SetPriority  stm32f0xx_hal_cortex.o
    0x08004ee0   0x08004ee0   0x0000001c   Code   RO         1552    i.HAL_NVIC_SystemReset  stm32f0xx_hal_cortex.o
    0x08004efc   0x08004efc   0x000000f8   Code   RO          679    i.HAL_RCCEx_PeriphCLKConfig  stm32f0xx_hal_rcc_ex.o
    0x08004ff4   0x08004ff4   0x00000108   Code   RO          583    i.HAL_RCC_ClockConfig  stm32f0xx_hal_rcc.o
    0x080050fc   0x080050fc   0x00000020   Code   RO          590    i.HAL_RCC_GetPCLK1Freq  stm32f0xx_hal_rcc.o
    0x0800511c   0x0800511c   0x00000054   Code   RO          591    i.HAL_RCC_GetSysClockFreq  stm32f0xx_hal_rcc.o
    0x08005170   0x08005170   0x00000388   Code   RO          594    i.HAL_RCC_OscConfig  stm32f0xx_hal_rcc.o
    0x080054f8   0x080054f8   0x00000088   Code   RO         3374    i.HAL_RS485Ex_Init  stm32f0xx_hal_uart_ex.o
    0x08005580   0x08005580   0x00000030   Code   RO         1555    i.HAL_SYSTICK_Config  stm32f0xx_hal_cortex.o
    0x080055b0   0x080055b0   0x00000002   Code   RO         2719    i.HAL_TIMEx_BreakCallback  stm32f0xx_hal_tim_ex.o
    0x080055b2   0x080055b2   0x00000002   Code   RO         2720    i.HAL_TIMEx_CommutCallback  stm32f0xx_hal_tim_ex.o
    0x080055b4   0x080055b4   0x00000048   Code   RO         2019    i.HAL_TIM_Base_Init  stm32f0xx_hal_tim.o
    0x080055fc   0x080055fc   0x00000034   Code   RO          345    i.HAL_TIM_Base_MspInit  tim.o
    0x08005630   0x08005630   0x00000058   Code   RO         2024    i.HAL_TIM_Base_Start_IT  stm32f0xx_hal_tim.o
    0x08005688   0x08005688   0x00000002   Code   RO         2053    i.HAL_TIM_IC_CaptureCallback  stm32f0xx_hal_tim.o
    0x0800568a   0x0800568a   0x00000128   Code   RO         2067    i.HAL_TIM_IRQHandler  stm32f0xx_hal_tim.o
    0x080057b2   0x080057b2   0x00000002   Code   RO         2070    i.HAL_TIM_OC_DelayElapsedCallback  stm32f0xx_hal_tim.o
    0x080057b4   0x080057b4   0x00000002   Code   RO         2097    i.HAL_TIM_PWM_PulseFinishedCallback  stm32f0xx_hal_tim.o
    0x080057b6   0x080057b6   0x00000002   PAD
    0x080057b8   0x080057b8   0x000000ac   Code   RO          346    i.HAL_TIM_PeriodElapsedCallback  tim.o
    0x08005864   0x08005864   0x00000002   Code   RO         2110    i.HAL_TIM_TriggerCallback  stm32f0xx_hal_tim.o
    0x08005866   0x08005866   0x00000002   Code   RO         2991    i.HAL_UARTEx_RxEventCallback  stm32f0xx_hal_uart.o
    0x08005868   0x08005868   0x00000002   Code   RO         3382    i.HAL_UARTEx_WakeupCallback  stm32f0xx_hal_uart_ex.o
    0x0800586a   0x0800586a   0x00000002   Code   RO         3007    i.HAL_UART_ErrorCallback  stm32f0xx_hal_uart.o
    0x0800586c   0x0800586c   0x00000006   Code   RO         3008    i.HAL_UART_GetError  stm32f0xx_hal_uart.o
    0x08005872   0x08005872   0x00000002   PAD
    0x08005874   0x08005874   0x000002ac   Code   RO         3010    i.HAL_UART_IRQHandler  stm32f0xx_hal_uart.o
    0x08005b20   0x08005b20   0x0000006a   Code   RO         3011    i.HAL_UART_Init     stm32f0xx_hal_uart.o
    0x08005b8a   0x08005b8a   0x00000002   PAD
    0x08005b8c   0x08005b8c   0x000000a8   Code   RO          389    i.HAL_UART_MspInit  usart.o
    0x08005c34   0x08005c34   0x00000058   Code   RO         3016    i.HAL_UART_Receive_IT  stm32f0xx_hal_uart.o
    0x08005c8c   0x08005c8c   0x0000002c   Code   RO          390    i.HAL_UART_RxCpltCallback  usart.o
    0x08005cb8   0x08005cb8   0x000000c0   Code   RO         3020    i.HAL_UART_Transmit  stm32f0xx_hal_uart.o
    0x08005d78   0x08005d78   0x00000002   Code   RO         3023    i.HAL_UART_TxCpltCallback  stm32f0xx_hal_uart.o
    0x08005d7a   0x08005d7a   0x00000002   Code   RO          466    i.HardFault_Handler  stm32f0xx_it.o
    0x08005d7c   0x08005d7c   0x00000040   Code   RO           13    i.InterruptRemap    main.o
    0x08005dbc   0x08005dbc   0x00000060   Code   RO          205    i.Led_Task          gpio.o
    0x08005e1c   0x08005e1c   0x0000008c   Code   RO          206    i.MX_GPIO_Init      gpio.o
    0x08005ea8   0x08005ea8   0x0000002c   Code   RO          312    i.MX_IWDG_Init      iwdg.o
    0x08005ed4   0x08005ed4   0x00000010   Code   RO          313    i.MX_IWDG_Refresh   iwdg.o
    0x08005ee4   0x08005ee4   0x0000003c   Code   RO          347    i.MX_TIM14_Init     tim.o
    0x08005f20   0x08005f20   0x00000064   Code   RO          391    i.MX_USART1_UART_Init  usart.o
    0x08005f84   0x08005f84   0x00000040   Code   RO          392    i.MX_USART2_UART_Init  usart.o
    0x08005fc4   0x08005fc4   0x0000006c   Code   RO          207    i.MotorTask         gpio.o
    0x08006030   0x08006030   0x00000002   Code   RO          467    i.NMI_Handler       stm32f0xx_it.o
    0x08006032   0x08006032   0x00000002   Code   RO          468    i.PendSV_Handler    stm32f0xx_it.o
    0x08006034   0x08006034   0x00000002   Code   RO          469    i.SVC_Handler       stm32f0xx_it.o
    0x08006036   0x08006036   0x00000002   PAD
    0x08006038   0x08006038   0x0000005c   Code   RO           14    i.Set_RDP_Level1    main.o
    0x08006094   0x08006094   0x00000008   Code   RO          470    i.SysTick_Handler   stm32f0xx_it.o
    0x0800609c   0x0800609c   0x0000007c   Code   RO           15    i.SystemClock_Config  main.o
    0x08006118   0x08006118   0x00000002   Code   RO         3448    i.SystemInit        system_stm32f0xx.o
    0x0800611a   0x0800611a   0x00000002   PAD
    0x0800611c   0x0800611c   0x00000010   Code   RO          471    i.TIM14_IRQHandler  stm32f0xx_it.o
    0x0800612c   0x0800612c   0x000000a4   Code   RO         2112    i.TIM_Base_SetConfig  stm32f0xx_hal_tim.o
    0x080061d0   0x080061d0   0x000000ca   Code   RO         3025    i.UART_AdvFeatureConfig  stm32f0xx_hal_uart.o
    0x0800629a   0x0800629a   0x00000002   PAD
    0x0800629c   0x0800629c   0x000000c4   Code   RO         3026    i.UART_CheckIdleState  stm32f0xx_hal_uart.o
    0x08006360   0x08006360   0x00000014   Code   RO         3027    i.UART_DMAAbortOnError  stm32f0xx_hal_uart.o
    0x08006374   0x08006374   0x00000060   Code   RO         3037    i.UART_EndRxTransfer  stm32f0xx_hal_uart.o
    0x080063d4   0x080063d4   0x000000ce   Code   RO         3039    i.UART_RxISR_16BIT  stm32f0xx_hal_uart.o
    0x080064a2   0x080064a2   0x000000ce   Code   RO         3040    i.UART_RxISR_8BIT   stm32f0xx_hal_uart.o
    0x08006570   0x08006570   0x00000130   Code   RO         3041    i.UART_SetConfig    stm32f0xx_hal_uart.o
    0x080066a0   0x080066a0   0x000000b0   Code   RO         3043    i.UART_Start_Receive_IT  stm32f0xx_hal_uart.o
    0x08006750   0x08006750   0x00000096   Code   RO         3046    i.UART_WaitOnFlagUntilTimeout  stm32f0xx_hal_uart.o
    0x080067e6   0x080067e6   0x00000002   PAD
    0x080067e8   0x080067e8   0x00000010   Code   RO          472    i.USART1_IRQHandler  stm32f0xx_it.o
    0x080067f8   0x080067f8   0x00000020   Code   RO         4202    i.__0printf$8       mc_p.l(printf8.o)
    0x08006818   0x08006818   0x00000030   Code   RO          669    i.__ARM_common_ll_muluu  stm32f0xx_hal_rcc.o
    0x08006848   0x08006848   0x00000044   Code   RO         1557    i.__NVIC_SetPriority  stm32f0xx_hal_cortex.o
    0x0800688c   0x0800688c   0x0000000e   Code   RO         4296    i.__scatterload_copy  mc_p.l(handlers.o)
    0x0800689a   0x0800689a   0x00000002   Code   RO         4297    i.__scatterload_null  mc_p.l(handlers.o)
    0x0800689c   0x0800689c   0x0000000e   Code   RO         4298    i.__scatterload_zeroinit  mc_p.l(handlers.o)
    0x080068aa   0x080068aa   0x00000002   PAD
    0x080068ac   0x080068ac   0x00000428   Code   RO         4209    i._printf_core      mc_p.l(printf8.o)
    0x08006cd4   0x08006cd4   0x00000020   Code   RO         4210    i._printf_post_padding  mc_p.l(printf8.o)
    0x08006cf4   0x08006cf4   0x0000002c   Code   RO         4211    i._printf_pre_padding  mc_p.l(printf8.o)
    0x08006d20   0x08006d20   0x00000058   Code   RO          208    i.appSetLedState    gpio.o
    0x08006d78   0x08006d78   0x00000038   Code   RO          209    i.appSetMotorState  gpio.o
    0x08006db0   0x08006db0   0x0000002c   Code   RO         3578    i.cal_crc16         user_crc.o
    0x08006ddc   0x08006ddc   0x0000003c   Code   RO          210    i.checkGunStateTask  gpio.o
    0x08006e18   0x08006e18   0x0000001c   Code   RO          394    i.fputc             usart.o
    0x08006e34   0x08006e34   0x00000034   Code   RO          211    i.lock_state_init   gpio.o
    0x08006e68   0x08006e68   0x000000a8   Code   RO          212    i.lock_stop_detect  gpio.o
    0x08006f10   0x08006f10   0x0000005c   Code   RO          213    i.lock_stop_wait_done  gpio.o
    0x08006f6c   0x08006f6c   0x00000056   Code   RO           16    i.main              main.o
    0x08006fc2   0x08006fc2   0x00000002   PAD
    0x08006fc4   0x08006fc4   0x00000054   Code   RO         3689    i.onCmdClearUartBuffer  user_data.o
    0x08007018   0x08007018   0x00000050   Code   RO         3690    i.onCmdClrDevAlarmSetting  user_data.o
    0x08007068   0x08007068   0x00000014   Code   RO         3691    i.onCmdFactoryQuery  user_data.o
    0x0800707c   0x0800707c   0x0000004c   Code   RO         3692    i.onCmdGetInfoByAddr  user_data.o
    0x080070c8   0x080070c8   0x00000050   Code   RO         3693    i.onCmdModifyBaudRate  user_data.o
    0x08007118   0x08007118   0x0000007c   Code   RO         3694    i.onCmdModifyDeviceSetting  user_data.o
    0x08007194   0x08007194   0x00000048   Code   RO         3695    i.onCmdQueryDeviceStatus  user_data.o
    0x080071dc   0x080071dc   0x000000cc   Code   RO         3696    i.onCmdRequestUpgrade  user_data.o
    0x080072a8   0x080072a8   0x0000007c   Code   RO         3697    i.onCmdSetAddrByAddr  user_data.o
    0x08007324   0x08007324   0x000000bc   Code   RO         3698    i.onCmdSetAddrByUid  user_data.o
    0x080073e0   0x080073e0   0x00000064   Code   RO         3699    i.onCmdSetDeviceStatus  user_data.o
    0x08007444   0x08007444   0x00000054   Code   RO         3700    i.onCmdSetLedFlash  user_data.o
    0x08007498   0x08007498   0x00000020   Code   RO         3701    i.onReportAutoLockAlarm  user_data.o
    0x080074b8   0x080074b8   0x00000020   Code   RO         3702    i.onReportAutoLockAlarmByGunState  user_data.o
    0x080074d8   0x080074d8   0x00000024   Code   RO         3703    i.onReportClearDevAlarmSetting  user_data.o
    0x080074fc   0x080074fc   0x00000020   Code   RO         3704    i.onReportClearUartBuffer  user_data.o
    0x0800751c   0x0800751c   0x00000024   Code   RO         3705    i.onReportDevAlarm  user_data.o
    0x08007540   0x08007540   0x00000020   Code   RO         3706    i.onReportDeviceOptResult  user_data.o
    0x08007560   0x08007560   0x00000058   Code   RO         3707    i.onReportDeviceStatus  user_data.o
    0x080075b8   0x080075b8   0x00000054   Code   RO         3708    i.onReportFactoryCmd  user_data.o
    0x0800760c   0x0800760c   0x00000064   Code   RO         3709    i.onReportGetInfoByAddr  user_data.o
    0x08007670   0x08007670   0x00000024   Code   RO         3710    i.onReportGunStatus  user_data.o
    0x08007694   0x08007694   0x00000020   Code   RO         3711    i.onReportLockFaultAlarm  user_data.o
    0x080076b4   0x080076b4   0x000000fc   Code   RO         3712    i.onReportRequestUpgrade  user_data.o
    0x080077b0   0x080077b0   0x00000024   Code   RO         3713    i.onReportSetAddrByAddr  user_data.o
    0x080077d4   0x080077d4   0x00000050   Code   RO         3714    i.onReportSetAddrByUid  user_data.o
    0x08007824   0x08007824   0x00000040   Code   RO         3715    i.onReportSetDeviceResult  user_data.o
    0x08007864   0x08007864   0x00000024   Code   RO         3716    i.onReportSetLedFlashStatus  user_data.o
    0x08007888   0x08007888   0x0000002c   Code   RO         3717    i.onReportSingleModifyBaudRate  user_data.o
    0x080078b4   0x080078b4   0x0000012c   Code   RO         3718    i.printSetting      user_data.o
    0x080079e0   0x080079e0   0x00000094   Code   RO         3719    i.sync_boot_env     user_data.o
    0x08007a74   0x08007a74   0x00000012   Code   RO         3481    i.user_buffer_clear  user_buffer.o
    0x08007a86   0x08007a86   0x00000002   PAD
    0x08007a88   0x08007a88   0x00000050   Code   RO         3482    i.user_buffer_create  user_buffer.o
    0x08007ad8   0x08007ad8   0x00000016   Code   RO         3484    i.user_buffer_item_count  user_buffer.o
    0x08007aee   0x08007aee   0x0000005c   Code   RO         3486    i.user_buffer_read_items  user_buffer.o
    0x08007b4a   0x08007b4a   0x00000024   Code   RO         3487    i.user_buffer_release_items  user_buffer.o
    0x08007b6e   0x08007b6e   0x00000074   Code   RO         3489    i.user_buffer_write_items  user_buffer.o
    0x08007be2   0x08007be2   0x00000002   PAD
    0x08007be4   0x08007be4   0x00000030   Code   RO         3720    i.user_check_report_delay  user_data.o
    0x08007c14   0x08007c14   0x00000138   Code   RO         3721    i.user_database_init  user_data.o
    0x08007d4c   0x08007d4c   0x000000d4   Code   RO         3722    i.user_database_save  user_data.o
    0x08007e20   0x08007e20   0x000000cc   Code   RO         3615    i.user_event_process  user_protocol.o
    0x08007eec   0x08007eec   0x00000050   Code   RO          395    i.user_huart_error_check  usart.o
    0x08007f3c   0x08007f3c   0x0000009c   Code   RO         3616    i.user_protocol_handle  user_protocol.o
    0x08007fd8   0x08007fd8   0x00000018   Code   RO         3617    i.user_protocol_init  user_protocol.o
    0x08007ff0   0x08007ff0   0x00000014   Code   RO         3618    i.user_protocol_push_data  user_protocol.o
    0x08008004   0x08008004   0x00000020   Code   RO         3619    i.user_protocol_reset_buffer  user_protocol.o
    0x08008024   0x08008024   0x00000032   Code   RO         3620    i.user_protocol_send_data  user_protocol.o
    0x08008056   0x08008056   0x00000002   PAD
    0x08008058   0x08008058   0x00000034   Code   RO         3724    i.user_reply_handle  user_data.o
    0x0800808c   0x0800808c   0x0000000c   Code   RO         3621    i.user_set_clear_buffer_flag  user_protocol.o
    0x08008098   0x08008098   0x00000018   Code   RO          396    i.user_uart1_send_data  usart.o
    0x080080b0   0x080080b0   0x000000a0   Code   RO         3725    i.user_write_flash  user_data.o
    0x08008150   0x08008150   0x00000038   Code   RO         3726    i.write_upgrade_flag  user_data.o
    0x08008188   0x08008188   0x00000018   Data   RO          398    .constdata          usart.o
    0x080081a0   0x080081a0   0x00000020   Data   RO          595    .constdata          stm32f0xx_hal_rcc.o
    0x080081c0   0x080081c0   0x00000010   Data   RO         3449    .constdata          system_stm32f0xx.o
    0x080081d0   0x080081d0   0x00000008   Data   RO         3450    .constdata          system_stm32f0xx.o
    0x080081d8   0x080081d8   0x00000700   Data   RO         3582    .constdata          user_crc.o
    0x080088d8   0x080088d8   0x0000001d   Data   RO         3623    .constdata          user_protocol.o
    0x080088f5   0x080088f5   0x0000010d   Data   RO         3728    .constdata          user_data.o
    0x08008a02   0x08008a02   0x00000002   PAD
    0x08008a04   0x08008a04   0x00000020   Data   RO         4294    Region$$Table       anon$$obj.o


    Execution Region RW_IRAM1 (Exec base: 0x20000800, Load base: 0x08008a24, Size: 0x00000c50, Max: 0x00001800, ABSOLUTE, COMPRESSED[0x000000f0])

    Exec Addr    Load Addr    Size         Type   Attr      Idx    E Section Name        Object

    0x20000800   COMPRESSED   0x00000014   Data   RW          214    .data               gpio.o
    0x20000814   COMPRESSED   0x00000008   Data   RW          399    .data               usart.o
    0x2000081c   COMPRESSED   0x0000000c   Data   RW          732    .data               stm32f0xx_hal.o
    0x20000828   COMPRESSED   0x00000004   Data   RW         3451    .data               system_stm32f0xx.o
    0x2000082c   COMPRESSED   0x00000004   Data   RW         3624    .data               user_protocol.o
    0x20000830   COMPRESSED   0x00000060   Data   RW         3729    .data               user_data.o
    0x20000890   COMPRESSED   0x00000010   Data   RW         3730    .data               user_data.o
    0x200008a0   COMPRESSED   0x000000d8   Data   RW         3731    .data               user_data.o
    0x20000978   COMPRESSED   0x00000004   Data   RW         4272    .data               mc_p.l(stdout.o)
    0x2000097c        -       0x00000078   Zero   RW           17    .bss                main.o
    0x200009f4        -       0x00000018   Zero   RW           18    .bss                main.o
    0x20000a0c        -       0x00000010   Zero   RW          314    .bss                iwdg.o
    0x20000a1c        -       0x00000048   Zero   RW          348    .bss                tim.o
    0x20000a64        -       0x00000110   Zero   RW          397    .bss                usart.o
    0x20000b74   COMPRESSED   0x00000004   PAD
    0x20000b78        -       0x00000020   Zero   RW         1783    .bss                stm32f0xx_hal_flash.o
    0x20000b98        -       0x00000400   Zero   RW         3492    .bss                user_buffer.o
    0x20000f98        -       0x00000094   Zero   RW         3622    .bss                user_protocol.o
    0x2000102c        -       0x00000020   Zero   RW         3727    .bss                user_data.o
    0x2000104c   COMPRESSED   0x00000004   PAD
    0x20001050        -       0x00000400   Zero   RW            1    STACK               startup_stm32f051x8.o


==============================================================================

Image component sizes


      Code (inc. data)   RO Data    RW Data    ZI Data      Debug   Object Name

      1080        116          0         20          0      10698   gpio.o
        60         18          0          0         16       1225   iwdg.o
       370         44          0          0        144     342208   main.o
        28          8        188          0       1024        668   startup_stm32f051x8.o
       200         48          0         12          0      10138   stm32f0xx_hal.o
       176         34          0          0          0      11128   stm32f0xx_hal_cortex.o
       136          0          0          0          0       1859   stm32f0xx_hal_dma.o
       440         84          0          0         32       6822   stm32f0xx_hal_flash.o
       896        120          0          0          0       8665   stm32f0xx_hal_flash_ex.o
       466         30          0          0          0       3530   stm32f0xx_hal_gpio.o
       124         20          0          0          0       1971   stm32f0xx_hal_iwdg.o
        40          6          0          0          0        906   stm32f0xx_hal_msp.o
      1332         64         32          0          0       4793   stm32f0xx_hal_rcc.o
       248         12          0          0          0       1456   stm32f0xx_hal_rcc_ex.o
       628         40          0          0          0       6817   stm32f0xx_hal_tim.o
         4          0          0          0          0       1689   stm32f0xx_hal_tim_ex.o
      2638         56          0          0          0      22341   stm32f0xx_hal_uart.o
       138          4          0          0          0       2047   stm32f0xx_hal_uart_ex.o
        74         12          0          0          0       4313   stm32f0xx_it.o
         2          0         24          4          0       1231   system_stm32f0xx.o
       284         28          0          0         72       2404   tim.o
       508         82         24          8        272       4910   usart.o
       364         24          0          0       1024       5821   user_buffer.o
        44          6       1792          0          0       1392   user_crc.o
      3576       1200        269        328         32      26853   user_data.o
      1074        264         29          4        148       8217   user_protocol.o

    ----------------------------------------------------------------------
     14956       2320       2392        376       2772     494102   Object Totals
         0          0         32          0          0          0   (incl. Generated)
        26          0          2          0          8          0   (incl. Padding)

    ----------------------------------------------------------------------

      Code (inc. data)   RO Data    RW Data    ZI Data      Debug   Library Member Name

        86          0          0          0          0          0   __dczerorl2.o
         0          0          0          0          0          0   entry.o
         0          0          0          0          0          0   entry10a.o
         0          0          0          0          0          0   entry11a.o
         4          0          0          0          0          0   entry12b.o
         8          4          0          0          0          0   entry2.o
         4          0          0          0          0          0   entry5.o
         0          0          0          0          0          0   entry7b.o
         0          0          0          0          0          0   entry8b.o
         8          4          0          0          0          0   entry9a.o
        30          0          0          0          0          0   handlers.o
        36          8          0          0          0         68   init.o
        32          0          0          0          0         68   llshl.o
        34          0          0          0          0         68   llushr.o
        36          0          0          0          0         60   memcpya.o
        36          0          0          0          0        100   memseta.o
      1172         52          0          0          0        324   printf8.o
         0          0          0          4          0          0   stdout.o
        44          0          0          0          0         72   uidiv.o
        96          0          0          0          0         84   uldiv.o

    ----------------------------------------------------------------------
      1632         68          0          4          0        844   Library Totals
         6          0          0          0          0          0   (incl. Padding)

    ----------------------------------------------------------------------

      Code (inc. data)   RO Data    RW Data    ZI Data      Debug   Library Name

      1626         68          0          4          0        844   mc_p.l

    ----------------------------------------------------------------------
      1632         68          0          4          0        844   Library Totals

    ----------------------------------------------------------------------

==============================================================================


      Code (inc. data)   RO Data    RW Data    ZI Data      Debug   

     16588       2388       2392        380       2772     487646   Grand Totals
     16588       2388       2392        240       2772     487646   ELF Image Totals (compressed)
     16588       2388       2392        240          0          0   ROM Totals

==============================================================================

    Total RO  Size (Code + RO Data)                18980 (  18.54kB)
    Total RW  Size (RW Data + ZI Data)              3152 (   3.08kB)
    Total ROM Size (Code + RO Data + RW Data)      19220 (  18.77kB)

==============================================================================

