Component: ARM Compiler 5.05 update 1 (build 106) Tool: armlink [4d0efa]

==============================================================================

Section Cross References

    startup_stm32f051x8.o(RESET) refers to startup_stm32f051x8.o(STACK) for __initial_sp
    startup_stm32f051x8.o(RESET) refers to startup_stm32f051x8.o(.text) for Reset_Handler
    startup_stm32f051x8.o(RESET) refers to stm32f0xx_it.o(i.NMI_Handler) for NMI_Handler
    startup_stm32f051x8.o(RESET) refers to stm32f0xx_it.o(i.HardFault_Handler) for HardFault_Handler
    startup_stm32f051x8.o(RESET) refers to stm32f0xx_it.o(i.SVC_Handler) for SVC_Handler
    startup_stm32f051x8.o(RESET) refers to stm32f0xx_it.o(i.PendSV_Handler) for PendSV_Handler
    startup_stm32f051x8.o(RESET) refers to stm32f0xx_it.o(i.SysTick_Handler) for SysTick_Handler
    startup_stm32f051x8.o(RESET) refers to stm32f0xx_it.o(i.EXTI4_15_IRQHandler) for EXTI4_15_IRQHandler
    startup_stm32f051x8.o(RESET) refers to stm32f0xx_it.o(i.TIM14_IRQHandler) for TIM14_IRQHandler
    startup_stm32f051x8.o(RESET) refers to stm32f0xx_it.o(i.USART1_IRQHandler) for USART1_IRQHandler
    startup_stm32f051x8.o(.text) refers to system_stm32f0xx.o(i.SystemInit) for SystemInit
    startup_stm32f051x8.o(.text) refers to entry.o(.ARM.Collect$$$$00000000) for __main
    main.o(i.SystemClock_Config) refers to memseta.o(.text) for __aeabi_memclr4
    main.o(i.SystemClock_Config) refers to stm32f0xx_hal_rcc.o(i.HAL_RCC_OscConfig) for HAL_RCC_OscConfig
    main.o(i.SystemClock_Config) refers to stm32f0xx_hal_rcc.o(i.HAL_RCC_ClockConfig) for HAL_RCC_ClockConfig
    main.o(i.SystemClock_Config) refers to stm32f0xx_hal_rcc_ex.o(i.HAL_RCCEx_PeriphCLKConfig) for HAL_RCCEx_PeriphCLKConfig
    main.o(i.main) refers to stm32f0xx_hal.o(i.HAL_Init) for HAL_Init
    main.o(i.main) refers to main.o(i.SystemClock_Config) for SystemClock_Config
    main.o(i.main) refers to gpio.o(i.MX_GPIO_Init) for MX_GPIO_Init
    main.o(i.main) refers to usart.o(i.MX_USART1_UART_Init) for MX_USART1_UART_Init
    main.o(i.main) refers to usart.o(i.MX_USART2_UART_Init) for MX_USART2_UART_Init
    main.o(i.main) refers to tim.o(i.MX_TIM14_Init) for MX_TIM14_Init
    main.o(i.main) refers to iwdg.o(i.MX_IWDG_Init) for MX_IWDG_Init
    main.o(i.main) refers to user_data.o(i.user_database_init) for user_database_init
    main.o(i.main) refers to gpio.o(i.lock_state_init) for lock_state_init
    main.o(i.main) refers to iwdg.o(i.MX_IWDG_Refresh) for MX_IWDG_Refresh
    main.o(i.main) refers to user_protocol.o(i.user_protocol_handle) for user_protocol_handle
    main.o(i.main) refers to gpio.o(i.MotorTask) for MotorTask
    main.o(i.main) refers to gpio.o(i.Led_Task) for Led_Task
    main.o(i.main) refers to gpio.o(i.Auto_Lock_Task) for Auto_Lock_Task
    main.o(i.main) refers to user_data.o(i.user_reply_handle) for user_reply_handle
    main.o(i.main) refers to usart.o(i.user_huart_error_check) for user_huart_error_check
    gpio.o(i.Auto_Lock_Task) refers to main.o(.bss) for lock
    gpio.o(i.Auto_Lock_Task) refers to gpio.o(.data) for .data
    gpio.o(i.HAL_GPIO_EXTI_Callback) refers to stm32f0xx_hal_gpio.o(i.HAL_GPIO_ReadPin) for HAL_GPIO_ReadPin
    gpio.o(i.HAL_GPIO_EXTI_Callback) refers to gpio.o(i.lock_stop_detect) for lock_stop_detect
    gpio.o(i.HAL_GPIO_EXTI_Callback) refers to main.o(.bss) for lock
    gpio.o(i.HAL_GPIO_EXTI_Callback) refers to gpio.o(.data) for .data
    gpio.o(i.Led_Task) refers to gpio.o(i.appSetLedState) for appSetLedState
    gpio.o(i.Led_Task) refers to main.o(.bss) for lock
    gpio.o(i.MX_GPIO_Init) refers to memseta.o(.text) for __aeabi_memclr4
    gpio.o(i.MX_GPIO_Init) refers to stm32f0xx_hal_gpio.o(i.HAL_GPIO_WritePin) for HAL_GPIO_WritePin
    gpio.o(i.MX_GPIO_Init) refers to stm32f0xx_hal_gpio.o(i.HAL_GPIO_Init) for HAL_GPIO_Init
    gpio.o(i.MX_GPIO_Init) refers to stm32f0xx_hal_cortex.o(i.HAL_NVIC_SetPriority) for HAL_NVIC_SetPriority
    gpio.o(i.MX_GPIO_Init) refers to stm32f0xx_hal_cortex.o(i.HAL_NVIC_EnableIRQ) for HAL_NVIC_EnableIRQ
    gpio.o(i.MotorTask) refers to gpio.o(i.appSetMotorState) for appSetMotorState
    gpio.o(i.MotorTask) refers to main.o(.bss) for lock
    gpio.o(i.MotorTask) refers to gpio.o(.data) for .data
    gpio.o(i.appSetLedState) refers to printf5.o(i.__0printf$5) for __2printf
    gpio.o(i.appSetLedState) refers to stm32f0xx_hal_gpio.o(i.HAL_GPIO_WritePin) for HAL_GPIO_WritePin
    gpio.o(i.appSetMotorState) refers to stm32f0xx_hal_gpio.o(i.HAL_GPIO_WritePin) for HAL_GPIO_WritePin
    gpio.o(i.lock_state_init) refers to stm32f0xx_hal_gpio.o(i.HAL_GPIO_ReadPin) for HAL_GPIO_ReadPin
    gpio.o(i.lock_state_init) refers to gpio.o(i.lock_stop_detect) for lock_stop_detect
    gpio.o(i.lock_state_init) refers to main.o(.bss) for lock
    gpio.o(i.lock_stop_detect) refers to user_data.o(i.user_database_save) for user_database_save
    gpio.o(i.lock_stop_detect) refers to gpio.o(i.appSetMotorState) for appSetMotorState
[...]
    Removing stm32f0xx_hal_tim.o(i.HAL_TIM_PWM_Start_DMA), (420 bytes).
    Removing stm32f0xx_hal_tim.o(i.HAL_TIM_PWM_Start_IT), (216 bytes).
    Removing stm32f0xx_hal_tim.o(i.HAL_TIM_PWM_Stop), (148 bytes).
    Removing stm32f0xx_hal_tim.o(i.HAL_TIM_PWM_Stop_DMA), (236 bytes).
    Removing stm32f0xx_hal_tim.o(i.HAL_TIM_PWM_Stop_IT), (204 bytes).
    Removing stm32f0xx_hal_tim.o(i.HAL_TIM_PeriodElapsedCallback), (2 bytes).
    Removing stm32f0xx_hal_tim.o(i.HAL_TIM_PeriodElapsedHalfCpltCallback), (2 bytes).
    Removing stm32f0xx_hal_tim.o(i.HAL_TIM_ReadCapturedValue), (44 bytes).
    Removing stm32f0xx_hal_tim.o(i.HAL_TIM_SlaveConfigSynchro), (76 bytes).
    Removing stm32f0xx_hal_tim.o(i.HAL_TIM_SlaveConfigSynchro_IT), (76 bytes).
    Removing stm32f0xx_hal_tim.o(i.HAL_TIM_TriggerHalfCpltCallback), (2 bytes).
    Removing stm32f0xx_hal_tim.o(i.TIM_CCxChannelCmd), (26 bytes).
    Removing stm32f0xx_hal_tim.o(i.TIM_DMACaptureCplt), (118 bytes).
    Removing stm32f0xx_hal_tim.o(i.TIM_DMACaptureHalfCplt), (56 bytes).
    Removing stm32f0xx_hal_tim.o(i.TIM_DMADelayPulseCplt), (102 bytes).
    Removing stm32f0xx_hal_tim.o(i.TIM_DMADelayPulseHalfCplt), (56 bytes).
    Removing stm32f0xx_hal_tim.o(i.TIM_DMAError), (84 bytes).
    Removing stm32f0xx_hal_tim.o(i.TIM_DMAPeriodElapsedCplt), (24 bytes).
    Removing stm32f0xx_hal_tim.o(i.TIM_DMAPeriodElapsedHalfCplt), (10 bytes).
    Removing stm32f0xx_hal_tim.o(i.TIM_DMATriggerCplt), (24 bytes).
    Removing stm32f0xx_hal_tim.o(i.TIM_DMATriggerHalfCplt), (10 bytes).
    Removing stm32f0xx_hal_tim.o(i.TIM_ETR_SetConfig), (22 bytes).
    Removing stm32f0xx_hal_tim.o(i.TIM_ITRx_SetConfig), (16 bytes).
    Removing stm32f0xx_hal_tim.o(i.TIM_OC1_SetConfig), (136 bytes).
    Removing stm32f0xx_hal_tim.o(i.TIM_OC2_SetConfig), (128 bytes).
    Removing stm32f0xx_hal_tim.o(i.TIM_OC3_SetConfig), (132 bytes).
    Removing stm32f0xx_hal_tim.o(i.TIM_OC4_SetConfig), (108 bytes).
    Removing stm32f0xx_hal_tim.o(i.TIM_SlaveTimer_SetConfig), (140 bytes).
    Removing stm32f0xx_hal_tim.o(i.TIM_TI1_ConfigInputStage), (34 bytes).
    Removing stm32f0xx_hal_tim.o(i.TIM_TI1_SetConfig), (88 bytes).
    Removing stm32f0xx_hal_tim.o(i.TIM_TI2_ConfigInputStage), (38 bytes).
    Removing stm32f0xx_hal_tim.o(i.TIM_TI2_SetConfig), (52 bytes).
    Removing stm32f0xx_hal_tim_ex.o(.rev16_text), (4 bytes).
    Removing stm32f0xx_hal_tim_ex.o(.revsh_text), (4 bytes).
    Removing stm32f0xx_hal_tim_ex.o(i.HAL_TIMEx_CommutHalfCpltCallback), (2 bytes).
    Removing stm32f0xx_hal_tim_ex.o(i.HAL_TIMEx_ConfigBreakDeadTime), (94 bytes).
    Removing stm32f0xx_hal_tim_ex.o(i.HAL_TIMEx_ConfigCommutEvent), (108 bytes).
    Removing stm32f0xx_hal_tim_ex.o(i.HAL_TIMEx_ConfigCommutEvent_DMA), (140 bytes).
    Removing stm32f0xx_hal_tim_ex.o(i.HAL_TIMEx_ConfigCommutEvent_IT), (108 bytes).
    Removing stm32f0xx_hal_tim_ex.o(i.HAL_TIMEx_GetChannelNState), (30 bytes).
    Removing stm32f0xx_hal_tim_ex.o(i.HAL_TIMEx_HallSensor_DeInit), (68 bytes).
    Removing stm32f0xx_hal_tim_ex.o(i.HAL_TIMEx_HallSensor_GetState), (6 bytes).
    Removing stm32f0xx_hal_tim_ex.o(i.HAL_TIMEx_HallSensor_Init), (196 bytes).
    Removing stm32f0xx_hal_tim_ex.o(i.HAL_TIMEx_HallSensor_MspDeInit), (2 bytes).
    Removing stm32f0xx_hal_tim_ex.o(i.HAL_TIMEx_HallSensor_MspInit), (2 bytes).
    Removing stm32f0xx_hal_tim_ex.o(i.HAL_TIMEx_HallSensor_Start), (120 bytes).
    Removing stm32f0xx_hal_tim_ex.o(i.HAL_TIMEx_HallSensor_Start_DMA), (192 bytes).
    Removing stm32f0xx_hal_tim_ex.o(i.HAL_TIMEx_HallSensor_Start_IT), (128 bytes).
    Removing stm32f0xx_hal_tim_ex.o(i.HAL_TIMEx_HallSensor_Stop), (64 bytes).
    Removing stm32f0xx_hal_tim_ex.o(i.HAL_TIMEx_HallSensor_Stop_DMA), (76 bytes).
    Removing stm32f0xx_hal_tim_ex.o(i.HAL_TIMEx_HallSensor_Stop_IT), (76 bytes).
    Removing stm32f0xx_hal_tim_ex.o(i.HAL_TIMEx_MasterConfigSynchronization), (96 bytes).
    Removing stm32f0xx_hal_tim_ex.o(i.HAL_TIMEx_OCN_Start), (144 bytes).
    Removing stm32f0xx_hal_tim_ex.o(i.HAL_TIMEx_OCN_Start_DMA), (336 bytes).
    Removing stm32f0xx_hal_tim_ex.o(i.HAL_TIMEx_OCN_Start_IT), (176 bytes).
    Removing stm32f0xx_hal_tim_ex.o(i.HAL_TIMEx_OCN_Stop), (108 bytes).
    Removing stm32f0xx_hal_tim_ex.o(i.HAL_TIMEx_OCN_Stop_DMA), (176 bytes).
    Removing stm32f0xx_hal_tim_ex.o(i.HAL_TIMEx_OCN_Stop_IT), (168 bytes).
    Removing stm32f0xx_hal_tim_ex.o(i.HAL_TIMEx_OnePulseN_Start), (98 bytes).
    Removing stm32f0xx_hal_tim_ex.o(i.HAL_TIMEx_OnePulseN_Start_IT), (116 bytes).
    Removing stm32f0xx_hal_tim_ex.o(i.HAL_TIMEx_OnePulseN_Stop), (112 bytes).
    Removing stm32f0xx_hal_tim_ex.o(i.HAL_TIMEx_OnePulseN_Stop_IT), (132 bytes).
    Removing stm32f0xx_hal_tim_ex.o(i.HAL_TIMEx_PWMN_Start), (144 bytes).
    Removing stm32f0xx_hal_tim_ex.o(i.HAL_TIMEx_PWMN_Start_DMA), (336 bytes).
    Removing stm32f0xx_hal_tim_ex.o(i.HAL_TIMEx_PWMN_Start_IT), (176 bytes).
    Removing stm32f0xx_hal_tim_ex.o(i.HAL_TIMEx_PWMN_Stop), (108 bytes).
    Removing stm32f0xx_hal_tim_ex.o(i.HAL_TIMEx_PWMN_Stop_DMA), (176 bytes).
    Removing stm32f0xx_hal_tim_ex.o(i.HAL_TIMEx_PWMN_Stop_IT), (168 bytes).
    Removing stm32f0xx_hal_tim_ex.o(i.HAL_TIMEx_RemapConfig), (28 bytes).
    Removing stm32f0xx_hal_tim_ex.o(i.TIMEx_DMACommutationCplt), (16 bytes).
    Removing stm32f0xx_hal_tim_ex.o(i.TIMEx_DMACommutationHalfCplt), (16 bytes).
    Removing stm32f0xx_hal_tim_ex.o(i.TIM_CCxNChannelCmd), (26 bytes).
    Removing stm32f0xx_hal_tim_ex.o(i.TIM_DMADelayPulseNCplt), (102 bytes).
    Removing stm32f0xx_hal_tim_ex.o(i.TIM_DMAErrorCCxN), (62 bytes).
    Removing stm32f0xx_hal_uart.o(.rev16_text), (4 bytes).
    Removing stm32f0xx_hal_uart.o(.revsh_text), (4 bytes).
    Removing stm32f0xx_hal_uart.o(i.HAL_HalfDuplex_EnableReceiver), (78 bytes).
    Removing stm32f0xx_hal_uart.o(i.HAL_HalfDuplex_EnableTransmitter), (78 bytes).
    Removing stm32f0xx_hal_uart.o(i.HAL_HalfDuplex_Init), (116 bytes).
    Removing stm32f0xx_hal_uart.o(i.HAL_LIN_Init), (146 bytes).
    Removing stm32f0xx_hal_uart.o(i.HAL_LIN_SendBreak), (44 bytes).
    Removing stm32f0xx_hal_uart.o(i.HAL_MultiProcessor_DisableMuteMode), (58 bytes).
    Removing stm32f0xx_hal_uart.o(i.HAL_MultiProcessor_EnableMuteMode), (58 bytes).
    Removing stm32f0xx_hal_uart.o(i.HAL_MultiProcessor_EnterMuteMode), (12 bytes).
    Removing stm32f0xx_hal_uart.o(i.HAL_MultiProcessor_Init), (142 bytes).
    Removing stm32f0xx_hal_uart.o(i.HAL_UART_Abort), (252 bytes).
    Removing stm32f0xx_hal_uart.o(i.HAL_UART_AbortCpltCallback), (2 bytes).
    Removing stm32f0xx_hal_uart.o(i.HAL_UART_AbortReceive), (184 bytes).
    Removing stm32f0xx_hal_uart.o(i.HAL_UART_AbortReceiveCpltCallback), (2 bytes).
    Removing stm32f0xx_hal_uart.o(i.HAL_UART_AbortReceive_IT), (200 bytes).
    Removing stm32f0xx_hal_uart.o(i.HAL_UART_AbortTransmit), (112 bytes).
    Removing stm32f0xx_hal_uart.o(i.HAL_UART_AbortTransmitCpltCallback), (2 bytes).
    Removing stm32f0xx_hal_uart.o(i.HAL_UART_AbortTransmit_IT), (116 bytes).
    Removing stm32f0xx_hal_uart.o(i.HAL_UART_Abort_IT), (292 bytes).
    Removing stm32f0xx_hal_uart.o(i.HAL_UART_DMAPause), (150 bytes).
    Removing stm32f0xx_hal_uart.o(i.HAL_UART_DMAResume), (140 bytes).
    Removing stm32f0xx_hal_uart.o(i.HAL_UART_DMAStop), (154 bytes).
    Removing stm32f0xx_hal_uart.o(i.HAL_UART_DeInit), (62 bytes).
    Removing stm32f0xx_hal_uart.o(i.HAL_UART_DisableReceiverTimeout), (52 bytes).
    Removing stm32f0xx_hal_uart.o(i.HAL_UART_EnableReceiverTimeout), (52 bytes).
    Removing stm32f0xx_hal_uart.o(i.HAL_UART_GetState), (10 bytes).
    Removing stm32f0xx_hal_uart.o(i.HAL_UART_MspDeInit), (2 bytes).
    Removing stm32f0xx_hal_uart.o(i.HAL_UART_MspInit), (2 bytes).
    Removing stm32f0xx_hal_uart.o(i.HAL_UART_Receive), (252 bytes).
    Removing stm32f0xx_hal_uart.o(i.HAL_UART_Receive_DMA), (100 bytes).
    Removing stm32f0xx_hal_uart.o(i.HAL_UART_ReceiverTimeout_Config), (14 bytes).
    Removing stm32f0xx_hal_uart.o(i.HAL_UART_RxCpltCallback), (2 bytes).
    Removing stm32f0xx_hal_uart.o(i.HAL_UART_RxHalfCpltCallback), (2 bytes).
    Removing stm32f0xx_hal_uart.o(i.HAL_UART_Transmit_DMA), (192 bytes).
    Removing stm32f0xx_hal_uart.o(i.HAL_UART_Transmit_IT), (136 bytes).
    Removing stm32f0xx_hal_uart.o(i.HAL_UART_TxHalfCpltCallback), (2 bytes).
    Removing stm32f0xx_hal_uart.o(i.UART_DMAError), (76 bytes).
    Removing stm32f0xx_hal_uart.o(i.UART_DMAReceiveCplt), (148 bytes).
    Removing stm32f0xx_hal_uart.o(i.UART_DMARxAbortCallback), (64 bytes).
    Removing stm32f0xx_hal_uart.o(i.UART_DMARxHalfCplt), (28 bytes).
    Removing stm32f0xx_hal_uart.o(i.UART_DMARxOnlyAbortCallback), (38 bytes).
    Removing stm32f0xx_hal_uart.o(i.UART_DMATransmitCplt), (74 bytes).
    Removing stm32f0xx_hal_uart.o(i.UART_DMATxAbortCallback), (54 bytes).
    Removing stm32f0xx_hal_uart.o(i.UART_DMATxHalfCplt), (10 bytes).
    Removing stm32f0xx_hal_uart.o(i.UART_DMATxOnlyAbortCallback), (20 bytes).
    Removing stm32f0xx_hal_uart.o(i.UART_EndTxTransfer), (32 bytes).
    Removing stm32f0xx_hal_uart.o(i.UART_Start_Receive_DMA), (176 bytes).
    Removing stm32f0xx_hal_uart.o(i.UART_TxISR_16BIT), (94 bytes).
    Removing stm32f0xx_hal_uart.o(i.UART_TxISR_8BIT), (90 bytes).
    Removing stm32f0xx_hal_uart_ex.o(.rev16_text), (4 bytes).
    Removing stm32f0xx_hal_uart_ex.o(.revsh_text), (4 bytes).
    Removing stm32f0xx_hal_uart_ex.o(i.HAL_MultiProcessorEx_AddressLength_Set), (52 bytes).
    Removing stm32f0xx_hal_uart_ex.o(i.HAL_UARTEx_DisableStopMode), (48 bytes).
    Removing stm32f0xx_hal_uart_ex.o(i.HAL_UARTEx_EnableStopMode), (48 bytes).
    Removing stm32f0xx_hal_uart_ex.o(i.HAL_UARTEx_ReceiveToIdle), (312 bytes).
    Removing stm32f0xx_hal_uart_ex.o(i.HAL_UARTEx_ReceiveToIdle_DMA), (114 bytes).
    Removing stm32f0xx_hal_uart_ex.o(i.HAL_UARTEx_ReceiveToIdle_IT), (114 bytes).
    Removing stm32f0xx_hal_uart_ex.o(i.HAL_UARTEx_StopModeWakeUpSourceConfig), (152 bytes).
    Removing system_stm32f0xx.o(.rev16_text), (4 bytes).
    Removing system_stm32f0xx.o(.revsh_text), (4 bytes).
    Removing system_stm32f0xx.o(i.SystemCoreClockUpdate), (108 bytes).
    Removing user_buffer.o(i.get_room_left), (22 bytes).
    Removing user_buffer.o(i.user_buffer_cfm_write), (22 bytes).
    Removing user_buffer.o(i.user_buffer_clear), (18 bytes).
    Removing user_buffer.o(i.user_buffer_initialized), (18 bytes).
    Removing user_buffer.o(i.user_buffer_read_address), (44 bytes).
    Removing user_buffer.o(i.user_buffer_write_check), (86 bytes).
    Removing user_buffer.o(i.user_check_buffer_almost_empty), (32 bytes).
    Removing user_buffer.o(i.user_check_buffer_almost_full), (30 bytes).
    Removing user_crc.o(i.cal_crc32), (40 bytes).
    Removing user_crc.o(i.cal_crc8), (28 bytes).
    Removing user_crc.o(i.cal_table_low_first), (26 bytes).
    Removing user_data.o(.rev16_text), (4 bytes).
    Removing user_data.o(.revsh_text), (4 bytes).
    Removing user_data.o(i.user_read_flash), (4 bytes).
    Removing dadd.o(.text), (356 bytes).
    Removing dmul.o(.text), (208 bytes).
    Removing ddiv.o(.text), (240 bytes).
    Removing dfixul.o(.text), (64 bytes).
    Removing cdrcmple.o(.text), (40 bytes).
    Removing depilogue.o(.text), (190 bytes).
    Removing depilogue.o(i.__ARM_clz), (46 bytes).

462 unused section(s) (total 38574 bytes) removed from the image.

==============================================================================

Image Symbol Table

    Local Symbols

    Symbol Name                              Value     Ov Type        Size  Object(Section)

    ../Core/Src/gpio.c                       0x00000000   Number         0  gpio.o ABSOLUTE
    ../Core/Src/iwdg.c                       0x00000000   Number         0  iwdg.o ABSOLUTE
    ../Core/Src/main.c                       0x00000000   Number         0  main.o ABSOLUTE
    ../Core/Src/stm32f0xx_hal_msp.c          0x00000000   Number         0  stm32f0xx_hal_msp.o ABSOLUTE
    ../Core/Src/stm32f0xx_it.c               0x00000000   Number         0  stm32f0xx_it.o ABSOLUTE
    ../Core/Src/system_stm32f0xx.c           0x00000000   Number         0  system_stm32f0xx.o ABSOLUTE
    ../Core/Src/tim.c                        0x00000000   Number         0  tim.o ABSOLUTE
    ../Core/Src/usart.c                      0x00000000   Number         0  usart.o ABSOLUTE
    ../Drivers/STM32F0xx_HAL_Driver/Src/stm32f0xx_hal.c 0x00000000   Number         0  stm32f0xx_hal.o ABSOLUTE
    ../Drivers/STM32F0xx_HAL_Driver/Src/stm32f0xx_hal_cortex.c 0x00000000   Number         0  stm32f0xx_hal_cortex.o ABSOLUTE
    ../Drivers/STM32F0xx_HAL_Driver/Src/stm32f0xx_hal_dma.c 0x00000000   Number         0  stm32f0xx_hal_dma.o ABSOLUTE
    ../Drivers/STM32F0xx_HAL_Driver/Src/stm32f0xx_hal_exti.c 0x00000000   Number         0  stm32f0xx_hal_exti.o ABSOLUTE
    ../Drivers/STM32F0xx_HAL_Driver/Src/stm32f0xx_hal_flash.c 0x00000000   Number         0  stm32f0xx_hal_flash.o ABSOLUTE
    ../Drivers/STM32F0xx_HAL_Driver/Src/stm32f0xx_hal_flash_ex.c 0x00000000   Number         0  stm32f0xx_hal_flash_ex.o ABSOLUTE
    ../Drivers/STM32F0xx_HAL_Driver/Src/stm32f0xx_hal_gpio.c 0x00000000   Number         0  stm32f0xx_hal_gpio.o ABSOLUTE
    ../Drivers/STM32F0xx_HAL_Driver/Src/stm32f0xx_hal_i2c.c 0x00000000   Number         0  stm32f0xx_hal_i2c.o ABSOLUTE
    ../Drivers/STM32F0xx_HAL_Driver/Src/stm32f0xx_hal_i2c_ex.c 0x00000000   Number         0  stm32f0xx_hal_i2c_ex.o ABSOLUTE
    ../Drivers/STM32F0xx_HAL_Driver/Src/stm32f0xx_hal_iwdg.c 0x00000000   Number         0  stm32f0xx_hal_iwdg.o ABSOLUTE
    ../Drivers/STM32F0xx_HAL_Driver/Src/stm32f0xx_hal_pwr.c 0x00000000   Number         0  stm32f0xx_hal_pwr.o ABSOLUTE
    ../Drivers/STM32F0xx_HAL_Driver/Src/stm32f0xx_hal_pwr_ex.c 0x00000000   Number         0  stm32f0xx_hal_pwr_ex.o ABSOLUTE
    ../Drivers/STM32F0xx_HAL_Driver/Src/stm32f0xx_hal_rcc.c 0x00000000   Number         0  stm32f0xx_hal_rcc.o ABSOLUTE
    ../Drivers/STM32F0xx_HAL_Driver/Src/stm32f0xx_hal_rcc_ex.c 0x00000000   Number         0  stm32f0xx_hal_rcc_ex.o ABSOLUTE
    ../Drivers/STM32F0xx_HAL_Driver/Src/stm32f0xx_hal_tim.c 0x00000000   Number         0  stm32f0xx_hal_tim.o ABSOLUTE
    ../Drivers/STM32F0xx_HAL_Driver/Src/stm32f0xx_hal_tim_ex.c 0x00000000   Number         0  stm32f0xx_hal_tim_ex.o ABSOLUTE
    ../Drivers/STM32F0xx_HAL_Driver/Src/stm32f0xx_hal_uart.c 0x00000000   Number         0  stm32f0xx_hal_uart.o ABSOLUTE
    ../Drivers/STM32F0xx_HAL_Driver/Src/stm32f0xx_hal_uart_ex.c 0x00000000   Number         0  stm32f0xx_hal_uart_ex.o ABSOLUTE
    ../clib/microlib/division.c              0x00000000   Number         0  uldiv.o ABSOLUTE
    ../clib/microlib/division.c              0x00000000   Number         0  uidiv.o ABSOLUTE
    ../clib/microlib/init/entry.s            0x00000000   Number         0  entry5.o ABSOLUTE
    ../clib/microlib/init/entry.s            0x00000000   Number         0  entry10a.o ABSOLUTE
    ../clib/microlib/init/entry.s            0x00000000   Number         0  entry9b.o ABSOLUTE
    ../clib/microlib/init/entry.s            0x00000000   Number         0  entry11a.o ABSOLUTE
    ../clib/microlib/init/entry.s            0x00000000   Number         0  entry9a.o ABSOLUTE
    ../clib/microlib/init/entry.s            0x00000000   Number         0  entry8b.o ABSOLUTE
    ../clib/microlib/init/entry.s            0x00000000   Number         0  entry8a.o ABSOLUTE
    ../clib/microlib/init/entry.s            0x00000000   Number         0  entry11b.o ABSOLUTE
    ../clib/microlib/init/entry.s            0x00000000   Number         0  entry7a.o ABSOLUTE
    ../clib/microlib/init/entry.s            0x00000000   Number         0  entry.o ABSOLUTE
    ../clib/microlib/init/entry.s            0x00000000   Number         0  entry7b.o ABSOLUTE
    ../clib/microlib/init/entry.s            0x00000000   Number         0  entry2.o ABSOLUTE
    ../clib/microlib/init/entry.s            0x00000000   Number         0  entry10b.o ABSOLUTE
    ../clib/microlib/longlong.c              0x00000000   Number         0  llsshr.o ABSOLUTE
    ../clib/microlib/longlong.c              0x00000000   Number         0  llshl.o ABSOLUTE
    ../clib/microlib/longlong.c              0x00000000   Number         0  llushr.o ABSOLUTE
    ../clib/microlib/printf/printf.c         0x00000000   Number         0  printf7.o ABSOLUTE
    ../clib/microlib/printf/printf.c         0x00000000   Number         0  printfa.o ABSOLUTE
    ../clib/microlib/printf/printf.c         0x00000000   Number         0  printf8.o ABSOLUTE
    ../clib/microlib/printf/printf.c         0x00000000   Number         0  printf6.o ABSOLUTE
    ../clib/microlib/printf/printf.c         0x00000000   Number         0  printf5.o ABSOLUTE
    ../clib/microlib/printf/printf.c         0x00000000   Number         0  printf4.o ABSOLUTE
    ../clib/microlib/printf/printf.c         0x00000000   Number         0  printf3.o ABSOLUTE
    ../clib/microlib/printf/printf.c         0x00000000   Number         0  printf2.o ABSOLUTE
    ../clib/microlib/printf/printf.c         0x00000000   Number         0  printf0.o ABSOLUTE
    ../clib/microlib/printf/printf.c         0x00000000   Number         0  printfb.o ABSOLUTE
    ../clib/microlib/printf/printf.c         0x00000000   Number         0  printf1.o ABSOLUTE
    ../clib/microlib/printf/stubs.s          0x00000000   Number         0  stubs.o ABSOLUTE
    ../clib/microlib/stdio/streams.c         0x00000000   Number         0  stdout.o ABSOLUTE
    ../clib/microlib/string/memcpy.c         0x00000000   Number         0  memcpya.o ABSOLUTE
    ../clib/microlib/string/memcpy.c         0x00000000   Number         0  memcpyb.o ABSOLUTE
    ../clib/microlib/string/memset.c         0x00000000   Number         0  memseta.o ABSOLUTE
    ../clib/microlib/stubs.s                 0x00000000   Number         0  iusefp.o ABSOLUTE
    ../fplib/microlib/fpadd.c                0x00000000   Number         0  dadd.o ABSOLUTE
    ../fplib/microlib/fpdiv.c                0x00000000   Number         0  ddiv.o ABSOLUTE
    ../fplib/microlib/fpepilogue.c           0x00000000   Number         0  depilogue.o ABSOLUTE
    ../fplib/microlib/fpfix.c                0x00000000   Number         0  dfixul.o ABSOLUTE
    ../fplib/microlib/fpmul.c                0x00000000   Number         0  dmul.o ABSOLUTE
    ..\App\src\user_buffer.c                 0x00000000   Number         0  user_buffer.o ABSOLUTE
    ..\App\src\user_crc.c                    0x00000000   Number         0  user_crc.o ABSOLUTE
    ..\App\src\user_data.c                   0x00000000   Number         0  user_data.o ABSOLUTE
    ..\App\src\user_protocol.c               0x00000000   Number         0  user_protocol.o ABSOLUTE
    ..\Core\Src\gpio.c                       0x00000000   Number         0  gpio.o ABSOLUTE
    ..\Core\Src\iwdg.c                       0x00000000   Number         0  iwdg.o ABSOLUTE
    ..\Core\Src\main.c                       0x00000000   Number         0  main.o ABSOLUTE
    ..\Core\Src\stm32f0xx_hal_msp.c          0x00000000   Number         0  stm32f0xx_hal_msp.o ABSOLUTE
    ..\Core\Src\stm32f0xx_it.c               0x00000000   Number         0  stm32f0xx_it.o ABSOLUTE
    ..\Core\Src\system_stm32f0xx.c           0x00000000   Number         0  system_stm32f0xx.o ABSOLUTE
    ..\Core\Src\tim.c                        0x00000000   Number         0  tim.o ABSOLUTE
    ..\Core\Src\usart.c                      0x00000000   Number         0  usart.o ABSOLUTE
    ..\Drivers\STM32F0xx_HAL_Driver\Src\stm32f0xx_hal.c 0x00000000   Number         0  stm32f0xx_hal.o ABSOLUTE
    ..\Drivers\STM32F0xx_HAL_Driver\Src\stm32f0xx_hal_cortex.c 0x00000000   Number         0  stm32f0xx_hal_cortex.o ABSOLUTE
    ..\Drivers\STM32F0xx_HAL_Driver\Src\stm32f0xx_hal_dma.c 0x00000000   Number         0  stm32f0xx_hal_dma.o ABSOLUTE
    ..\Drivers\STM32F0xx_HAL_Driver\Src\stm32f0xx_hal_exti.c 0x00000000   Number         0  stm32f0xx_hal_exti.o ABSOLUTE
    ..\Drivers\STM32F0xx_HAL_Driver\Src\stm32f0xx_hal_flash.c 0x00000000   Number         0  stm32f0xx_hal_flash.o ABSOLUTE
    ..\Drivers\STM32F0xx_HAL_Driver\Src\stm32f0xx_hal_flash_ex.c 0x00000000   Number         0  stm32f0xx_hal_flash_ex.o ABSOLUTE
    ..\Drivers\STM32F0xx_HAL_Driver\Src\stm32f0xx_hal_gpio.c 0x00000000   Number         0  stm32f0xx_hal_gpio.o ABSOLUTE
    ..\Drivers\STM32F0xx_HAL_Driver\Src\stm32f0xx_hal_i2c.c 0x00000000   Number         0  stm32f0xx_hal_i2c.o ABSOLUTE
    ..\Drivers\STM32F0xx_HAL_Driver\Src\stm32f0xx_hal_i2c_ex.c 0x00000000   Number         0  stm32f0xx_hal_i2c_ex.o ABSOLUTE
    ..\Drivers\STM32F0xx_HAL_Driver\Src\stm32f0xx_hal_iwdg.c 0x00000000   Number         0  stm32f0xx_hal_iwdg.o ABSOLUTE
    ..\Drivers\STM32F0xx_HAL_Driver\Src\stm32f0xx_hal_pwr.c 0x00000000   Number         0  stm32f0xx_hal_pwr.o ABSOLUTE
    ..\Drivers\STM32F0xx_HAL_Driver\Src\stm32f0xx_hal_pwr_ex.c 0x00000000   Number         0  stm32f0xx_hal_pwr_ex.o ABSOLUTE
    ..\Drivers\STM32F0xx_HAL_Driver\Src\stm32f0xx_hal_rcc.c 0x00000000   Number         0  stm32f0xx_hal_rcc.o ABSOLUTE
    ..\Drivers\STM32F0xx_HAL_Driver\Src\stm32f0xx_hal_rcc_ex.c 0x00000000   Number         0  stm32f0xx_hal_rcc_ex.o ABSOLUTE
    ..\Drivers\STM32F0xx_HAL_Driver\Src\stm32f0xx_hal_tim.c 0x00000000   Number         0  stm32f0xx_hal_tim.o ABSOLUTE
    ..\Drivers\STM32F0xx_HAL_Driver\Src\stm32f0xx_hal_tim_ex.c 0x00000000   Number         0  stm32f0xx_hal_tim_ex.o ABSOLUTE
    ..\Drivers\STM32F0xx_HAL_Driver\Src\stm32f0xx_hal_uart.c 0x00000000   Number         0  stm32f0xx_hal_uart.o ABSOLUTE
    ..\Drivers\STM32F0xx_HAL_Driver\Src\stm32f0xx_hal_uart_ex.c 0x00000000   Number         0  stm32f0xx_hal_uart_ex.o ABSOLUTE
    ..\\App\\src\\user_data.c                0x00000000   Number         0  user_data.o ABSOLUTE
    cdrcmple.s                               0x00000000   Number         0  cdrcmple.o ABSOLUTE
    dc.s                                     0x00000000   Number         0  dc.o ABSOLUTE
    handlers.s                               0x00000000   Number         0  handlers.o ABSOLUTE
    init.s                                   0x00000000   Number         0  init.o ABSOLUTE
    startup_stm32f051x8.s                    0x00000000   Number         0  startup_stm32f051x8.o ABSOLUTE
    RESET                                    0x08000000   Section      188  startup_stm32f051x8.o(RESET)
    .ARM.Collect$$$$00000000                 0x080000bc   Section        0  entry.o(.ARM.Collect$$$$00000000)
    .ARM.Collect$$$$00000001                 0x080000bc   Section        4  entry2.o(.ARM.Collect$$$$00000001)
    .ARM.Collect$$$$00000004                 0x080000c0   Section        4  entry5.o(.ARM.Collect$$$$00000004)
    .ARM.Collect$$$$00000008                 0x080000c4   Section        0  entry7b.o(.ARM.Collect$$$$00000008)
    .ARM.Collect$$$$0000000A                 0x080000c4   Section        0  entry8b.o(.ARM.Collect$$$$0000000A)
    .ARM.Collect$$$$0000000B                 0x080000c4   Section        8  entry9a.o(.ARM.Collect$$$$0000000B)
    .ARM.Collect$$$$0000000D                 0x080000cc   Section        0  entry10a.o(.ARM.Collect$$$$0000000D)
    .ARM.Collect$$$$0000000F                 0x080000cc   Section        0  entry11a.o(.ARM.Collect$$$$0000000F)
    .ARM.Collect$$$$00002712                 0x080000cc   Section        4  entry2.o(.ARM.Collect$$$$00002712)
    __lit__00000000                          0x080000cc   Data           4  entry2.o(.ARM.Collect$$$$00002712)
    .text                                    0x080000d0   Section       28  startup_stm32f051x8.o(.text)
    .text                                    0x080000ec   Section        0  uidiv.o(.text)
    .text                                    0x08000118   Section        0  uldiv.o(.text)
    .text                                    0x08000178   Section        0  llushr.o(.text)
    .text                                    0x0800019a   Section        0  memcpya.o(.text)
    .text                                    0x080001be   Section        0  memseta.o(.text)
    .text                                    0x080001e2   Section        0  llshl.o(.text)
    .text                                    0x08000204   Section       36  init.o(.text)
    i.Auto_Lock_Task                         0x08000228   Section        0  gpio.o(i.Auto_Lock_Task)
    i.ComPack                                0x080002b0   Section        0  user_protocol.o(i.ComPack)
    i.ComUnpack                              0x0800035c   Section        0  user_protocol.o(i.ComUnpack)
    i.EXTI4_15_IRQHandler                    0x08000500   Section        0  stm32f0xx_it.o(i.EXTI4_15_IRQHandler)
    i.Error_Handler                          0x08000518   Section        0  main.o(i.Error_Handler)
    i.FLASH_MassErase                        0x0800051c   Section        0  stm32f0xx_hal_flash_ex.o(i.FLASH_MassErase)
    FLASH_MassErase                          0x0800051d   Thumb Code    26  stm32f0xx_hal_flash_ex.o(i.FLASH_MassErase)
    i.FLASH_PageErase                        0x08000540   Section        0  stm32f0xx_hal_flash_ex.o(i.FLASH_PageErase)
    i.FLASH_Program_HalfWord                 0x08000564   Section        0  stm32f0xx_hal_flash.o(i.FLASH_Program_HalfWord)
    FLASH_Program_HalfWord                   0x08000565   Thumb Code    22  stm32f0xx_hal_flash.o(i.FLASH_Program_HalfWord)
    i.FLASH_SetErrorCode                     0x08000584   Section        0  stm32f0xx_hal_flash.o(i.FLASH_SetErrorCode)
    FLASH_SetErrorCode                       0x08000585   Thumb Code    46  stm32f0xx_hal_flash.o(i.FLASH_SetErrorCode)
    i.FLASH_WaitForLastOperation             0x080005bc   Section        0  stm32f0xx_hal_flash.o(i.FLASH_WaitForLastOperation)
    i.HAL_DMA_Abort                          0x0800060c   Section        0  stm32f0xx_hal_dma.o(i.HAL_DMA_Abort)
    i.HAL_DMA_Abort_IT                       0x0800064c   Section        0  stm32f0xx_hal_dma.o(i.HAL_DMA_Abort_IT)
    i.HAL_FLASHEx_Erase                      0x08000694   Section        0  stm32f0xx_hal_flash_ex.o(i.HAL_FLASHEx_Erase)
    i.HAL_FLASH_Lock                         0x08000734   Section        0  stm32f0xx_hal_flash.o(i.HAL_FLASH_Lock)
    i.HAL_FLASH_Program                      0x08000748   Section        0  stm32f0xx_hal_flash.o(i.HAL_FLASH_Program)
    i.HAL_FLASH_Unlock                       0x080007c4   Section        0  stm32f0xx_hal_flash.o(i.HAL_FLASH_Unlock)
    i.HAL_GPIO_EXTI_Callback                 0x080007ec   Section        0  gpio.o(i.HAL_GPIO_EXTI_Callback)
    i.HAL_GPIO_EXTI_IRQHandler               0x08000840   Section        0  stm32f0xx_hal_gpio.o(i.HAL_GPIO_EXTI_IRQHandler)
    i.HAL_GPIO_Init                          0x08000858   Section        0  stm32f0xx_hal_gpio.o(i.HAL_GPIO_Init)
    i.HAL_GPIO_ReadPin                       0x080009fc   Section        0  stm32f0xx_hal_gpio.o(i.HAL_GPIO_ReadPin)
    i.HAL_GPIO_WritePin                      0x08000a06   Section        0  stm32f0xx_hal_gpio.o(i.HAL_GPIO_WritePin)
    i.HAL_GetTick                            0x08000a14   Section        0  stm32f0xx_hal.o(i.HAL_GetTick)
    i.HAL_GetUIDw0                           0x08000a20   Section        0  stm32f0xx_hal.o(i.HAL_GetUIDw0)
    i.HAL_GetUIDw1                           0x08000a2c   Section        0  stm32f0xx_hal.o(i.HAL_GetUIDw1)
    i.HAL_GetUIDw2                           0x08000a38   Section        0  stm32f0xx_hal.o(i.HAL_GetUIDw2)
    i.HAL_IWDG_Init                          0x08000a44   Section        0  stm32f0xx_hal_iwdg.o(i.HAL_IWDG_Init)
    i.HAL_IWDG_Refresh                       0x08000ab0   Section        0  stm32f0xx_hal_iwdg.o(i.HAL_IWDG_Refresh)
    i.HAL_IncTick                            0x08000ac0   Section        0  stm32f0xx_hal.o(i.HAL_IncTick)
    i.HAL_Init                               0x08000ad0   Section        0  stm32f0xx_hal.o(i.HAL_Init)
    i.HAL_InitTick                           0x08000af0   Section        0  stm32f0xx_hal.o(i.HAL_InitTick)
    i.HAL_MspInit                            0x08000b34   Section        0  stm32f0xx_hal_msp.o(i.HAL_MspInit)
    i.HAL_NVIC_EnableIRQ                     0x08000b5c   Section        0  stm32f0xx_hal_cortex.o(i.HAL_NVIC_EnableIRQ)
    i.HAL_NVIC_SetPriority                   0x08000b74   Section        0  stm32f0xx_hal_cortex.o(i.HAL_NVIC_SetPriority)
    i.HAL_RCCEx_PeriphCLKConfig              0x08000b7c   Section        0  stm32f0xx_hal_rcc_ex.o(i.HAL_RCCEx_PeriphCLKConfig)
    i.HAL_RCC_ClockConfig                    0x08000c74   Section        0  stm32f0xx_hal_rcc.o(i.HAL_RCC_ClockConfig)
    i.HAL_RCC_GetPCLK1Freq                   0x08000d7c   Section        0  stm32f0xx_hal_rcc.o(i.HAL_RCC_GetPCLK1Freq)
    i.HAL_RCC_GetSysClockFreq                0x08000d9c   Section        0  stm32f0xx_hal_rcc.o(i.HAL_RCC_GetSysClockFreq)
    i.HAL_RCC_OscConfig                      0x08000e1c   Section        0  stm32f0xx_hal_rcc.o(i.HAL_RCC_OscConfig)
    i.HAL_RS485Ex_Init                       0x080011a4   Section        0  stm32f0xx_hal_uart_ex.o(i.HAL_RS485Ex_Init)
    i.HAL_SYSTICK_Config                     0x0800122c   Section        0  stm32f0xx_hal_cortex.o(i.HAL_SYSTICK_Config)
    i.HAL_TIMEx_BreakCallback                0x0800125c   Section        0  stm32f0xx_hal_tim_ex.o(i.HAL_TIMEx_BreakCallback)
    i.HAL_TIMEx_CommutCallback               0x0800125e   Section        0  stm32f0xx_hal_tim_ex.o(i.HAL_TIMEx_CommutCallback)
    i.HAL_TIM_Base_Init                      0x08001260   Section        0  stm32f0xx_hal_tim.o(i.HAL_TIM_Base_Init)
    i.HAL_TIM_Base_MspInit                   0x080012a8   Section        0  tim.o(i.HAL_TIM_Base_MspInit)
    i.HAL_TIM_Base_Start_IT                  0x080012dc   Section        0  stm32f0xx_hal_tim.o(i.HAL_TIM_Base_Start_IT)
    i.HAL_TIM_IC_CaptureCallback             0x08001334   Section        0  stm32f0xx_hal_tim.o(i.HAL_TIM_IC_CaptureCallback)
    i.HAL_TIM_IRQHandler                     0x08001336   Section        0  stm32f0xx_hal_tim.o(i.HAL_TIM_IRQHandler)
    i.HAL_TIM_OC_DelayElapsedCallback        0x08001498   Section        0  stm32f0xx_hal_tim.o(i.HAL_TIM_OC_DelayElapsedCallback)
    i.HAL_TIM_PWM_PulseFinishedCallback      0x0800149a   Section        0  stm32f0xx_hal_tim.o(i.HAL_TIM_PWM_PulseFinishedCallback)
    i.HAL_TIM_PeriodElapsedCallback          0x0800149c   Section        0  tim.o(i.HAL_TIM_PeriodElapsedCallback)
    i.HAL_TIM_TriggerCallback                0x08001594   Section        0  stm32f0xx_hal_tim.o(i.HAL_TIM_TriggerCallback)
    i.HAL_UARTEx_RxEventCallback             0x08001596   Section        0  stm32f0xx_hal_uart.o(i.HAL_UARTEx_RxEventCallback)
    i.HAL_UARTEx_WakeupCallback              0x08001598   Section        0  stm32f0xx_hal_uart_ex.o(i.HAL_UARTEx_WakeupCallback)
    i.HAL_UART_ErrorCallback                 0x0800159a   Section        0  stm32f0xx_hal_uart.o(i.HAL_UART_ErrorCallback)
    i.HAL_UART_GetError                      0x0800159c   Section        0  stm32f0xx_hal_uart.o(i.HAL_UART_GetError)
    i.HAL_UART_IRQHandler                    0x080015a4   Section        0  stm32f0xx_hal_uart.o(i.HAL_UART_IRQHandler)
    i.HAL_UART_Init                          0x08001848   Section        0  stm32f0xx_hal_uart.o(i.HAL_UART_Init)
    i.HAL_UART_MspInit                       0x080018b4   Section        0  usart.o(i.HAL_UART_MspInit)
    i.HAL_UART_Receive_IT                    0x0800195c   Section        0  stm32f0xx_hal_uart.o(i.HAL_UART_Receive_IT)
    i.HAL_UART_RxCpltCallback                0x080019c0   Section        0  usart.o(i.HAL_UART_RxCpltCallback)
    i.HAL_UART_Transmit                      0x080019ec   Section        0  stm32f0xx_hal_uart.o(i.HAL_UART_Transmit)
    i.HAL_UART_TxCpltCallback                0x08001abe   Section        0  stm32f0xx_hal_uart.o(i.HAL_UART_TxCpltCallback)
    i.HardFault_Handler                      0x08001ac0   Section        0  stm32f0xx_it.o(i.HardFault_Handler)
    i.Led_Task                               0x08001ac4   Section        0  gpio.o(i.Led_Task)
    i.MX_GPIO_Init                           0x08001b24   Section        0  gpio.o(i.MX_GPIO_Init)
    i.MX_IWDG_Init                           0x08001bb0   Section        0  iwdg.o(i.MX_IWDG_Init)
    i.MX_IWDG_Refresh                        0x08001bdc   Section        0  iwdg.o(i.MX_IWDG_Refresh)
    i.MX_TIM14_Init                          0x08001bec   Section        0  tim.o(i.MX_TIM14_Init)
    i.MX_USART1_UART_Init                    0x08001c28   Section        0  usart.o(i.MX_USART1_UART_Init)
    i.MX_USART2_UART_Init                    0x08001c78   Section        0  usart.o(i.MX_USART2_UART_Init)
    i.MotorTask                              0x08001cb0   Section        0  gpio.o(i.MotorTask)
    i.NMI_Handler                            0x08001d18   Section        0  stm32f0xx_it.o(i.NMI_Handler)
    i.PendSV_Handler                         0x08001d1a   Section        0  stm32f0xx_it.o(i.PendSV_Handler)
    i.SVC_Handler                            0x08001d1c   Section        0  stm32f0xx_it.o(i.SVC_Handler)
    i.SysTick_Handler                        0x08001d1e   Section        0  stm32f0xx_it.o(i.SysTick_Handler)
    i.SystemClock_Config                     0x08001d26   Section        0  main.o(i.SystemClock_Config)
    i.SystemInit                             0x08001da2   Section        0  system_stm32f0xx.o(i.SystemInit)
    i.TIM14_IRQHandler                       0x08001da4   Section        0  stm32f0xx_it.o(i.TIM14_IRQHandler)
    i.TIM_Base_SetConfig                     0x08001db4   Section        0  stm32f0xx_hal_tim.o(i.TIM_Base_SetConfig)
    i.UART_AdvFeatureConfig                  0x08001e48   Section        0  stm32f0xx_hal_uart.o(i.UART_AdvFeatureConfig)
    i.UART_CheckIdleState                    0x08001f14   Section        0  stm32f0xx_hal_uart.o(i.UART_CheckIdleState)
    i.UART_DMAAbortOnError                   0x08001f78   Section        0  stm32f0xx_hal_uart.o(i.UART_DMAAbortOnError)
    UART_DMAAbortOnError                     0x08001f79   Thumb Code    20  stm32f0xx_hal_uart.o(i.UART_DMAAbortOnError)
    i.UART_EndRxTransfer                     0x08001f8c   Section        0  stm32f0xx_hal_uart.o(i.UART_EndRxTransfer)
    UART_EndRxTransfer                       0x08001f8d   Thumb Code    94  stm32f0xx_hal_uart.o(i.UART_EndRxTransfer)
    i.UART_RxISR_16BIT                       0x08001fea   Section        0  stm32f0xx_hal_uart.o(i.UART_RxISR_16BIT)
    UART_RxISR_16BIT                         0x08001feb   Thumb Code   168  stm32f0xx_hal_uart.o(i.UART_RxISR_16BIT)
    i.UART_RxISR_8BIT                        0x08002092   Section        0  stm32f0xx_hal_uart.o(i.UART_RxISR_8BIT)
    UART_RxISR_8BIT                          0x08002093   Thumb Code   168  stm32f0xx_hal_uart.o(i.UART_RxISR_8BIT)
    i.UART_SetConfig                         0x0800213c   Section        0  stm32f0xx_hal_uart.o(i.UART_SetConfig)
    i.UART_Start_Receive_IT                  0x08002270   Section        0  stm32f0xx_hal_uart.o(i.UART_Start_Receive_IT)
    i.UART_WaitOnFlagUntilTimeout            0x0800230c   Section        0  stm32f0xx_hal_uart.o(i.UART_WaitOnFlagUntilTimeout)
    i.USART1_IRQHandler                      0x080023e0   Section        0  stm32f0xx_it.o(i.USART1_IRQHandler)
    i.__0printf$5                            0x080023f0   Section        0  printf5.o(i.__0printf$5)
    i.__ARM_common_ll_muluu                  0x08002410   Section        0  stm32f0xx_hal_rcc.o(i.__ARM_common_ll_muluu)
    i.__ARM_common_switch8                   0x08002440   Section        0  stm32f0xx_hal_dma.o(i.__ARM_common_switch8)
    i.__NVIC_SetPriority                     0x0800245c   Section        0  stm32f0xx_hal_cortex.o(i.__NVIC_SetPriority)
    __NVIC_SetPriority                       0x0800245d   Thumb Code    60  stm32f0xx_hal_cortex.o(i.__NVIC_SetPriority)
    i.__scatterload_copy                     0x080024a0   Section       14  handlers.o(i.__scatterload_copy)
    i.__scatterload_null                     0x080024ae   Section        2  handlers.o(i.__scatterload_null)
    i.__scatterload_zeroinit                 0x080024b0   Section       14  handlers.o(i.__scatterload_zeroinit)
    i._printf_core                           0x080024c0   Section        0  printf5.o(i._printf_core)
    _printf_core                             0x080024c1   Thumb Code   688  printf5.o(i._printf_core)
    i.appSetLedState                         0x0800279c   Section        0  gpio.o(i.appSetLedState)
    i.appSetMotorState                       0x080027f4   Section        0  gpio.o(i.appSetMotorState)
    i.cal_crc16                              0x0800282c   Section        0  user_crc.o(i.cal_crc16)
    i.fputc                                  0x08002858   Section        0  usart.o(i.fputc)
    i.lock_state_init                        0x08002874   Section        0  gpio.o(i.lock_state_init)
    i.lock_stop_detect                       0x080028a8   Section        0  gpio.o(i.lock_stop_detect)
    i.main                                   0x08002948   Section        0  main.o(i.main)
    i.onCmdClrDevAlarmSetting                0x0800298c   Section        0  user_data.o(i.onCmdClrDevAlarmSetting)
    i.onCmdClrDevAlarmSettingByAddr          0x08002a48   Section        0  user_data.o(i.onCmdClrDevAlarmSettingByAddr)
    i.onCmdModifyDeviceSetting               0x08002ac8   Section        0  user_data.o(i.onCmdModifyDeviceSetting)
    i.onCmdQueryDeviceStatus                 0x08002c48   Section        0  user_data.o(i.onCmdQueryDeviceStatus)
    i.onCmdSetDeviceStatus                   0x08002cf4   Section        0  user_data.o(i.onCmdSetDeviceStatus)
    i.onCmdSetDeviceStatusByAddr             0x08002dec   Section        0  user_data.o(i.onCmdSetDeviceStatusByAddr)
    i.onCmdSetLedFlash                       0x08002e80   Section        0  user_data.o(i.onCmdSetLedFlash)
    i.onCmdSetLedFlashByAddr                 0x08002f68   Section        0  user_data.o(i.onCmdSetLedFlashByAddr)
    i.onReportAutoLockAlarm                  0x08002fec   Section        0  user_data.o(i.onReportAutoLockAlarm)
    i.onReportAutoLockAlarmByGunState        0x0800303c   Section        0  user_data.o(i.onReportAutoLockAlarmByGunState)
    i.onReportClearDevAlarmSetting           0x0800308c   Section        0  user_data.o(i.onReportClearDevAlarmSetting)
    i.onReportDevAlarm                       0x080030e0   Section        0  user_data.o(i.onReportDevAlarm)
    i.onReportDeviceOptResult                0x08003134   Section        0  user_data.o(i.onReportDeviceOptResult)
    i.onReportDeviceStatus                   0x08003184   Section        0  user_data.o(i.onReportDeviceStatus)
    i.onReportLockFaultAlarm                 0x08003204   Section        0  user_data.o(i.onReportLockFaultAlarm)
    i.onReportSetDeviceResult                0x08003260   Section        0  user_data.o(i.onReportSetDeviceResult)
    i.onReportSetLedFlashStatus              0x080032d0   Section        0  user_data.o(i.onReportSetLedFlashStatus)
    i.user_buffer_create                     0x08003324   Section        0  user_buffer.o(i.user_buffer_create)
    i.user_buffer_item_count                 0x08003378   Section        0  user_buffer.o(i.user_buffer_item_count)
    i.user_buffer_read_items                 0x0800338e   Section        0  user_buffer.o(i.user_buffer_read_items)
    i.user_buffer_release_items              0x080033ea   Section        0  user_buffer.o(i.user_buffer_release_items)
    i.user_buffer_write_items                0x0800340e   Section        0  user_buffer.o(i.user_buffer_write_items)
    i.user_database_init                     0x08003484   Section        0  user_data.o(i.user_database_init)
    i.user_database_save                     0x08003674   Section        0  user_data.o(i.user_database_save)
    i.user_event_process                     0x08003744   Section        0  user_protocol.o(i.user_event_process)
    i.user_huart_error_check                 0x080037f8   Section        0  usart.o(i.user_huart_error_check)
    i.user_protocol_handle                   0x08003840   Section        0  user_protocol.o(i.user_protocol_handle)
    i.user_protocol_init                     0x080038d4   Section        0  user_protocol.o(i.user_protocol_init)
    i.user_protocol_push_data                0x080038ec   Section        0  user_protocol.o(i.user_protocol_push_data)
    i.user_protocol_send_data                0x08003900   Section        0  user_protocol.o(i.user_protocol_send_data)
    i.user_reply_handle                      0x08003934   Section        0  user_data.o(i.user_reply_handle)
    i.user_uart1_send_data                   0x080039ec   Section        0  usart.o(i.user_uart1_send_data)
    .constdata                               0x08003a04   Section       16  system_stm32f0xx.o(.constdata)
    .constdata                               0x08003a14   Section        8  system_stm32f0xx.o(.constdata)
    .constdata                               0x08003a1c   Section     1792  user_crc.o(.constdata)
    crc8_table                               0x08003a1c   Data         256  user_crc.o(.constdata)
    crc16tab                                 0x08003b1c   Data         512  user_crc.o(.constdata)
    crc32_tab                                0x08003d1c   Data        1024  user_crc.o(.constdata)
    .constdata                               0x0800411c   Section       10  user_protocol.o(.constdata)
    __FUNCTION__                             0x0800411c   Data          10  user_protocol.o(.constdata)
    .constdata                               0x08004126   Section      209  user_data.o(.constdata)
    __FUNCTION__                             0x08004126   Data          23  user_data.o(.constdata)
    __FUNCTION__                             0x0800413d   Data          21  user_data.o(.constdata)
    __FUNCTION__                             0x08004152   Data          25  user_data.o(.constdata)
    __FUNCTION__                             0x0800416b   Data          17  user_data.o(.constdata)
    __FUNCTION__                             0x0800417c   Data          24  user_data.o(.constdata)
    __FUNCTION__                             0x08004194   Data          27  user_data.o(.constdata)
    __FUNCTION__                             0x080041af   Data          23  user_data.o(.constdata)
    __FUNCTION__                             0x080041c6   Data          30  user_data.o(.constdata)
    __FUNCTION__                             0x080041e4   Data          19  user_data.o(.constdata)
    .data                                    0x20000000   Section        4  gpio.o(.data)
    lastState                                0x20000000   Data           1  gpio.o(.data)
    lastGunState                             0x20000001   Data           1  gpio.o(.data)
    oldState                                 0x20000002   Data           1  gpio.o(.data)
    auto_lock_state                          0x20000003   Data           1  gpio.o(.data)
    .data                                    0x20000004   Section        8  usart.o(.data)
    recData                                  0x20000004   Data           1  usart.o(.data)
    errCnt                                   0x20000008   Data           4  usart.o(.data)
    .data                                    0x2000000c   Section       12  stm32f0xx_hal.o(.data)
    .data                                    0x20000018   Section        4  system_stm32f0xx.o(.data)
    .data                                    0x2000001c   Section        2  user_protocol.o(.data)
    size                                     0x2000001c   Data           2  user_protocol.o(.data)
    .data                                    0x20000020   Section        4  stdout.o(.data)
    .bss                                     0x20000024   Section       84  main.o(.bss)
    .bss                                     0x20000078   Section       16  iwdg.o(.bss)
    .bss                                     0x20000088   Section       72  tim.o(.bss)
    .bss                                     0x200000d0   Section      264  usart.o(.bss)
    .bss                                     0x200001d8   Section       32  stm32f0xx_hal_flash.o(.bss)
    .bss                                     0x200001f8   Section     1024  user_buffer.o(.bss)
    ringBuffer                               0x200001f8   Data        1024  user_buffer.o(.bss)
    .bss                                     0x200005f8   Section      148  user_protocol.o(.bss)
    buf                                      0x200005f8   Data         100  user_protocol.o(.bss)
    myRingBuffer                             0x2000065c   Data          48  user_protocol.o(.bss)
    STACK                                    0x20000690   Section     1024  startup_stm32f051x8.o(STACK)

    Global Symbols

    Symbol Name                              Value     Ov Type        Size  Object(Section)

    BuildAttributes$$THM_ISAv3M$S$PE$A:L22$X:L11$S22$IEEE1$IW$USESV6$~STKCKD$USESV7$~SHL$OSPACE$ROPI$EBA8$MICROLIB$REQ8$PRES8$EABIv2 0x00000000   Number         0  anon$$obj.o ABSOLUTE
    __ARM_use_no_argv                        0x00000000   Number         0  main.o ABSOLUTE
    _printf_a                                0x00000000   Number         0  stubs.o ABSOLUTE
    _printf_c                                0x00000000   Number         0  stubs.o ABSOLUTE
    _printf_charcount                        0x00000000   Number         0  stubs.o ABSOLUTE
    _printf_d                                0x00000000   Number         0  stubs.o ABSOLUTE
    _printf_e                                0x00000000   Number         0  stubs.o ABSOLUTE
    _printf_f                                0x00000000   Number         0  stubs.o ABSOLUTE
    _printf_flags                            0x00000000   Number         0  stubs.o ABSOLUTE
    _printf_fp_dec                           0x00000000   Number         0  stubs.o ABSOLUTE
    _printf_fp_hex                           0x00000000   Number         0  stubs.o ABSOLUTE
    _printf_g                                0x00000000   Number         0  stubs.o ABSOLUTE
    _printf_i                                0x00000000   Number         0  stubs.o ABSOLUTE
    _printf_int_dec                          0x00000000   Number         0  stubs.o ABSOLUTE
    _printf_l                                0x00000000   Number         0  stubs.o ABSOLUTE
    _printf_lc                               0x00000000   Number         0  stubs.o ABSOLUTE
    _printf_ll                               0x00000000   Number         0  stubs.o ABSOLUTE
    _printf_lld                              0x00000000   Number         0  stubs.o ABSOLUTE
    _printf_lli                              0x00000000   Number         0  stubs.o ABSOLUTE
    _printf_llo                              0x00000000   Number         0  stubs.o ABSOLUTE
    _printf_llu                              0x00000000   Number         0  stubs.o ABSOLUTE
    _printf_llx                              0x00000000   Number         0  stubs.o ABSOLUTE
    _printf_longlong_dec                     0x00000000   Number         0  stubs.o ABSOLUTE
    _printf_longlong_hex                     0x00000000   Number         0  stubs.o ABSOLUTE
    _printf_longlong_oct                     0x00000000   Number         0  stubs.o ABSOLUTE
    _printf_ls                               0x00000000   Number         0  stubs.o ABSOLUTE
    _printf_mbtowc                           0x00000000   Number         0  stubs.o ABSOLUTE
    _printf_n                                0x00000000   Number         0  stubs.o ABSOLUTE
    _printf_o                                0x00000000   Number         0  stubs.o ABSOLUTE
    _printf_p                                0x00000000   Number         0  stubs.o ABSOLUTE
    _printf_percent                          0x00000000   Number         0  stubs.o ABSOLUTE
    _printf_pre_padding                      0x00000000   Number         0  stubs.o ABSOLUTE
    _printf_return_value                     0x00000000   Number         0  stubs.o ABSOLUTE
    _printf_s                                0x00000000   Number         0  stubs.o ABSOLUTE
    _printf_sizespec                         0x00000000   Number         0  stubs.o ABSOLUTE
    _printf_str                              0x00000000   Number         0  stubs.o ABSOLUTE
    _printf_truncate_signed                  0x00000000   Number         0  stubs.o ABSOLUTE
    _printf_truncate_unsigned                0x00000000   Number         0  stubs.o ABSOLUTE
    _printf_u                                0x00000000   Number         0  stubs.o ABSOLUTE
    _printf_wc                               0x00000000   Number         0  stubs.o ABSOLUTE
    _printf_wctomb                           0x00000000   Number         0  stubs.o ABSOLUTE
    _printf_widthprec                        0x00000000   Number         0  stubs.o ABSOLUTE
    _printf_x                                0x00000000   Number         0  stubs.o ABSOLUTE
    __cpp_initialize__aeabi_                  - Undefined Weak Reference
    __cxa_finalize                            - Undefined Weak Reference
    __decompress                              - Undefined Weak Reference
    _clock_init                               - Undefined Weak Reference
    _microlib_exit                            - Undefined Weak Reference
    __Vectors_Size                           0x000000bc   Number         0  startup_stm32f051x8.o ABSOLUTE
    __Vectors                                0x08000000   Data           4  startup_stm32f051x8.o(RESET)
    __Vectors_End                            0x080000bc   Data           0  startup_stm32f051x8.o(RESET)
    __main                                   0x080000bd   Thumb Code     0  entry.o(.ARM.Collect$$$$00000000)
    _main_stk                                0x080000bd   Thumb Code     0  entry2.o(.ARM.Collect$$$$00000001)
    _main_scatterload                        0x080000c1   Thumb Code     0  entry5.o(.ARM.Collect$$$$00000004)
    __main_after_scatterload                 0x080000c5   Thumb Code     0  entry5.o(.ARM.Collect$$$$00000004)
    _main_clock                              0x080000c5   Thumb Code     0  entry7b.o(.ARM.Collect$$$$00000008)
    _main_cpp_init                           0x080000c5   Thumb Code     0  entry8b.o(.ARM.Collect$$$$0000000A)
    _main_init                               0x080000c5   Thumb Code     0  entry9a.o(.ARM.Collect$$$$0000000B)
    __rt_final_cpp                           0x080000cd   Thumb Code     0  entry10a.o(.ARM.Collect$$$$0000000D)
    __rt_final_exit                          0x080000cd   Thumb Code     0  entry11a.o(.ARM.Collect$$$$0000000F)
    Reset_Handler                            0x080000d1   Thumb Code     8  startup_stm32f051x8.o(.text)
    ADC1_COMP_IRQHandler                     0x080000e3   Thumb Code     0  startup_stm32f051x8.o(.text)
    CEC_IRQHandler                           0x080000e3   Thumb Code     0  startup_stm32f051x8.o(.text)
    DMA1_Channel1_IRQHandler                 0x080000e3   Thumb Code     0  startup_stm32f051x8.o(.text)
    DMA1_Channel2_3_IRQHandler               0x080000e3   Thumb Code     0  startup_stm32f051x8.o(.text)
    DMA1_Channel4_5_IRQHandler               0x080000e3   Thumb Code     0  startup_stm32f051x8.o(.text)
    EXTI0_1_IRQHandler                       0x080000e3   Thumb Code     0  startup_stm32f051x8.o(.text)
    EXTI2_3_IRQHandler                       0x080000e3   Thumb Code     0  startup_stm32f051x8.o(.text)
    FLASH_IRQHandler                         0x080000e3   Thumb Code     0  startup_stm32f051x8.o(.text)
    I2C1_IRQHandler                          0x080000e3   Thumb Code     0  startup_stm32f051x8.o(.text)
    I2C2_IRQHandler                          0x080000e3   Thumb Code     0  startup_stm32f051x8.o(.text)
    PVD_IRQHandler                           0x080000e3   Thumb Code     0  startup_stm32f051x8.o(.text)
    RCC_IRQHandler                           0x080000e3   Thumb Code     0  startup_stm32f051x8.o(.text)
    RTC_IRQHandler                           0x080000e3   Thumb Code     0  startup_stm32f051x8.o(.text)
    SPI1_IRQHandler                          0x080000e3   Thumb Code     0  startup_stm32f051x8.o(.text)
    SPI2_IRQHandler                          0x080000e3   Thumb Code     0  startup_stm32f051x8.o(.text)
    TIM15_IRQHandler                         0x080000e3   Thumb Code     0  startup_stm32f051x8.o(.text)
    TIM16_IRQHandler                         0x080000e3   Thumb Code     0  startup_stm32f051x8.o(.text)
    TIM17_IRQHandler                         0x080000e3   Thumb Code     0  startup_stm32f051x8.o(.text)
    TIM1_BRK_UP_TRG_COM_IRQHandler           0x080000e3   Thumb Code     0  startup_stm32f051x8.o(.text)
    TIM1_CC_IRQHandler                       0x080000e3   Thumb Code     0  startup_stm32f051x8.o(.text)
    TIM2_IRQHandler                          0x080000e3   Thumb Code     0  startup_stm32f051x8.o(.text)
    TIM3_IRQHandler                          0x080000e3   Thumb Code     0  startup_stm32f051x8.o(.text)
    TIM6_DAC_IRQHandler                      0x080000e3   Thumb Code     0  startup_stm32f051x8.o(.text)
    TSC_IRQHandler                           0x080000e3   Thumb Code     0  startup_stm32f051x8.o(.text)
    USART2_IRQHandler                        0x080000e3   Thumb Code     0  startup_stm32f051x8.o(.text)
    WWDG_IRQHandler                          0x080000e3   Thumb Code     0  startup_stm32f051x8.o(.text)
    __aeabi_uidiv                            0x080000ed   Thumb Code     0  uidiv.o(.text)
    __aeabi_uidivmod                         0x080000ed   Thumb Code    44  uidiv.o(.text)
    __aeabi_uldivmod                         0x08000119   Thumb Code    96  uldiv.o(.text)
    __aeabi_llsr                             0x08000179   Thumb Code    34  llushr.o(.text)
    _ll_ushift_r                             0x08000179   Thumb Code     0  llushr.o(.text)
    __aeabi_memcpy                           0x0800019b   Thumb Code    36  memcpya.o(.text)
    __aeabi_memcpy4                          0x0800019b   Thumb Code     0  memcpya.o(.text)
    __aeabi_memcpy8                          0x0800019b   Thumb Code     0  memcpya.o(.text)
    __aeabi_memset                           0x080001bf   Thumb Code    14  memseta.o(.text)
    __aeabi_memset4                          0x080001bf   Thumb Code     0  memseta.o(.text)
    __aeabi_memset8                          0x080001bf   Thumb Code     0  memseta.o(.text)
    __aeabi_memclr                           0x080001cd   Thumb Code     4  memseta.o(.text)
    __aeabi_memclr4                          0x080001cd   Thumb Code     0  memseta.o(.text)
    __aeabi_memclr8                          0x080001cd   Thumb Code     0  memseta.o(.text)
    _memset$wrapper                          0x080001d1   Thumb Code    18  memseta.o(.text)
    __aeabi_llsl                             0x080001e3   Thumb Code    32  llshl.o(.text)
    _ll_shift_l                              0x080001e3   Thumb Code     0  llshl.o(.text)
    __scatterload                            0x08000205   Thumb Code    28  init.o(.text)
    __scatterload_rt2                        0x08000205   Thumb Code     0  init.o(.text)
    Auto_Lock_Task                           0x08000229   Thumb Code   126  gpio.o(i.Auto_Lock_Task)
    ComPack                                  0x080002b1   Thumb Code   170  user_protocol.o(i.ComPack)
    ComUnpack                                0x0800035d   Thumb Code   274  user_protocol.o(i.ComUnpack)
    EXTI4_15_IRQHandler                      0x08000501   Thumb Code    24  stm32f0xx_it.o(i.EXTI4_15_IRQHandler)
    Error_Handler                            0x08000519   Thumb Code     4  main.o(i.Error_Handler)
    FLASH_PageErase                          0x08000541   Thumb Code    28  stm32f0xx_hal_flash_ex.o(i.FLASH_PageErase)
    FLASH_WaitForLastOperation               0x080005bd   Thumb Code    76  stm32f0xx_hal_flash.o(i.FLASH_WaitForLastOperation)
    HAL_DMA_Abort                            0x0800060d   Thumb Code    64  stm32f0xx_hal_dma.o(i.HAL_DMA_Abort)
    HAL_DMA_Abort_IT                         0x0800064d   Thumb Code    72  stm32f0xx_hal_dma.o(i.HAL_DMA_Abort_IT)
    HAL_FLASHEx_Erase                        0x08000695   Thumb Code   148  stm32f0xx_hal_flash_ex.o(i.HAL_FLASHEx_Erase)
    HAL_FLASH_Lock                           0x08000735   Thumb Code    14  stm32f0xx_hal_flash.o(i.HAL_FLASH_Lock)
    HAL_FLASH_Program                        0x08000749   Thumb Code   110  stm32f0xx_hal_flash.o(i.HAL_FLASH_Program)
    HAL_FLASH_Unlock                         0x080007c5   Thumb Code    28  stm32f0xx_hal_flash.o(i.HAL_FLASH_Unlock)
    HAL_GPIO_EXTI_Callback                   0x080007ed   Thumb Code    70  gpio.o(i.HAL_GPIO_EXTI_Callback)
    HAL_GPIO_EXTI_IRQHandler                 0x08000841   Thumb Code    18  stm32f0xx_hal_gpio.o(i.HAL_GPIO_EXTI_IRQHandler)
    HAL_GPIO_Init                            0x08000859   Thumb Code   396  stm32f0xx_hal_gpio.o(i.HAL_GPIO_Init)
    HAL_GPIO_ReadPin                         0x080009fd   Thumb Code    10  stm32f0xx_hal_gpio.o(i.HAL_GPIO_ReadPin)
    HAL_GPIO_WritePin                        0x08000a07   Thumb Code    12  stm32f0xx_hal_gpio.o(i.HAL_GPIO_WritePin)
    HAL_GetTick                              0x08000a15   Thumb Code     6  stm32f0xx_hal.o(i.HAL_GetTick)
    HAL_GetUIDw0                             0x08000a21   Thumb Code     6  stm32f0xx_hal.o(i.HAL_GetUIDw0)
    HAL_GetUIDw1                             0x08000a2d   Thumb Code     6  stm32f0xx_hal.o(i.HAL_GetUIDw1)
    HAL_GetUIDw2                             0x08000a39   Thumb Code     6  stm32f0xx_hal.o(i.HAL_GetUIDw2)
    HAL_IWDG_Init                            0x08000a45   Thumb Code    94  stm32f0xx_hal_iwdg.o(i.HAL_IWDG_Init)
    HAL_IWDG_Refresh                         0x08000ab1   Thumb Code    10  stm32f0xx_hal_iwdg.o(i.HAL_IWDG_Refresh)
    HAL_IncTick                              0x08000ac1   Thumb Code    12  stm32f0xx_hal.o(i.HAL_IncTick)
    HAL_Init                                 0x08000ad1   Thumb Code    26  stm32f0xx_hal.o(i.HAL_Init)
    HAL_InitTick                             0x08000af1   Thumb Code    58  stm32f0xx_hal.o(i.HAL_InitTick)
    HAL_MspInit                              0x08000b35   Thumb Code    34  stm32f0xx_hal_msp.o(i.HAL_MspInit)
    HAL_NVIC_EnableIRQ                       0x08000b5d   Thumb Code    18  stm32f0xx_hal_cortex.o(i.HAL_NVIC_EnableIRQ)
    HAL_NVIC_SetPriority                     0x08000b75   Thumb Code     8  stm32f0xx_hal_cortex.o(i.HAL_NVIC_SetPriority)
    HAL_RCCEx_PeriphCLKConfig                0x08000b7d   Thumb Code   236  stm32f0xx_hal_rcc_ex.o(i.HAL_RCCEx_PeriphCLKConfig)
    HAL_RCC_ClockConfig                      0x08000c75   Thumb Code   242  stm32f0xx_hal_rcc.o(i.HAL_RCC_ClockConfig)
    HAL_RCC_GetPCLK1Freq                     0x08000d7d   Thumb Code    20  stm32f0xx_hal_rcc.o(i.HAL_RCC_GetPCLK1Freq)
    HAL_RCC_GetSysClockFreq                  0x08000d9d   Thumb Code    84  stm32f0xx_hal_rcc.o(i.HAL_RCC_GetSysClockFreq)
    HAL_RCC_OscConfig                        0x08000e1d   Thumb Code   890  stm32f0xx_hal_rcc.o(i.HAL_RCC_OscConfig)
    HAL_RS485Ex_Init                         0x080011a5   Thumb Code   132  stm32f0xx_hal_uart_ex.o(i.HAL_RS485Ex_Init)
    HAL_SYSTICK_Config                       0x0800122d   Thumb Code    38  stm32f0xx_hal_cortex.o(i.HAL_SYSTICK_Config)
    HAL_TIMEx_BreakCallback                  0x0800125d   Thumb Code     2  stm32f0xx_hal_tim_ex.o(i.HAL_TIMEx_BreakCallback)
    HAL_TIMEx_CommutCallback                 0x0800125f   Thumb Code     2  stm32f0xx_hal_tim_ex.o(i.HAL_TIMEx_CommutCallback)
    HAL_TIM_Base_Init                        0x08001261   Thumb Code    72  stm32f0xx_hal_tim.o(i.HAL_TIM_Base_Init)
    HAL_TIM_Base_MspInit                     0x080012a9   Thumb Code    44  tim.o(i.HAL_TIM_Base_MspInit)
    HAL_TIM_Base_Start_IT                    0x080012dd   Thumb Code    74  stm32f0xx_hal_tim.o(i.HAL_TIM_Base_Start_IT)
    HAL_TIM_IC_CaptureCallback               0x08001335   Thumb Code     2  stm32f0xx_hal_tim.o(i.HAL_TIM_IC_CaptureCallback)
    HAL_TIM_IRQHandler                       0x08001337   Thumb Code   354  stm32f0xx_hal_tim.o(i.HAL_TIM_IRQHandler)
    HAL_TIM_OC_DelayElapsedCallback          0x08001499   Thumb Code     2  stm32f0xx_hal_tim.o(i.HAL_TIM_OC_DelayElapsedCallback)
    HAL_TIM_PWM_PulseFinishedCallback        0x0800149b   Thumb Code     2  stm32f0xx_hal_tim.o(i.HAL_TIM_PWM_PulseFinishedCallback)
    HAL_TIM_PeriodElapsedCallback            0x0800149d   Thumb Code   238  tim.o(i.HAL_TIM_PeriodElapsedCallback)
    HAL_TIM_TriggerCallback                  0x08001595   Thumb Code     2  stm32f0xx_hal_tim.o(i.HAL_TIM_TriggerCallback)
    HAL_UARTEx_RxEventCallback               0x08001597   Thumb Code     2  stm32f0xx_hal_uart.o(i.HAL_UARTEx_RxEventCallback)
    HAL_UARTEx_WakeupCallback                0x08001599   Thumb Code     2  stm32f0xx_hal_uart_ex.o(i.HAL_UARTEx_WakeupCallback)
    HAL_UART_ErrorCallback                   0x0800159b   Thumb Code     2  stm32f0xx_hal_uart.o(i.HAL_UART_ErrorCallback)
    HAL_UART_GetError                        0x0800159d   Thumb Code     6  stm32f0xx_hal_uart.o(i.HAL_UART_GetError)
    HAL_UART_IRQHandler                      0x080015a5   Thumb Code   662  stm32f0xx_hal_uart.o(i.HAL_UART_IRQHandler)
    HAL_UART_Init                            0x08001849   Thumb Code   106  stm32f0xx_hal_uart.o(i.HAL_UART_Init)
    HAL_UART_MspInit                         0x080018b5   Thumb Code   156  usart.o(i.HAL_UART_MspInit)
    HAL_UART_Receive_IT                      0x0800195d   Thumb Code   100  stm32f0xx_hal_uart.o(i.HAL_UART_Receive_IT)
    HAL_UART_RxCpltCallback                  0x080019c1   Thumb Code    30  usart.o(i.HAL_UART_RxCpltCallback)
    HAL_UART_Transmit                        0x080019ed   Thumb Code   210  stm32f0xx_hal_uart.o(i.HAL_UART_Transmit)
    HAL_UART_TxCpltCallback                  0x08001abf   Thumb Code     2  stm32f0xx_hal_uart.o(i.HAL_UART_TxCpltCallback)
    HardFault_Handler                        0x08001ac1   Thumb Code     2  stm32f0xx_it.o(i.HardFault_Handler)
    Led_Task                                 0x08001ac5   Thumb Code    90  gpio.o(i.Led_Task)
    MX_GPIO_Init                             0x08001b25   Thumb Code   132  gpio.o(i.MX_GPIO_Init)
    MX_IWDG_Init                             0x08001bb1   Thumb Code    32  iwdg.o(i.MX_IWDG_Init)
    MX_IWDG_Refresh                          0x08001bdd   Thumb Code    10  iwdg.o(i.MX_IWDG_Refresh)
    MX_TIM14_Init                            0x08001bed   Thumb Code    48  tim.o(i.MX_TIM14_Init)
    MX_USART1_UART_Init                      0x08001c29   Thumb Code    66  usart.o(i.MX_USART1_UART_Init)
    MX_USART2_UART_Init                      0x08001c79   Thumb Code    48  usart.o(i.MX_USART2_UART_Init)
    MotorTask                                0x08001cb1   Thumb Code    94  gpio.o(i.MotorTask)
    NMI_Handler                              0x08001d19   Thumb Code     2  stm32f0xx_it.o(i.NMI_Handler)
    PendSV_Handler                           0x08001d1b   Thumb Code     2  stm32f0xx_it.o(i.PendSV_Handler)
    SVC_Handler                              0x08001d1d   Thumb Code     2  stm32f0xx_it.o(i.SVC_Handler)
    SysTick_Handler                          0x08001d1f   Thumb Code     8  stm32f0xx_it.o(i.SysTick_Handler)
    SystemClock_Config                       0x08001d27   Thumb Code   124  main.o(i.SystemClock_Config)
    SystemInit                               0x08001da3   Thumb Code     2  system_stm32f0xx.o(i.SystemInit)
    TIM14_IRQHandler                         0x08001da5   Thumb Code    10  stm32f0xx_it.o(i.TIM14_IRQHandler)
    TIM_Base_SetConfig                       0x08001db5   Thumb Code   124  stm32f0xx_hal_tim.o(i.TIM_Base_SetConfig)
    UART_AdvFeatureConfig                    0x08001e49   Thumb Code   202  stm32f0xx_hal_uart.o(i.UART_AdvFeatureConfig)
    UART_CheckIdleState                      0x08001f15   Thumb Code    94  stm32f0xx_hal_uart.o(i.UART_CheckIdleState)
    UART_SetConfig                           0x0800213d   Thumb Code   282  stm32f0xx_hal_uart.o(i.UART_SetConfig)
    UART_Start_Receive_IT                    0x08002271   Thumb Code   142  stm32f0xx_hal_uart.o(i.UART_Start_Receive_IT)
    UART_WaitOnFlagUntilTimeout              0x0800230d   Thumb Code   212  stm32f0xx_hal_uart.o(i.UART_WaitOnFlagUntilTimeout)
    USART1_IRQHandler                        0x080023e1   Thumb Code    10  stm32f0xx_it.o(i.USART1_IRQHandler)
    __0printf$5                              0x080023f1   Thumb Code    24  printf5.o(i.__0printf$5)
    __1printf$5                              0x080023f1   Thumb Code     0  printf5.o(i.__0printf$5)
    __2printf                                0x080023f1   Thumb Code     0  printf5.o(i.__0printf$5)
    __ARM_common_ll_muluu                    0x08002411   Thumb Code    48  stm32f0xx_hal_rcc.o(i.__ARM_common_ll_muluu)
    __ARM_common_switch8                     0x08002441   Thumb Code    26  stm32f0xx_hal_dma.o(i.__ARM_common_switch8)
    __scatterload_copy                       0x080024a1   Thumb Code    14  handlers.o(i.__scatterload_copy)
    __scatterload_null                       0x080024af   Thumb Code     2  handlers.o(i.__scatterload_null)
    __scatterload_zeroinit                   0x080024b1   Thumb Code    14  handlers.o(i.__scatterload_zeroinit)
    appSetLedState                           0x0800279d   Thumb Code    56  gpio.o(i.appSetLedState)
    appSetMotorState                         0x080027f5   Thumb Code    52  gpio.o(i.appSetMotorState)
    cal_crc16                                0x0800282d   Thumb Code    38  user_crc.o(i.cal_crc16)
    fputc                                    0x08002859   Thumb Code    18  usart.o(i.fputc)
    lock_state_init                          0x08002875   Thumb Code    44  gpio.o(i.lock_state_init)
    lock_stop_detect                         0x080028a9   Thumb Code   150  gpio.o(i.lock_stop_detect)
    main                                     0x08002949   Thumb Code    66  main.o(i.main)
    onCmdClrDevAlarmSetting                  0x0800298d   Thumb Code   130  user_data.o(i.onCmdClrDevAlarmSetting)
    onCmdClrDevAlarmSettingByAddr            0x08002a49   Thumb Code    52  user_data.o(i.onCmdClrDevAlarmSettingByAddr)
    onCmdModifyDeviceSetting                 0x08002ac9   Thumb Code   290  user_data.o(i.onCmdModifyDeviceSetting)
    onCmdQueryDeviceStatus                   0x08002c49   Thumb Code   116  user_data.o(i.onCmdQueryDeviceStatus)
    onCmdSetDeviceStatus                     0x08002cf5   Thumb Code   172  user_data.o(i.onCmdSetDeviceStatus)
    onCmdSetDeviceStatusByAddr               0x08002ded   Thumb Code    70  user_data.o(i.onCmdSetDeviceStatusByAddr)
    onCmdSetLedFlash                         0x08002e81   Thumb Code   154  user_data.o(i.onCmdSetLedFlash)
    onCmdSetLedFlashByAddr                   0x08002f69   Thumb Code    54  user_data.o(i.onCmdSetLedFlashByAddr)
    onReportAutoLockAlarm                    0x08002fed   Thumb Code    76  user_data.o(i.onReportAutoLockAlarm)
    onReportAutoLockAlarmByGunState          0x0800303d   Thumb Code    76  user_data.o(i.onReportAutoLockAlarmByGunState)
    onReportClearDevAlarmSetting             0x0800308d   Thumb Code    80  user_data.o(i.onReportClearDevAlarmSetting)
    onReportDevAlarm                         0x080030e1   Thumb Code    78  user_data.o(i.onReportDevAlarm)
    onReportDeviceOptResult                  0x08003135   Thumb Code    76  user_data.o(i.onReportDeviceOptResult)
    onReportDeviceStatus                     0x08003185   Thumb Code   124  user_data.o(i.onReportDeviceStatus)
    onReportLockFaultAlarm                   0x08003205   Thumb Code    86  user_data.o(i.onReportLockFaultAlarm)
    onReportSetDeviceResult                  0x08003261   Thumb Code   108  user_data.o(i.onReportSetDeviceResult)
    onReportSetLedFlashStatus                0x080032d1   Thumb Code    80  user_data.o(i.onReportSetLedFlashStatus)
    user_buffer_create                       0x08003325   Thumb Code    58  user_buffer.o(i.user_buffer_create)
    user_buffer_item_count                   0x08003379   Thumb Code    22  user_buffer.o(i.user_buffer_item_count)
    user_buffer_read_items                   0x0800338f   Thumb Code    92  user_buffer.o(i.user_buffer_read_items)
    user_buffer_release_items                0x080033eb   Thumb Code    36  user_buffer.o(i.user_buffer_release_items)
    user_buffer_write_items                  0x0800340f   Thumb Code   116  user_buffer.o(i.user_buffer_write_items)
    user_database_init                       0x08003485   Thumb Code   228  user_data.o(i.user_database_init)
    user_database_save                       0x08003675   Thumb Code   138  user_data.o(i.user_database_save)
    user_event_process                       0x08003745   Thumb Code   152  user_protocol.o(i.user_event_process)
    user_huart_error_check                   0x080037f9   Thumb Code    64  usart.o(i.user_huart_error_check)
    user_protocol_handle                     0x08003841   Thumb Code   138  user_protocol.o(i.user_protocol_handle)
    user_protocol_init                       0x080038d5   Thumb Code    18  user_protocol.o(i.user_protocol_init)
    user_protocol_push_data                  0x080038ed   Thumb Code    14  user_protocol.o(i.user_protocol_push_data)
    user_protocol_send_data                  0x08003901   Thumb Code    50  user_protocol.o(i.user_protocol_send_data)
    user_reply_handle                        0x08003935   Thumb Code   180  user_data.o(i.user_reply_handle)
    user_uart1_send_data                     0x080039ed   Thumb Code    16  usart.o(i.user_uart1_send_data)
    AHBPrescTable                            0x08003a04   Data          16  system_stm32f0xx.o(.constdata)
    APBPrescTable                            0x08003a14   Data           8  system_stm32f0xx.o(.constdata)
    Region$$Table$$Base                      0x080041f8   Number         0  anon$$obj.o(Region$$Table)
    Region$$Table$$Limit                     0x08004218   Number         0  anon$$obj.o(Region$$Table)
    uwTickFreq                               0x2000000c   Data           1  stm32f0xx_hal.o(.data)
    uwTickPrio                               0x20000010   Data           4  stm32f0xx_hal.o(.data)
    uwTick                                   0x20000014   Data           4  stm32f0xx_hal.o(.data)
    SystemCoreClock                          0x20000018   Data           4  system_stm32f0xx.o(.data)
    __stdout                                 0x20000020   Data           4  stdout.o(.data)
    lock                                     0x20000024   Data          84  main.o(.bss)
    hiwdg                                    0x20000078   Data          16  iwdg.o(.bss)
    htim14                                   0x20000088   Data          72  tim.o(.bss)
    huart1                                   0x200000d0   Data         132  usart.o(.bss)
    huart2                                   0x20000154   Data         132  usart.o(.bss)
    pFlash                                   0x200001d8   Data          32  stm32f0xx_hal_flash.o(.bss)
    __initial_sp                             0x20000a90   Data           0  startup_stm32f051x8.o(STACK)



==============================================================================

Memory Map of the image

  Image Entry point : 0x080000bd

  Load Region LR_IROM1 (Base: 0x08000000, Size: 0x0000423c, Max: 0x00010000, ABSOLUTE)

    Execution Region ER_IROM1 (Base: 0x08000000, Size: 0x00004218, Max: 0x00010000, ABSOLUTE)

    Base Addr    Size         Type   Attr      Idx    E Section Name        Object

    0x08000000   0x000000bc   Data   RO            3    RESET               startup_stm32f051x8.o
    0x080000bc   0x00000000   Code   RO         3739  * .ARM.Collect$$$$00000000  mc_p.l(entry.o)
    0x080000bc   0x00000004   Code   RO         4015    .ARM.Collect$$$$00000001  mc_p.l(entry2.o)
    0x080000c0   0x00000004   Code   RO         4018    .ARM.Collect$$$$00000004  mc_p.l(entry5.o)
    0x080000c4   0x00000000   Code   RO         4020    .ARM.Collect$$$$00000008  mc_p.l(entry7b.o)
    0x080000c4   0x00000000   Code   RO         4022    .ARM.Collect$$$$0000000A  mc_p.l(entry8b.o)
    0x080000c4   0x00000008   Code   RO         4023    .ARM.Collect$$$$0000000B  mc_p.l(entry9a.o)
    0x080000cc   0x00000000   Code   RO         4025    .ARM.Collect$$$$0000000D  mc_p.l(entry10a.o)
    0x080000cc   0x00000000   Code   RO         4027    .ARM.Collect$$$$0000000F  mc_p.l(entry11a.o)
    0x080000cc   0x00000004   Code   RO         4016    .ARM.Collect$$$$00002712  mc_p.l(entry2.o)
    0x080000d0   0x0000001c   Code   RO            4    .text               startup_stm32f051x8.o
    0x080000ec   0x0000002c   Code   RO         3742    .text               mc_p.l(uidiv.o)
    0x08000118   0x00000060   Code   RO         3744    .text               mc_p.l(uldiv.o)
    0x08000178   0x00000022   Code   RO         3746    .text               mc_p.l(llushr.o)
    0x0800019a   0x00000024   Code   RO         3748    .text               mc_p.l(memcpya.o)
    0x080001be   0x00000024   Code   RO         3750    .text               mc_p.l(memseta.o)
    0x080001e2   0x00000020   Code   RO         4030    .text               mc_p.l(llshl.o)
    0x08000202   0x00000002   PAD
    0x08000204   0x00000024   Code   RO         4043    .text               mc_p.l(init.o)
    0x08000228   0x00000088   Code   RO          180    i.Auto_Lock_Task    gpio.o
    0x080002b0   0x000000aa   Code   RO         3533    i.ComPack           user_protocol.o
    0x0800035a   0x00000002   PAD
    0x0800035c   0x000001a4   Code   RO         3534    i.ComUnpack         user_protocol.o
    0x08000500   0x00000018   Code   RO          404    i.EXTI4_15_IRQHandler  stm32f0xx_it.o
    0x08000518   0x00000004   Code   RO           12    i.Error_Handler     main.o
    0x0800051c   0x00000024   Code   RO         1791    i.FLASH_MassErase   stm32f0xx_hal_flash_ex.o
    0x08000540   0x00000024   Code   RO         1796    i.FLASH_PageErase   stm32f0xx_hal_flash_ex.o
    0x08000564   0x00000020   Code   RO         1692    i.FLASH_Program_HalfWord  stm32f0xx_hal_flash.o
    0x08000584   0x00000038   Code   RO         1693    i.FLASH_SetErrorCode  stm32f0xx_hal_flash.o
    0x080005bc   0x00000050   Code   RO         1694    i.FLASH_WaitForLastOperation  stm32f0xx_hal_flash.o
    0x0800060c   0x00000040   Code   RO         1372    i.HAL_DMA_Abort     stm32f0xx_hal_dma.o
    0x0800064c   0x00000048   Code   RO         1373    i.HAL_DMA_Abort_IT  stm32f0xx_hal_dma.o
    0x08000694   0x000000a0   Code   RO         1797    i.HAL_FLASHEx_Erase  stm32f0xx_hal_flash_ex.o
    0x08000734   0x00000014   Code   RO         1698    i.HAL_FLASH_Lock    stm32f0xx_hal_flash.o
    0x08000748   0x0000007c   Code   RO         1703    i.HAL_FLASH_Program  stm32f0xx_hal_flash.o
    0x080007c4   0x00000028   Code   RO         1705    i.HAL_FLASH_Unlock  stm32f0xx_hal_flash.o
    0x080007ec   0x00000054   Code   RO          181    i.HAL_GPIO_EXTI_Callback  gpio.o
    0x08000840   0x00000018   Code   RO         1310    i.HAL_GPIO_EXTI_IRQHandler  stm32f0xx_hal_gpio.o
    0x08000858   0x000001a4   Code   RO         1311    i.HAL_GPIO_Init     stm32f0xx_hal_gpio.o
    0x080009fc   0x0000000a   Code   RO         1313    i.HAL_GPIO_ReadPin  stm32f0xx_hal_gpio.o
    0x08000a06   0x0000000c   Code   RO         1315    i.HAL_GPIO_WritePin  stm32f0xx_hal_gpio.o
    0x08000a12   0x00000002   PAD
    0x08000a14   0x0000000c   Code   RO          651    i.HAL_GetTick       stm32f0xx_hal.o
    0x08000a20   0x0000000c   Code   RO          654    i.HAL_GetUIDw0      stm32f0xx_hal.o
    0x08000a2c   0x0000000c   Code   RO          655    i.HAL_GetUIDw1      stm32f0xx_hal.o
    0x08000a38   0x0000000c   Code   RO          656    i.HAL_GetUIDw2      stm32f0xx_hal.o
    0x08000a44   0x0000006c   Code   RO          490    i.HAL_IWDG_Init     stm32f0xx_hal_iwdg.o
    0x08000ab0   0x00000010   Code   RO          491    i.HAL_IWDG_Refresh  stm32f0xx_hal_iwdg.o
    0x08000ac0   0x00000010   Code   RO          657    i.HAL_IncTick       stm32f0xx_hal.o
    0x08000ad0   0x00000020   Code   RO          658    i.HAL_Init          stm32f0xx_hal.o
    0x08000af0   0x00000044   Code   RO          659    i.HAL_InitTick      stm32f0xx_hal.o
    0x08000b34   0x00000028   Code   RO          470    i.HAL_MspInit       stm32f0xx_hal_msp.o
    0x08000b5c   0x00000018   Code   RO         1470    i.HAL_NVIC_EnableIRQ  stm32f0xx_hal_cortex.o
    0x08000b74   0x00000008   Code   RO         1474    i.HAL_NVIC_SetPriority  stm32f0xx_hal_cortex.o
    0x08000b7c   0x000000f8   Code   RO          612    i.HAL_RCCEx_PeriphCLKConfig  stm32f0xx_hal_rcc_ex.o
    0x08000c74   0x00000108   Code   RO          517    i.HAL_RCC_ClockConfig  stm32f0xx_hal_rcc.o
    0x08000d7c   0x00000020   Code   RO          524    i.HAL_RCC_GetPCLK1Freq  stm32f0xx_hal_rcc.o
    0x08000d9c   0x00000080   Code   RO          525    i.HAL_RCC_GetSysClockFreq  stm32f0xx_hal_rcc.o
    0x08000e1c   0x00000388   Code   RO          528    i.HAL_RCC_OscConfig  stm32f0xx_hal_rcc.o
    0x080011a4   0x00000088   Code   RO         3297    i.HAL_RS485Ex_Init  stm32f0xx_hal_uart_ex.o
    0x0800122c   0x00000030   Code   RO         1478    i.HAL_SYSTICK_Config  stm32f0xx_hal_cortex.o
    0x0800125c   0x00000002   Code   RO         2642    i.HAL_TIMEx_BreakCallback  stm32f0xx_hal_tim_ex.o
    0x0800125e   0x00000002   Code   RO         2643    i.HAL_TIMEx_CommutCallback  stm32f0xx_hal_tim_ex.o
    0x08001260   0x00000048   Code   RO         1942    i.HAL_TIM_Base_Init  stm32f0xx_hal_tim.o
    0x080012a8   0x00000034   Code   RO          286    i.HAL_TIM_Base_MspInit  tim.o
    0x080012dc   0x00000058   Code   RO         1947    i.HAL_TIM_Base_Start_IT  stm32f0xx_hal_tim.o
    0x08001334   0x00000002   Code   RO         1976    i.HAL_TIM_IC_CaptureCallback  stm32f0xx_hal_tim.o
    0x08001336   0x00000162   Code   RO         1990    i.HAL_TIM_IRQHandler  stm32f0xx_hal_tim.o
    0x08001498   0x00000002   Code   RO         1993    i.HAL_TIM_OC_DelayElapsedCallback  stm32f0xx_hal_tim.o
    0x0800149a   0x00000002   Code   RO         2020    i.HAL_TIM_PWM_PulseFinishedCallback  stm32f0xx_hal_tim.o
    0x0800149c   0x000000f8   Code   RO          287    i.HAL_TIM_PeriodElapsedCallback  tim.o
    0x08001594   0x00000002   Code   RO         2033    i.HAL_TIM_TriggerCallback  stm32f0xx_hal_tim.o
    0x08001596   0x00000002   Code   RO         2914    i.HAL_UARTEx_RxEventCallback  stm32f0xx_hal_uart.o
    0x08001598   0x00000002   Code   RO         3304    i.HAL_UARTEx_WakeupCallback  stm32f0xx_hal_uart_ex.o
    0x0800159a   0x00000002   Code   RO         2930    i.HAL_UART_ErrorCallback  stm32f0xx_hal_uart.o
    0x0800159c   0x00000006   Code   RO         2931    i.HAL_UART_GetError  stm32f0xx_hal_uart.o
    0x080015a2   0x00000002   PAD
    0x080015a4   0x000002a4   Code   RO         2933    i.HAL_UART_IRQHandler  stm32f0xx_hal_uart.o
    0x08001848   0x0000006a   Code   RO         2934    i.HAL_UART_Init     stm32f0xx_hal_uart.o
    0x080018b2   0x00000002   PAD
    0x080018b4   0x000000a8   Code   RO          330    i.HAL_UART_MspInit  usart.o
    0x0800195c   0x00000064   Code   RO         2939    i.HAL_UART_Receive_IT  stm32f0xx_hal_uart.o
    0x080019c0   0x0000002c   Code   RO          331    i.HAL_UART_RxCpltCallback  usart.o
    0x080019ec   0x000000d2   Code   RO         2943    i.HAL_UART_Transmit  stm32f0xx_hal_uart.o
    0x08001abe   0x00000002   Code   RO         2946    i.HAL_UART_TxCpltCallback  stm32f0xx_hal_uart.o
    0x08001ac0   0x00000002   Code   RO          405    i.HardFault_Handler  stm32f0xx_it.o
    0x08001ac2   0x00000002   PAD
    0x08001ac4   0x00000060   Code   RO          182    i.Led_Task          gpio.o
    0x08001b24   0x0000008c   Code   RO          183    i.MX_GPIO_Init      gpio.o
    0x08001bb0   0x0000002c   Code   RO          253    i.MX_IWDG_Init      iwdg.o
    0x08001bdc   0x00000010   Code   RO          254    i.MX_IWDG_Refresh   iwdg.o
    0x08001bec   0x0000003c   Code   RO          288    i.MX_TIM14_Init     tim.o
    0x08001c28   0x00000050   Code   RO          332    i.MX_USART1_UART_Init  usart.o
    0x08001c78   0x00000038   Code   RO          333    i.MX_USART2_UART_Init  usart.o
    0x08001cb0   0x00000068   Code   RO          184    i.MotorTask         gpio.o
    0x08001d18   0x00000002   Code   RO          406    i.NMI_Handler       stm32f0xx_it.o
    0x08001d1a   0x00000002   Code   RO          407    i.PendSV_Handler    stm32f0xx_it.o
    0x08001d1c   0x00000002   Code   RO          408    i.SVC_Handler       stm32f0xx_it.o
    0x08001d1e   0x00000008   Code   RO          409    i.SysTick_Handler   stm32f0xx_it.o
    0x08001d26   0x0000007c   Code   RO           13    i.SystemClock_Config  main.o
    0x08001da2   0x00000002   Code   RO         3365    i.SystemInit        system_stm32f0xx.o
    0x08001da4   0x00000010   Code   RO          410    i.TIM14_IRQHandler  stm32f0xx_it.o
    0x08001db4   0x00000094   Code   RO         2035    i.TIM_Base_SetConfig  stm32f0xx_hal_tim.o
    0x08001e48   0x000000ca   Code   RO         2948    i.UART_AdvFeatureConfig  stm32f0xx_hal_uart.o
    0x08001f12   0x00000002   PAD
    0x08001f14   0x00000064   Code   RO         2949    i.UART_CheckIdleState  stm32f0xx_hal_uart.o
    0x08001f78   0x00000014   Code   RO         2950    i.UART_DMAAbortOnError  stm32f0xx_hal_uart.o
    0x08001f8c   0x0000005e   Code   RO         2960    i.UART_EndRxTransfer  stm32f0xx_hal_uart.o
    0x08001fea   0x000000a8   Code   RO         2962    i.UART_RxISR_16BIT  stm32f0xx_hal_uart.o
    0x08002092   0x000000a8   Code   RO         2963    i.UART_RxISR_8BIT   stm32f0xx_hal_uart.o
    0x0800213a   0x00000002   PAD
    0x0800213c   0x00000134   Code   RO         2964    i.UART_SetConfig    stm32f0xx_hal_uart.o
    0x08002270   0x0000009c   Code   RO         2966    i.UART_Start_Receive_IT  stm32f0xx_hal_uart.o
    0x0800230c   0x000000d4   Code   RO         2969    i.UART_WaitOnFlagUntilTimeout  stm32f0xx_hal_uart.o
    0x080023e0   0x00000010   Code   RO          411    i.USART1_IRQHandler  stm32f0xx_it.o
    0x080023f0   0x00000020   Code   RO         3887    i.__0printf$5       mc_p.l(printf5.o)
    0x08002410   0x00000030   Code   RO          602    i.__ARM_common_ll_muluu  stm32f0xx_hal_rcc.o
    0x08002440   0x0000001a   Code   RO         1461    i.__ARM_common_switch8  stm32f0xx_hal_dma.o
    0x0800245a   0x00000002   PAD
    0x0800245c   0x00000044   Code   RO         1480    i.__NVIC_SetPriority  stm32f0xx_hal_cortex.o
    0x080024a0   0x0000000e   Code   RO         4053    i.__scatterload_copy  mc_p.l(handlers.o)
    0x080024ae   0x00000002   Code   RO         4054    i.__scatterload_null  mc_p.l(handlers.o)
    0x080024b0   0x0000000e   Code   RO         4055    i.__scatterload_zeroinit  mc_p.l(handlers.o)
    0x080024be   0x00000002   PAD
    0x080024c0   0x000002dc   Code   RO         3894    i._printf_core      mc_p.l(printf5.o)
    0x0800279c   0x00000058   Code   RO          185    i.appSetLedState    gpio.o
    0x080027f4   0x00000038   Code   RO          186    i.appSetMotorState  gpio.o
    0x0800282c   0x0000002c   Code   RO         3498    i.cal_crc16         user_crc.o
    0x08002858   0x0000001c   Code   RO          335    i.fputc             usart.o
    0x08002874   0x00000034   Code   RO          187    i.lock_state_init   gpio.o
    0x080028a8   0x000000a0   Code   RO          188    i.lock_stop_detect  gpio.o
    0x08002948   0x00000042   Code   RO           14    i.main              main.o
    0x0800298a   0x00000002   PAD
    0x0800298c   0x000000bc   Code   RO         3597    i.onCmdClrDevAlarmSetting  user_data.o
    0x08002a48   0x00000080   Code   RO         3598    i.onCmdClrDevAlarmSettingByAddr  user_data.o
    0x08002ac8   0x00000180   Code   RO         3599    i.onCmdModifyDeviceSetting  user_data.o
    0x08002c48   0x000000ac   Code   RO         3600    i.onCmdQueryDeviceStatus  user_data.o
    0x08002cf4   0x000000f8   Code   RO         3601    i.onCmdSetDeviceStatus  user_data.o
    0x08002dec   0x00000094   Code   RO         3602    i.onCmdSetDeviceStatusByAddr  user_data.o
    0x08002e80   0x000000e8   Code   RO         3603    i.onCmdSetLedFlash  user_data.o
    0x08002f68   0x00000084   Code   RO         3604    i.onCmdSetLedFlashByAddr  user_data.o
    0x08002fec   0x00000050   Code   RO         3605    i.onReportAutoLockAlarm  user_data.o
    0x0800303c   0x00000050   Code   RO         3606    i.onReportAutoLockAlarmByGunState  user_data.o
    0x0800308c   0x00000054   Code   RO         3607    i.onReportClearDevAlarmSetting  user_data.o
    0x080030e0   0x00000054   Code   RO         3608    i.onReportDevAlarm  user_data.o
    0x08003134   0x00000050   Code   RO         3609    i.onReportDeviceOptResult  user_data.o
    0x08003184   0x00000080   Code   RO         3610    i.onReportDeviceStatus  user_data.o
    0x08003204   0x0000005c   Code   RO         3611    i.onReportLockFaultAlarm  user_data.o
    0x08003260   0x00000070   Code   RO         3612    i.onReportSetDeviceResult  user_data.o
    0x080032d0   0x00000054   Code   RO         3613    i.onReportSetLedFlashStatus  user_data.o
    0x08003324   0x00000054   Code   RO         3399    i.user_buffer_create  user_buffer.o
    0x08003378   0x00000016   Code   RO         3401    i.user_buffer_item_count  user_buffer.o
    0x0800338e   0x0000005c   Code   RO         3403    i.user_buffer_read_items  user_buffer.o
    0x080033ea   0x00000024   Code   RO         3404    i.user_buffer_release_items  user_buffer.o
    0x0800340e   0x00000074   Code   RO         3406    i.user_buffer_write_items  user_buffer.o
    0x08003482   0x00000002   PAD
    0x08003484   0x000001f0   Code   RO         3614    i.user_database_init  user_data.o
    0x08003674   0x000000d0   Code   RO         3615    i.user_database_save  user_data.o
    0x08003744   0x000000b4   Code   RO         3535    i.user_event_process  user_protocol.o
    0x080037f8   0x00000048   Code   RO          336    i.user_huart_error_check  usart.o
    0x08003840   0x00000094   Code   RO         3536    i.user_protocol_handle  user_protocol.o
    0x080038d4   0x00000018   Code   RO         3537    i.user_protocol_init  user_protocol.o
    0x080038ec   0x00000014   Code   RO         3538    i.user_protocol_push_data  user_protocol.o
    0x08003900   0x00000032   Code   RO         3539    i.user_protocol_send_data  user_protocol.o
    0x08003932   0x00000002   PAD
    0x08003934   0x000000b8   Code   RO         3617    i.user_reply_handle  user_data.o
    0x080039ec   0x00000018   Code   RO          337    i.user_uart1_send_data  usart.o
    0x08003a04   0x00000010   Data   RO         3366    .constdata          system_stm32f0xx.o
    0x08003a14   0x00000008   Data   RO         3367    .constdata          system_stm32f0xx.o
    0x08003a1c   0x00000700   Data   RO         3502    .constdata          user_crc.o
    0x0800411c   0x0000000a   Data   RO         3541    .constdata          user_protocol.o
    0x08004126   0x000000d1   Data   RO         3618    .constdata          user_data.o
    0x080041f7   0x00000001   PAD
    0x080041f8   0x00000020   Data   RO         4051    Region$$Table       anon$$obj.o


    Execution Region RW_IRAM1 (Base: 0x20000000, Size: 0x00000a90, Max: 0x00002000, ABSOLUTE)

    Base Addr    Size         Type   Attr      Idx    E Section Name        Object

    0x20000000   0x00000004   Data   RW          189    .data               gpio.o
    0x20000004   0x00000008   Data   RW          339    .data               usart.o
    0x2000000c   0x0000000c   Data   RW          665    .data               stm32f0xx_hal.o
    0x20000018   0x00000004   Data   RW         3368    .data               system_stm32f0xx.o
    0x2000001c   0x00000002   Data   RW         3542    .data               user_protocol.o
    0x2000001e   0x00000002   PAD
    0x20000020   0x00000004   Data   RW         4029    .data               mc_p.l(stdout.o)
    0x20000024   0x00000054   Zero   RW           15    .bss                main.o
    0x20000078   0x00000010   Zero   RW          255    .bss                iwdg.o
    0x20000088   0x00000048   Zero   RW          289    .bss                tim.o
    0x200000d0   0x00000108   Zero   RW          338    .bss                usart.o
    0x200001d8   0x00000020   Zero   RW         1706    .bss                stm32f0xx_hal_flash.o
    0x200001f8   0x00000400   Zero   RW         3409    .bss                user_buffer.o
    0x200005f8   0x00000094   Zero   RW         3540    .bss                user_protocol.o
    0x2000068c   0x00000004   PAD
    0x20000690   0x00000400   Zero   RW            1    STACK               startup_stm32f051x8.o


==============================================================================

Image component sizes


      Code (inc. data)   RO Data    RW Data    ZI Data      Debug   Object Name

       916        102          0          4          0       7304   gpio.o
        60         18          0          0         16       1017   iwdg.o
       194          0          0          0         84     337803   main.o
        28          8        188          0       1024        600   startup_stm32f051x8.o
       164         44          0         12          0       8770   stm32f0xx_hal.o
       148         24          0          0          0      10021   stm32f0xx_hal_cortex.o
       162          0          0          0          0       1639   stm32f0xx_hal_dma.o
       352         56          0          0         32       4142   stm32f0xx_hal_flash.o
       232         30          0          0          0       2797   stm32f0xx_hal_flash_ex.o
       466         30          0          0          0       2870   stm32f0xx_hal_gpio.o
       124         20          0          0          0       1687   stm32f0xx_hal_iwdg.o
        40          6          0          0          0        766   stm32f0xx_hal_msp.o
      1376         92          0          0          0       4225   stm32f0xx_hal_rcc.o
       248         12          0          0          0       1264   stm32f0xx_hal_rcc_ex.o
       670         38          0          0          0       5889   stm32f0xx_hal_tim.o
         4          0          0          0          0       1449   stm32f0xx_hal_tim_ex.o
      2532         60          0          0          0      18897   stm32f0xx_hal_uart.o
       138          4          0          0          0       1655   stm32f0xx_hal_uart_ex.o
        72         12          0          0          0       3272   stm32f0xx_it.o
         2          0         24          4          0       1027   system_stm32f0xx.o
       360         30          0          0         72       2048   tim.o
       472         74          0          8        264       4101   usart.o
       350         26          0          0       1024       4217   user_buffer.o
        44          6       1792          0          0       1088   user_crc.o
      3344        976        209          0          0      13522   user_data.o
      1012        214         10          2        148       5475   user_protocol.o

    ----------------------------------------------------------------------
     13532       1882       2256         32       2668     447545   Object Totals
         0          0         32          0          0          0   (incl. Generated)
        22          0          1          2          4          0   (incl. Padding)

    ----------------------------------------------------------------------

      Code (inc. data)   RO Data    RW Data    ZI Data      Debug   Library Member Name

         0          0          0          0          0          0   entry.o
         0          0          0          0          0          0   entry10a.o
         0          0          0          0          0          0   entry11a.o
         8          4          0          0          0          0   entry2.o
         4          0          0          0          0          0   entry5.o
         0          0          0          0          0          0   entry7b.o
         0          0          0          0          0          0   entry8b.o
         8          4          0          0          0          0   entry9a.o
        30          0          0          0          0          0   handlers.o
        36          8          0          0          0         68   init.o
        32          0          0          0          0         68   llshl.o
        34          0          0          0          0         68   llushr.o
        36          0          0          0          0         60   memcpya.o
        36          0          0          0          0        100   memseta.o
       764         52          0          0          0        168   printf5.o
         0          0          0          4          0          0   stdout.o
        44          0          0          0          0         72   uidiv.o
        96          0          0          0          0         84   uldiv.o

    ----------------------------------------------------------------------
      1132         68          0          4          0        688   Library Totals
         4          0          0          0          0          0   (incl. Padding)

    ----------------------------------------------------------------------

      Code (inc. data)   RO Data    RW Data    ZI Data      Debug   Library Name

      1128         68          0          4          0        688   mc_p.l

    ----------------------------------------------------------------------
      1132         68          0          4          0        688   Library Totals

    ----------------------------------------------------------------------

==============================================================================


      Code (inc. data)   RO Data    RW Data    ZI Data      Debug   

     14664       1950       2256         36       2668     442533   Grand Totals
     14664       1950       2256         36       2668     442533   ELF Image Totals
     14664       1950       2256         36          0          0   ROM Totals

==============================================================================

    Total RO  Size (Code + RO Data)                16920 (  16.52kB)
    Total RW  Size (RW Data + ZI Data)              2704 (   2.64kB)
    Total ROM Size (Code + RO Data + RW Data)      16956 (  16.56kB)

==============================================================================

