Component: ARM Compiler 5.05 update 1 (build 106) Tool: armlink [4d0efa]

==============================================================================

Section Cross References

    startup_stm32f051x8.o(RESET) refers to startup_stm32f051x8.o(STACK) for __initial_sp
    startup_stm32f051x8.o(RESET) refers to startup_stm32f051x8.o(.text) for Reset_Handler
    startup_stm32f051x8.o(RESET) refers to stm32f0xx_it.o(i.NMI_Handler) for NMI_Handler
    startup_stm32f051x8.o(RESET) refers to stm32f0xx_it.o(i.HardFault_Handler) for HardFault_Handler
    startup_stm32f051x8.o(RESET) refers to stm32f0xx_it.o(i.SVC_Handler) for SVC_Handler
    startup_stm32f051x8.o(RESET) refers to stm32f0xx_it.o(i.PendSV_Handler) for PendSV_Handler
    startup_stm32f051x8.o(RESET) refers to stm32f0xx_it.o(i.SysTick_Handler) for SysTick_Handler
    startup_stm32f051x8.o(RESET) refers to stm32f0xx_it.o(i.EXTI4_15_IRQHandler) for EXTI4_15_IRQHandler
    startup_stm32f051x8.o(RESET) refers to stm32f0xx_it.o(i.TIM14_IRQHandler) for TIM14_IRQHandler
    startup_stm32f051x8.o(RESET) refers to stm32f0xx_it.o(i.USART1_IRQHandler) for USART1_IRQHandler
    startup_stm32f051x8.o(.text) refers to system_stm32f0xx.o(i.SystemInit) for SystemInit
    startup_stm32f051x8.o(.text) refers to entry.o(.ARM.Collect$$$$00000000) for __main
    main.o(i.SystemClock_Config) refers to memseta.o(.text) for __aeabi_memclr4
    main.o(i.SystemClock_Config) refers to stm32f0xx_hal_rcc.o(i.HAL_RCC_OscConfig) for HAL_RCC_OscConfig
    main.o(i.SystemClock_Config) refers to stm32f0xx_hal_rcc.o(i.HAL_RCC_ClockConfig) for HAL_RCC_ClockConfig
    main.o(i.SystemClock_Config) refers to stm32f0xx_hal_rcc_ex.o(i.HAL_RCCEx_PeriphCLKConfig) for HAL_RCCEx_PeriphCLKConfig
    main.o(i.main) refers to stm32f0xx_hal.o(i.HAL_Init) for HAL_Init
    main.o(i.main) refers to main.o(i.SystemClock_Config) for SystemClock_Config
    main.o(i.main) refers to gpio.o(i.MX_GPIO_Init) for MX_GPIO_Init
    main.o(i.main) refers to usart.o(i.MX_USART1_UART_Init) for MX_USART1_UART_Init
    main.o(i.main) refers to usart.o(i.MX_USART2_UART_Init) for MX_USART2_UART_Init
    main.o(i.main) refers to tim.o(i.MX_TIM14_Init) for MX_TIM14_Init
    main.o(i.main) refers to user_data.o(i.user_database_init) for user_database_init
    main.o(i.main) refers to gpio.o(i.lock_state_init) for lock_state_init
    main.o(i.main) refers to user_protocol.o(i.user_protocol_handle) for user_protocol_handle
    main.o(i.main) refers to gpio.o(i.MotorTask) for MotorTask
    main.o(i.main) refers to gpio.o(i.Led_Task) for Led_Task
    main.o(i.main) refers to gpio.o(i.Auto_Lock_Task) for Auto_Lock_Task
    main.o(i.main) refers to user_data.o(i.user_reply_handle) for user_reply_handle
    gpio.o(i.Auto_Lock_Task) refers to main.o(.bss) for lock
    gpio.o(i.HAL_GPIO_EXTI_Callback) refers to stm32f0xx_hal_gpio.o(i.HAL_GPIO_ReadPin) for HAL_GPIO_ReadPin
    gpio.o(i.HAL_GPIO_EXTI_Callback) refers to gpio.o(i.lock_stop_detect) for lock_stop_detect
    gpio.o(i.HAL_GPIO_EXTI_Callback) refers to main.o(.bss) for lock
    gpio.o(i.HAL_GPIO_EXTI_Callback) refers to gpio.o(.data) for .data
    gpio.o(i.Led_Task) refers to gpio.o(i.appSetLedState) for appSetLedState
    gpio.o(i.Led_Task) refers to main.o(.bss) for lock
    gpio.o(i.MX_GPIO_Init) refers to memseta.o(.text) for __aeabi_memclr4
    gpio.o(i.MX_GPIO_Init) refers to stm32f0xx_hal_gpio.o(i.HAL_GPIO_WritePin) for HAL_GPIO_WritePin
    gpio.o(i.MX_GPIO_Init) refers to stm32f0xx_hal_gpio.o(i.HAL_GPIO_Init) for HAL_GPIO_Init
    gpio.o(i.MX_GPIO_Init) refers to stm32f0xx_hal_cortex.o(i.HAL_NVIC_SetPriority) for HAL_NVIC_SetPriority
    gpio.o(i.MX_GPIO_Init) refers to stm32f0xx_hal_cortex.o(i.HAL_NVIC_EnableIRQ) for HAL_NVIC_EnableIRQ
    gpio.o(i.MotorTask) refers to gpio.o(i.appSetMotorState) for appSetMotorState
    gpio.o(i.MotorTask) refers to main.o(.bss) for lock
    gpio.o(i.MotorTask) refers to gpio.o(.data) for .data
    gpio.o(i.appSetLedState) refers to printf5.o(i.__0printf$5) for __2printf
    gpio.o(i.appSetLedState) refers to stm32f0xx_hal_gpio.o(i.HAL_GPIO_WritePin) for HAL_GPIO_WritePin
    gpio.o(i.appSetMotorState) refers to stm32f0xx_hal_gpio.o(i.HAL_GPIO_WritePin) for HAL_GPIO_WritePin
    gpio.o(i.lock_state_init) refers to stm32f0xx_hal_gpio.o(i.HAL_GPIO_ReadPin) for HAL_GPIO_ReadPin
    gpio.o(i.lock_state_init) refers to gpio.o(i.lock_stop_detect) for lock_stop_detect
    gpio.o(i.lock_state_init) refers to main.o(.bss) for lock
    gpio.o(i.lock_stop_detect) refers to user_data.o(i.user_database_save) for user_database_save
    gpio.o(i.lock_stop_detect) refers to gpio.o(i.appSetMotorState) for appSetMotorState
    gpio.o(i.lock_stop_detect) refers to main.o(.bss) for lock
    gpio.o(i.lock_stop_detect) refers to gpio.o(.data) for .data
    tim.o(i.HAL_TIM_Base_MspDeInit) refers to stm32f0xx_hal_cortex.o(i.HAL_NVIC_DisableIRQ) for HAL_NVIC_DisableIRQ
[...]
    Removing stm32f0xx_hal_i2c.o(i.HAL_I2C_Master_Transmit), (272 bytes).
    Removing stm32f0xx_hal_i2c.o(i.HAL_I2C_Master_Transmit_DMA), (284 bytes).
    Removing stm32f0xx_hal_i2c.o(i.HAL_I2C_Master_Transmit_IT), (128 bytes).
    Removing stm32f0xx_hal_i2c.o(i.HAL_I2C_MemRxCpltCallback), (2 bytes).
    Removing stm32f0xx_hal_i2c.o(i.HAL_I2C_MemTxCpltCallback), (2 bytes).
    Removing stm32f0xx_hal_i2c.o(i.HAL_I2C_Mem_Read), (340 bytes).
    Removing stm32f0xx_hal_i2c.o(i.HAL_I2C_Mem_Read_DMA), (288 bytes).
    Removing stm32f0xx_hal_i2c.o(i.HAL_I2C_Mem_Read_IT), (188 bytes).
    Removing stm32f0xx_hal_i2c.o(i.HAL_I2C_Mem_Write), (332 bytes).
    Removing stm32f0xx_hal_i2c.o(i.HAL_I2C_Mem_Write_DMA), (280 bytes).
    Removing stm32f0xx_hal_i2c.o(i.HAL_I2C_Mem_Write_IT), (180 bytes).
    Removing stm32f0xx_hal_i2c.o(i.HAL_I2C_MspDeInit), (2 bytes).
    Removing stm32f0xx_hal_i2c.o(i.HAL_I2C_MspInit), (2 bytes).
    Removing stm32f0xx_hal_i2c.o(i.HAL_I2C_SlaveRxCpltCallback), (2 bytes).
    Removing stm32f0xx_hal_i2c.o(i.HAL_I2C_SlaveTxCpltCallback), (2 bytes).
    Removing stm32f0xx_hal_i2c.o(i.HAL_I2C_Slave_Receive), (276 bytes).
    Removing stm32f0xx_hal_i2c.o(i.HAL_I2C_Slave_Receive_DMA), (200 bytes).
    Removing stm32f0xx_hal_i2c.o(i.HAL_I2C_Slave_Receive_IT), (88 bytes).
    Removing stm32f0xx_hal_i2c.o(i.HAL_I2C_Slave_Seq_Receive_DMA), (364 bytes).
    Removing stm32f0xx_hal_i2c.o(i.HAL_I2C_Slave_Seq_Receive_IT), (204 bytes).
    Removing stm32f0xx_hal_i2c.o(i.HAL_I2C_Slave_Seq_Transmit_DMA), (368 bytes).
    Removing stm32f0xx_hal_i2c.o(i.HAL_I2C_Slave_Seq_Transmit_IT), (208 bytes).
    Removing stm32f0xx_hal_i2c.o(i.HAL_I2C_Slave_Transmit), (294 bytes).
    Removing stm32f0xx_hal_i2c.o(i.HAL_I2C_Slave_Transmit_DMA), (196 bytes).
    Removing stm32f0xx_hal_i2c.o(i.HAL_I2C_Slave_Transmit_IT), (88 bytes).
    Removing stm32f0xx_hal_i2c.o(i.I2C_ConvertOtherXferOptions), (28 bytes).
    Removing stm32f0xx_hal_i2c.o(i.I2C_DMAAbort), (28 bytes).
    Removing stm32f0xx_hal_i2c.o(i.I2C_DMAError), (24 bytes).
    Removing stm32f0xx_hal_i2c.o(i.I2C_DMAMasterReceiveCplt), (84 bytes).
    Removing stm32f0xx_hal_i2c.o(i.I2C_DMAMasterTransmitCplt), (84 bytes).
    Removing stm32f0xx_hal_i2c.o(i.I2C_DMASlaveReceiveCplt), (42 bytes).
    Removing stm32f0xx_hal_i2c.o(i.I2C_DMASlaveTransmitCplt), (36 bytes).
    Removing stm32f0xx_hal_i2c.o(i.I2C_Disable_IRQ), (82 bytes).
    Removing stm32f0xx_hal_i2c.o(i.I2C_Enable_IRQ), (92 bytes).
    Removing stm32f0xx_hal_i2c.o(i.I2C_Flush_TXDR), (34 bytes).
    Removing stm32f0xx_hal_i2c.o(i.I2C_ITAddrCplt), (124 bytes).
    Removing stm32f0xx_hal_i2c.o(i.I2C_ITError), (236 bytes).
    Removing stm32f0xx_hal_i2c.o(i.I2C_ITListenCplt), (104 bytes).
    Removing stm32f0xx_hal_i2c.o(i.I2C_ITMasterCplt), (216 bytes).
    Removing stm32f0xx_hal_i2c.o(i.I2C_ITMasterSeqCplt), (70 bytes).
    Removing stm32f0xx_hal_i2c.o(i.I2C_ITSlaveCplt), (316 bytes).
    Removing stm32f0xx_hal_i2c.o(i.I2C_ITSlaveSeqCplt), (106 bytes).
    Removing stm32f0xx_hal_i2c.o(i.I2C_IsAcknowledgeFailed), (136 bytes).
    Removing stm32f0xx_hal_i2c.o(i.I2C_Master_ISR_DMA), (268 bytes).
    Removing stm32f0xx_hal_i2c.o(i.I2C_Master_ISR_IT), (304 bytes).
    Removing stm32f0xx_hal_i2c.o(i.I2C_RequestMemoryRead), (96 bytes).
    Removing stm32f0xx_hal_i2c.o(i.I2C_RequestMemoryWrite), (96 bytes).
    Removing stm32f0xx_hal_i2c.o(i.I2C_Slave_ISR_DMA), (274 bytes).
    Removing stm32f0xx_hal_i2c.o(i.I2C_Slave_ISR_IT), (304 bytes).
    Removing stm32f0xx_hal_i2c.o(i.I2C_TransferConfig), (40 bytes).
    Removing stm32f0xx_hal_i2c.o(i.I2C_TreatErrorCallback), (38 bytes).
    Removing stm32f0xx_hal_i2c.o(i.I2C_WaitOnFlagUntilTimeout), (78 bytes).
    Removing stm32f0xx_hal_i2c.o(i.I2C_WaitOnRXNEFlagUntilTimeout), (128 bytes).
    Removing stm32f0xx_hal_i2c.o(i.I2C_WaitOnSTOPFlagUntilTimeout), (76 bytes).
    Removing stm32f0xx_hal_i2c.o(i.I2C_WaitOnTXISFlagUntilTimeout), (80 bytes).
    Removing stm32f0xx_hal_i2c_ex.o(.rev16_text), (4 bytes).
    Removing stm32f0xx_hal_i2c_ex.o(.revsh_text), (4 bytes).
    Removing stm32f0xx_hal_i2c_ex.o(i.HAL_I2CEx_ConfigAnalogFilter), (74 bytes).
    Removing stm32f0xx_hal_i2c_ex.o(i.HAL_I2CEx_ConfigDigitalFilter), (72 bytes).
    Removing stm32f0xx_hal_i2c_ex.o(i.HAL_I2CEx_DisableFastModePlus), (36 bytes).
    Removing stm32f0xx_hal_i2c_ex.o(i.HAL_I2CEx_DisableWakeUp), (66 bytes).
    Removing stm32f0xx_hal_i2c_ex.o(i.HAL_I2CEx_EnableFastModePlus), (36 bytes).
    Removing stm32f0xx_hal_i2c_ex.o(i.HAL_I2CEx_EnableWakeUp), (66 bytes).
    Removing stm32f0xx_hal_gpio.o(.rev16_text), (4 bytes).
    Removing stm32f0xx_hal_gpio.o(.revsh_text), (4 bytes).
    Removing stm32f0xx_hal_gpio.o(i.HAL_GPIO_DeInit), (212 bytes).
    Removing stm32f0xx_hal_gpio.o(i.HAL_GPIO_EXTI_Callback), (2 bytes).
    Removing stm32f0xx_hal_gpio.o(i.HAL_GPIO_LockPin), (36 bytes).
    Removing stm32f0xx_hal_gpio.o(i.HAL_GPIO_TogglePin), (16 bytes).
    Removing stm32f0xx_hal_dma.o(.rev16_text), (4 bytes).
    Removing stm32f0xx_hal_dma.o(.revsh_text), (4 bytes).
    Removing stm32f0xx_hal_dma.o(i.DMA_CalcBaseAndBitshift), (36 bytes).
    Removing stm32f0xx_hal_dma.o(i.DMA_SetConfig), (40 bytes).
    Removing stm32f0xx_hal_dma.o(i.HAL_DMA_DeInit), (74 bytes).
    Removing stm32f0xx_hal_dma.o(i.HAL_DMA_GetError), (4 bytes).
    Removing stm32f0xx_hal_dma.o(i.HAL_DMA_GetState), (6 bytes).
    Removing stm32f0xx_hal_dma.o(i.HAL_DMA_IRQHandler), (156 bytes).
    Removing stm32f0xx_hal_dma.o(i.HAL_DMA_Init), (84 bytes).
    Removing stm32f0xx_hal_dma.o(i.HAL_DMA_PollForTransfer), (176 bytes).
    Removing stm32f0xx_hal_dma.o(i.HAL_DMA_RegisterCallback), (72 bytes).
    Removing stm32f0xx_hal_dma.o(i.HAL_DMA_Start), (74 bytes).
    Removing stm32f0xx_hal_dma.o(i.HAL_DMA_Start_IT), (106 bytes).
    Removing stm32f0xx_hal_dma.o(i.HAL_DMA_UnRegisterCallback), (78 bytes).
    Removing stm32f0xx_hal_cortex.o(.rev16_text), (4 bytes).
    Removing stm32f0xx_hal_cortex.o(.revsh_text), (4 bytes).
    Removing stm32f0xx_hal_cortex.o(i.HAL_NVIC_ClearPendingIRQ), (24 bytes).
    Removing stm32f0xx_hal_cortex.o(i.HAL_NVIC_DisableIRQ), (32 bytes).
    Removing stm32f0xx_hal_cortex.o(i.HAL_NVIC_GetPendingIRQ), (32 bytes).
    Removing stm32f0xx_hal_cortex.o(i.HAL_NVIC_GetPriority), (52 bytes).
    Removing stm32f0xx_hal_cortex.o(i.HAL_NVIC_SetPendingIRQ), (24 bytes).
    Removing stm32f0xx_hal_cortex.o(i.HAL_NVIC_SystemReset), (28 bytes).
    Removing stm32f0xx_hal_cortex.o(i.HAL_SYSTICK_CLKSourceConfig), (24 bytes).
    Removing stm32f0xx_hal_cortex.o(i.HAL_SYSTICK_Callback), (2 bytes).
    Removing stm32f0xx_hal_cortex.o(i.HAL_SYSTICK_IRQHandler), (8 bytes).
    Removing stm32f0xx_hal_pwr.o(.rev16_text), (4 bytes).
    Removing stm32f0xx_hal_pwr.o(.revsh_text), (4 bytes).
    Removing stm32f0xx_hal_pwr.o(i.HAL_PWR_DeInit), (24 bytes).
    Removing stm32f0xx_hal_pwr.o(i.HAL_PWR_DisableBkUpAccess), (16 bytes).
    Removing stm32f0xx_hal_pwr.o(i.HAL_PWR_DisableSEVOnPend), (16 bytes).
    Removing stm32f0xx_hal_pwr.o(i.HAL_PWR_DisableSleepOnExit), (16 bytes).
    Removing stm32f0xx_hal_pwr.o(i.HAL_PWR_DisableWakeUpPin), (16 bytes).
    Removing stm32f0xx_hal_pwr.o(i.HAL_PWR_EnableBkUpAccess), (16 bytes).
    Removing stm32f0xx_hal_pwr.o(i.HAL_PWR_EnableSEVOnPend), (16 bytes).
    Removing stm32f0xx_hal_pwr.o(i.HAL_PWR_EnableSleepOnExit), (16 bytes).
    Removing stm32f0xx_hal_pwr.o(i.HAL_PWR_EnableWakeUpPin), (16 bytes).
    Removing stm32f0xx_hal_pwr.o(i.HAL_PWR_EnterSLEEPMode), (32 bytes).
    Removing stm32f0xx_hal_pwr.o(i.HAL_PWR_EnterSTANDBYMode), (32 bytes).
    Removing stm32f0xx_hal_pwr.o(i.HAL_PWR_EnterSTOPMode), (52 bytes).
    Removing stm32f0xx_hal_pwr_ex.o(.rev16_text), (4 bytes).
    Removing stm32f0xx_hal_pwr_ex.o(.revsh_text), (4 bytes).
    Removing stm32f0xx_hal_pwr_ex.o(i.HAL_PWR_ConfigPVD), (104 bytes).
    Removing stm32f0xx_hal_pwr_ex.o(i.HAL_PWR_DisablePVD), (16 bytes).
    Removing stm32f0xx_hal_pwr_ex.o(i.HAL_PWR_EnablePVD), (16 bytes).
    Removing stm32f0xx_hal_pwr_ex.o(i.HAL_PWR_PVDCallback), (2 bytes).
    Removing stm32f0xx_hal_pwr_ex.o(i.HAL_PWR_PVD_IRQHandler), (28 bytes).
    Removing stm32f0xx_hal_flash.o(.rev16_text), (4 bytes).
    Removing stm32f0xx_hal_flash.o(.revsh_text), (4 bytes).
    Removing stm32f0xx_hal_flash.o(i.HAL_FLASH_EndOfOperationCallback), (2 bytes).
    Removing stm32f0xx_hal_flash.o(i.HAL_FLASH_GetError), (12 bytes).
    Removing stm32f0xx_hal_flash.o(i.HAL_FLASH_IRQHandler), (264 bytes).
    Removing stm32f0xx_hal_flash.o(i.HAL_FLASH_OB_Launch), (32 bytes).
    Removing stm32f0xx_hal_flash.o(i.HAL_FLASH_OB_Lock), (20 bytes).
    Removing stm32f0xx_hal_flash.o(i.HAL_FLASH_OB_Unlock), (36 bytes).
    Removing stm32f0xx_hal_flash.o(i.HAL_FLASH_OperationErrorCallback), (2 bytes).
    Removing stm32f0xx_hal_flash.o(i.HAL_FLASH_Program_IT), (100 bytes).
    Removing stm32f0xx_hal_flash_ex.o(.rev16_text), (4 bytes).
    Removing stm32f0xx_hal_flash_ex.o(.revsh_text), (4 bytes).
    Removing stm32f0xx_hal_flash_ex.o(i.FLASH_OB_DisableWRP), (108 bytes).
    Removing stm32f0xx_hal_flash_ex.o(i.FLASH_OB_EnableWRP), (108 bytes).
    Removing stm32f0xx_hal_flash_ex.o(i.FLASH_OB_GetRDP), (32 bytes).
    Removing stm32f0xx_hal_flash_ex.o(i.FLASH_OB_RDP_LevelConfig), (96 bytes).
    Removing stm32f0xx_hal_flash_ex.o(i.HAL_FLASHEx_Erase_IT), (88 bytes).
    Removing stm32f0xx_hal_flash_ex.o(i.HAL_FLASHEx_OBErase), (80 bytes).
    Removing stm32f0xx_hal_flash_ex.o(i.HAL_FLASHEx_OBGetConfig), (36 bytes).
    Removing stm32f0xx_hal_flash_ex.o(i.HAL_FLASHEx_OBGetUserData), (28 bytes).
    Removing stm32f0xx_hal_flash_ex.o(i.HAL_FLASHEx_OBProgram), (204 bytes).
    Removing stm32f0xx_hal_exti.o(.rev16_text), (4 bytes).
    Removing stm32f0xx_hal_exti.o(.revsh_text), (4 bytes).
    Removing stm32f0xx_hal_exti.o(i.HAL_EXTI_ClearConfigLine), (100 bytes).
    Removing stm32f0xx_hal_exti.o(i.HAL_EXTI_ClearPending), (20 bytes).
    Removing stm32f0xx_hal_exti.o(i.HAL_EXTI_GenerateSWI), (20 bytes).
    Removing stm32f0xx_hal_exti.o(i.HAL_EXTI_GetConfigLine), (136 bytes).
    Removing stm32f0xx_hal_exti.o(i.HAL_EXTI_GetHandle), (14 bytes).
    Removing stm32f0xx_hal_exti.o(i.HAL_EXTI_GetPending), (24 bytes).
    Removing stm32f0xx_hal_exti.o(i.HAL_EXTI_IRQHandler), (36 bytes).
    Removing stm32f0xx_hal_exti.o(i.HAL_EXTI_RegisterCallback), (16 bytes).
    Removing stm32f0xx_hal_exti.o(i.HAL_EXTI_SetConfigLine), (148 bytes).
    Removing stm32f0xx_hal_uart.o(.rev16_text), (4 bytes).
    Removing stm32f0xx_hal_uart.o(.revsh_text), (4 bytes).
    Removing stm32f0xx_hal_uart.o(i.HAL_HalfDuplex_EnableReceiver), (78 bytes).
    Removing stm32f0xx_hal_uart.o(i.HAL_HalfDuplex_EnableTransmitter), (78 bytes).
    Removing stm32f0xx_hal_uart.o(i.HAL_HalfDuplex_Init), (116 bytes).
    Removing stm32f0xx_hal_uart.o(i.HAL_LIN_Init), (146 bytes).
    Removing stm32f0xx_hal_uart.o(i.HAL_LIN_SendBreak), (44 bytes).
    Removing stm32f0xx_hal_uart.o(i.HAL_MultiProcessor_DisableMuteMode), (58 bytes).
    Removing stm32f0xx_hal_uart.o(i.HAL_MultiProcessor_EnableMuteMode), (58 bytes).
    Removing stm32f0xx_hal_uart.o(i.HAL_MultiProcessor_EnterMuteMode), (12 bytes).
    Removing stm32f0xx_hal_uart.o(i.HAL_MultiProcessor_Init), (142 bytes).
    Removing stm32f0xx_hal_uart.o(i.HAL_UART_Abort), (252 bytes).
    Removing stm32f0xx_hal_uart.o(i.HAL_UART_AbortCpltCallback), (2 bytes).
    Removing stm32f0xx_hal_uart.o(i.HAL_UART_AbortReceive), (184 bytes).
    Removing stm32f0xx_hal_uart.o(i.HAL_UART_AbortReceiveCpltCallback), (2 bytes).
    Removing stm32f0xx_hal_uart.o(i.HAL_UART_AbortReceive_IT), (200 bytes).
    Removing stm32f0xx_hal_uart.o(i.HAL_UART_AbortTransmit), (112 bytes).
    Removing stm32f0xx_hal_uart.o(i.HAL_UART_AbortTransmitCpltCallback), (2 bytes).
    Removing stm32f0xx_hal_uart.o(i.HAL_UART_AbortTransmit_IT), (116 bytes).
    Removing stm32f0xx_hal_uart.o(i.HAL_UART_Abort_IT), (292 bytes).
    Removing stm32f0xx_hal_uart.o(i.HAL_UART_DMAPause), (150 bytes).
    Removing stm32f0xx_hal_uart.o(i.HAL_UART_DMAResume), (140 bytes).
    Removing stm32f0xx_hal_uart.o(i.HAL_UART_DMAStop), (154 bytes).
    Removing stm32f0xx_hal_uart.o(i.HAL_UART_DeInit), (62 bytes).
    Removing stm32f0xx_hal_uart.o(i.HAL_UART_DisableReceiverTimeout), (52 bytes).
    Removing stm32f0xx_hal_uart.o(i.HAL_UART_EnableReceiverTimeout), (52 bytes).
    Removing stm32f0xx_hal_uart.o(i.HAL_UART_GetError), (6 bytes).
    Removing stm32f0xx_hal_uart.o(i.HAL_UART_GetState), (10 bytes).
    Removing stm32f0xx_hal_uart.o(i.HAL_UART_MspDeInit), (2 bytes).
    Removing stm32f0xx_hal_uart.o(i.HAL_UART_MspInit), (2 bytes).
    Removing stm32f0xx_hal_uart.o(i.HAL_UART_Receive), (252 bytes).
    Removing stm32f0xx_hal_uart.o(i.HAL_UART_Receive_DMA), (100 bytes).
    Removing stm32f0xx_hal_uart.o(i.HAL_UART_ReceiverTimeout_Config), (14 bytes).
    Removing stm32f0xx_hal_uart.o(i.HAL_UART_RxCpltCallback), (2 bytes).
    Removing stm32f0xx_hal_uart.o(i.HAL_UART_RxHalfCpltCallback), (2 bytes).
    Removing stm32f0xx_hal_uart.o(i.HAL_UART_Transmit_DMA), (192 bytes).
    Removing stm32f0xx_hal_uart.o(i.HAL_UART_Transmit_IT), (136 bytes).
    Removing stm32f0xx_hal_uart.o(i.HAL_UART_TxHalfCpltCallback), (2 bytes).
    Removing stm32f0xx_hal_uart.o(i.UART_DMAError), (76 bytes).
    Removing stm32f0xx_hal_uart.o(i.UART_DMAReceiveCplt), (148 bytes).
    Removing stm32f0xx_hal_uart.o(i.UART_DMARxAbortCallback), (64 bytes).
    Removing stm32f0xx_hal_uart.o(i.UART_DMARxHalfCplt), (28 bytes).
    Removing stm32f0xx_hal_uart.o(i.UART_DMARxOnlyAbortCallback), (38 bytes).
    Removing stm32f0xx_hal_uart.o(i.UART_DMATransmitCplt), (74 bytes).
    Removing stm32f0xx_hal_uart.o(i.UART_DMATxAbortCallback), (54 bytes).
    Removing stm32f0xx_hal_uart.o(i.UART_DMATxHalfCplt), (10 bytes).
    Removing stm32f0xx_hal_uart.o(i.UART_DMATxOnlyAbortCallback), (20 bytes).
    Removing stm32f0xx_hal_uart.o(i.UART_EndTxTransfer), (32 bytes).
    Removing stm32f0xx_hal_uart.o(i.UART_Start_Receive_DMA), (176 bytes).
    Removing stm32f0xx_hal_uart.o(i.UART_TxISR_16BIT), (94 bytes).
    Removing stm32f0xx_hal_uart.o(i.UART_TxISR_8BIT), (90 bytes).
    Removing stm32f0xx_hal_uart_ex.o(.rev16_text), (4 bytes).
    Removing stm32f0xx_hal_uart_ex.o(.revsh_text), (4 bytes).
    Removing stm32f0xx_hal_uart_ex.o(i.HAL_MultiProcessorEx_AddressLength_Set), (52 bytes).
    Removing stm32f0xx_hal_uart_ex.o(i.HAL_UARTEx_DisableStopMode), (48 bytes).
    Removing stm32f0xx_hal_uart_ex.o(i.HAL_UARTEx_EnableStopMode), (48 bytes).
    Removing stm32f0xx_hal_uart_ex.o(i.HAL_UARTEx_ReceiveToIdle), (312 bytes).
    Removing stm32f0xx_hal_uart_ex.o(i.HAL_UARTEx_ReceiveToIdle_DMA), (114 bytes).
    Removing stm32f0xx_hal_uart_ex.o(i.HAL_UARTEx_ReceiveToIdle_IT), (114 bytes).
    Removing stm32f0xx_hal_uart_ex.o(i.HAL_UARTEx_StopModeWakeUpSourceConfig), (152 bytes).
    Removing system_stm32f0xx.o(.rev16_text), (4 bytes).
    Removing system_stm32f0xx.o(.revsh_text), (4 bytes).
    Removing system_stm32f0xx.o(i.SystemCoreClockUpdate), (108 bytes).
    Removing user_buffer.o(i.get_room_left), (22 bytes).
    Removing user_buffer.o(i.user_buffer_cfm_write), (22 bytes).
    Removing user_buffer.o(i.user_buffer_clear), (18 bytes).
    Removing user_buffer.o(i.user_buffer_initialized), (18 bytes).
    Removing user_buffer.o(i.user_buffer_read_address), (44 bytes).
    Removing user_buffer.o(i.user_buffer_write_check), (86 bytes).
    Removing user_buffer.o(i.user_check_buffer_almost_empty), (32 bytes).
    Removing user_buffer.o(i.user_check_buffer_almost_full), (30 bytes).
    Removing user_crc.o(i.cal_crc32), (40 bytes).
    Removing user_crc.o(i.cal_crc8), (28 bytes).
    Removing user_crc.o(i.cal_table_low_first), (26 bytes).
    Removing user_data.o(.rev16_text), (4 bytes).
    Removing user_data.o(.revsh_text), (4 bytes).
    Removing user_data.o(i.user_read_flash), (4 bytes).
    Removing dadd.o(.text), (356 bytes).
    Removing dmul.o(.text), (208 bytes).
    Removing ddiv.o(.text), (240 bytes).
    Removing dfixul.o(.text), (64 bytes).
    Removing cdrcmple.o(.text), (40 bytes).
    Removing depilogue.o(.text), (190 bytes).
    Removing depilogue.o(i.__ARM_clz), (46 bytes).

459 unused section(s) (total 38564 bytes) removed from the image.

==============================================================================

Image Symbol Table

    Local Symbols

    Symbol Name                              Value     Ov Type        Size  Object(Section)

    ../Core/Src/gpio.c                       0x00000000   Number         0  gpio.o ABSOLUTE
    ../Core/Src/main.c                       0x00000000   Number         0  main.o ABSOLUTE
    ../Core/Src/stm32f0xx_hal_msp.c          0x00000000   Number         0  stm32f0xx_hal_msp.o ABSOLUTE
    ../Core/Src/stm32f0xx_it.c               0x00000000   Number         0  stm32f0xx_it.o ABSOLUTE
    ../Core/Src/system_stm32f0xx.c           0x00000000   Number         0  system_stm32f0xx.o ABSOLUTE
    ../Core/Src/tim.c                        0x00000000   Number         0  tim.o ABSOLUTE
    ../Core/Src/usart.c                      0x00000000   Number         0  usart.o ABSOLUTE
    ../Drivers/STM32F0xx_HAL_Driver/Src/stm32f0xx_hal.c 0x00000000   Number         0  stm32f0xx_hal.o ABSOLUTE
    ../Drivers/STM32F0xx_HAL_Driver/Src/stm32f0xx_hal_cortex.c 0x00000000   Number         0  stm32f0xx_hal_cortex.o ABSOLUTE
    ../Drivers/STM32F0xx_HAL_Driver/Src/stm32f0xx_hal_dma.c 0x00000000   Number         0  stm32f0xx_hal_dma.o ABSOLUTE
    ../Drivers/STM32F0xx_HAL_Driver/Src/stm32f0xx_hal_exti.c 0x00000000   Number         0  stm32f0xx_hal_exti.o ABSOLUTE
    ../Drivers/STM32F0xx_HAL_Driver/Src/stm32f0xx_hal_flash.c 0x00000000   Number         0  stm32f0xx_hal_flash.o ABSOLUTE
    ../Drivers/STM32F0xx_HAL_Driver/Src/stm32f0xx_hal_flash_ex.c 0x00000000   Number         0  stm32f0xx_hal_flash_ex.o ABSOLUTE
    ../Drivers/STM32F0xx_HAL_Driver/Src/stm32f0xx_hal_gpio.c 0x00000000   Number         0  stm32f0xx_hal_gpio.o ABSOLUTE
    ../Drivers/STM32F0xx_HAL_Driver/Src/stm32f0xx_hal_i2c.c 0x00000000   Number         0  stm32f0xx_hal_i2c.o ABSOLUTE
    ../Drivers/STM32F0xx_HAL_Driver/Src/stm32f0xx_hal_i2c_ex.c 0x00000000   Number         0  stm32f0xx_hal_i2c_ex.o ABSOLUTE
    ../Drivers/STM32F0xx_HAL_Driver/Src/stm32f0xx_hal_pwr.c 0x00000000   Number         0  stm32f0xx_hal_pwr.o ABSOLUTE
    ../Drivers/STM32F0xx_HAL_Driver/Src/stm32f0xx_hal_pwr_ex.c 0x00000000   Number         0  stm32f0xx_hal_pwr_ex.o ABSOLUTE
    ../Drivers/STM32F0xx_HAL_Driver/Src/stm32f0xx_hal_rcc.c 0x00000000   Number         0  stm32f0xx_hal_rcc.o ABSOLUTE
    ../Drivers/STM32F0xx_HAL_Driver/Src/stm32f0xx_hal_rcc_ex.c 0x00000000   Number         0  stm32f0xx_hal_rcc_ex.o ABSOLUTE
    ../Drivers/STM32F0xx_HAL_Driver/Src/stm32f0xx_hal_tim.c 0x00000000   Number         0  stm32f0xx_hal_tim.o ABSOLUTE
    ../Drivers/STM32F0xx_HAL_Driver/Src/stm32f0xx_hal_tim_ex.c 0x00000000   Number         0  stm32f0xx_hal_tim_ex.o ABSOLUTE
    ../Drivers/STM32F0xx_HAL_Driver/Src/stm32f0xx_hal_uart.c 0x00000000   Number         0  stm32f0xx_hal_uart.o ABSOLUTE
    ../Drivers/STM32F0xx_HAL_Driver/Src/stm32f0xx_hal_uart_ex.c 0x00000000   Number         0  stm32f0xx_hal_uart_ex.o ABSOLUTE
    ../clib/microlib/division.c              0x00000000   Number         0  uldiv.o ABSOLUTE
    ../clib/microlib/division.c              0x00000000   Number         0  uidiv.o ABSOLUTE
    ../clib/microlib/init/entry.s            0x00000000   Number         0  entry2.o ABSOLUTE
    ../clib/microlib/init/entry.s            0x00000000   Number         0  entry8a.o ABSOLUTE
    ../clib/microlib/init/entry.s            0x00000000   Number         0  entry9a.o ABSOLUTE
    ../clib/microlib/init/entry.s            0x00000000   Number         0  entry8b.o ABSOLUTE
    ../clib/microlib/init/entry.s            0x00000000   Number         0  entry5.o ABSOLUTE
    ../clib/microlib/init/entry.s            0x00000000   Number         0  entry.o ABSOLUTE
    ../clib/microlib/init/entry.s            0x00000000   Number         0  entry7b.o ABSOLUTE
    ../clib/microlib/init/entry.s            0x00000000   Number         0  entry7a.o ABSOLUTE
    ../clib/microlib/init/entry.s            0x00000000   Number         0  entry11b.o ABSOLUTE
    ../clib/microlib/init/entry.s            0x00000000   Number         0  entry11a.o ABSOLUTE
    ../clib/microlib/init/entry.s            0x00000000   Number         0  entry10b.o ABSOLUTE
    ../clib/microlib/init/entry.s            0x00000000   Number         0  entry10a.o ABSOLUTE
    ../clib/microlib/init/entry.s            0x00000000   Number         0  entry9b.o ABSOLUTE
    ../clib/microlib/longlong.c              0x00000000   Number         0  llshl.o ABSOLUTE
    ../clib/microlib/longlong.c              0x00000000   Number         0  llsshr.o ABSOLUTE
    ../clib/microlib/longlong.c              0x00000000   Number         0  llushr.o ABSOLUTE
    ../clib/microlib/printf/printf.c         0x00000000   Number         0  printf7.o ABSOLUTE
    ../clib/microlib/printf/printf.c         0x00000000   Number         0  printf8.o ABSOLUTE
    ../clib/microlib/printf/printf.c         0x00000000   Number         0  printf6.o ABSOLUTE
    ../clib/microlib/printf/printf.c         0x00000000   Number         0  printf5.o ABSOLUTE
    ../clib/microlib/printf/printf.c         0x00000000   Number         0  printf4.o ABSOLUTE
    ../clib/microlib/printf/printf.c         0x00000000   Number         0  printf3.o ABSOLUTE
    ../clib/microlib/printf/printf.c         0x00000000   Number         0  printf2.o ABSOLUTE
    ../clib/microlib/printf/printf.c         0x00000000   Number         0  printf0.o ABSOLUTE
    ../clib/microlib/printf/printf.c         0x00000000   Number         0  printfb.o ABSOLUTE
    ../clib/microlib/printf/printf.c         0x00000000   Number         0  printfa.o ABSOLUTE
    ../clib/microlib/printf/printf.c         0x00000000   Number         0  printf1.o ABSOLUTE
    ../clib/microlib/printf/stubs.s          0x00000000   Number         0  stubs.o ABSOLUTE
    ../clib/microlib/stdio/streams.c         0x00000000   Number         0  stdout.o ABSOLUTE
    ../clib/microlib/string/memcpy.c         0x00000000   Number         0  memcpyb.o ABSOLUTE
    ../clib/microlib/string/memcpy.c         0x00000000   Number         0  memcpya.o ABSOLUTE
    ../clib/microlib/string/memset.c         0x00000000   Number         0  memseta.o ABSOLUTE
    ../clib/microlib/stubs.s                 0x00000000   Number         0  iusefp.o ABSOLUTE
    ../fplib/microlib/fpadd.c                0x00000000   Number         0  dadd.o ABSOLUTE
    ../fplib/microlib/fpdiv.c                0x00000000   Number         0  ddiv.o ABSOLUTE
    ../fplib/microlib/fpepilogue.c           0x00000000   Number         0  depilogue.o ABSOLUTE
    ../fplib/microlib/fpfix.c                0x00000000   Number         0  dfixul.o ABSOLUTE
    ../fplib/microlib/fpmul.c                0x00000000   Number         0  dmul.o ABSOLUTE
    ..\App\src\user_buffer.c                 0x00000000   Number         0  user_buffer.o ABSOLUTE
    ..\App\src\user_crc.c                    0x00000000   Number         0  user_crc.o ABSOLUTE
    ..\App\src\user_data.c                   0x00000000   Number         0  user_data.o ABSOLUTE
    ..\App\src\user_protocol.c               0x00000000   Number         0  user_protocol.o ABSOLUTE
    ..\Core\Src\gpio.c                       0x00000000   Number         0  gpio.o ABSOLUTE
    ..\Core\Src\main.c                       0x00000000   Number         0  main.o ABSOLUTE
    ..\Core\Src\stm32f0xx_hal_msp.c          0x00000000   Number         0  stm32f0xx_hal_msp.o ABSOLUTE
    ..\Core\Src\stm32f0xx_it.c               0x00000000   Number         0  stm32f0xx_it.o ABSOLUTE
    ..\Core\Src\system_stm32f0xx.c           0x00000000   Number         0  system_stm32f0xx.o ABSOLUTE
    ..\Core\Src\tim.c                        0x00000000   Number         0  tim.o ABSOLUTE
    ..\Core\Src\usart.c                      0x00000000   Number         0  usart.o ABSOLUTE
    ..\Drivers\STM32F0xx_HAL_Driver\Src\stm32f0xx_hal.c 0x00000000   Number         0  stm32f0xx_hal.o ABSOLUTE
    ..\Drivers\STM32F0xx_HAL_Driver\Src\stm32f0xx_hal_cortex.c 0x00000000   Number         0  stm32f0xx_hal_cortex.o ABSOLUTE
    ..\Drivers\STM32F0xx_HAL_Driver\Src\stm32f0xx_hal_dma.c 0x00000000   Number         0  stm32f0xx_hal_dma.o ABSOLUTE
    ..\Drivers\STM32F0xx_HAL_Driver\Src\stm32f0xx_hal_exti.c 0x00000000   Number         0  stm32f0xx_hal_exti.o ABSOLUTE
    ..\Drivers\STM32F0xx_HAL_Driver\Src\stm32f0xx_hal_flash.c 0x00000000   Number         0  stm32f0xx_hal_flash.o ABSOLUTE
    ..\Drivers\STM32F0xx_HAL_Driver\Src\stm32f0xx_hal_flash_ex.c 0x00000000   Number         0  stm32f0xx_hal_flash_ex.o ABSOLUTE
    ..\Drivers\STM32F0xx_HAL_Driver\Src\stm32f0xx_hal_gpio.c 0x00000000   Number         0  stm32f0xx_hal_gpio.o ABSOLUTE
    ..\Drivers\STM32F0xx_HAL_Driver\Src\stm32f0xx_hal_i2c.c 0x00000000   Number         0  stm32f0xx_hal_i2c.o ABSOLUTE
    ..\Drivers\STM32F0xx_HAL_Driver\Src\stm32f0xx_hal_i2c_ex.c 0x00000000   Number         0  stm32f0xx_hal_i2c_ex.o ABSOLUTE
    ..\Drivers\STM32F0xx_HAL_Driver\Src\stm32f0xx_hal_pwr.c 0x00000000   Number         0  stm32f0xx_hal_pwr.o ABSOLUTE
    ..\Drivers\STM32F0xx_HAL_Driver\Src\stm32f0xx_hal_pwr_ex.c 0x00000000   Number         0  stm32f0xx_hal_pwr_ex.o ABSOLUTE
    ..\Drivers\STM32F0xx_HAL_Driver\Src\stm32f0xx_hal_rcc.c 0x00000000   Number         0  stm32f0xx_hal_rcc.o ABSOLUTE
    ..\Drivers\STM32F0xx_HAL_Driver\Src\stm32f0xx_hal_rcc_ex.c 0x00000000   Number         0  stm32f0xx_hal_rcc_ex.o ABSOLUTE
    ..\Drivers\STM32F0xx_HAL_Driver\Src\stm32f0xx_hal_tim.c 0x00000000   Number         0  stm32f0xx_hal_tim.o ABSOLUTE
    ..\Drivers\STM32F0xx_HAL_Driver\Src\stm32f0xx_hal_tim_ex.c 0x00000000   Number         0  stm32f0xx_hal_tim_ex.o ABSOLUTE
    ..\Drivers\STM32F0xx_HAL_Driver\Src\stm32f0xx_hal_uart.c 0x00000000   Number         0  stm32f0xx_hal_uart.o ABSOLUTE
    ..\Drivers\STM32F0xx_HAL_Driver\Src\stm32f0xx_hal_uart_ex.c 0x00000000   Number         0  stm32f0xx_hal_uart_ex.o ABSOLUTE
    ..\\App\\src\\user_data.c                0x00000000   Number         0  user_data.o ABSOLUTE
    cdrcmple.s                               0x00000000   Number         0  cdrcmple.o ABSOLUTE
    dc.s                                     0x00000000   Number         0  dc.o ABSOLUTE
    handlers.s                               0x00000000   Number         0  handlers.o ABSOLUTE
    init.s                                   0x00000000   Number         0  init.o ABSOLUTE
    startup_stm32f051x8.s                    0x00000000   Number         0  startup_stm32f051x8.o ABSOLUTE
    RESET                                    0x08000000   Section      188  startup_stm32f051x8.o(RESET)
    .ARM.Collect$$$$00000000                 0x080000bc   Section        0  entry.o(.ARM.Collect$$$$00000000)
    .ARM.Collect$$$$00000001                 0x080000bc   Section        4  entry2.o(.ARM.Collect$$$$00000001)
    .ARM.Collect$$$$00000004                 0x080000c0   Section        4  entry5.o(.ARM.Collect$$$$00000004)
    .ARM.Collect$$$$00000008                 0x080000c4   Section        0  entry7b.o(.ARM.Collect$$$$00000008)
    .ARM.Collect$$$$0000000A                 0x080000c4   Section        0  entry8b.o(.ARM.Collect$$$$0000000A)
    .ARM.Collect$$$$0000000B                 0x080000c4   Section        8  entry9a.o(.ARM.Collect$$$$0000000B)
    .ARM.Collect$$$$0000000D                 0x080000cc   Section        0  entry10a.o(.ARM.Collect$$$$0000000D)
    .ARM.Collect$$$$0000000F                 0x080000cc   Section        0  entry11a.o(.ARM.Collect$$$$0000000F)
    .ARM.Collect$$$$00002712                 0x080000cc   Section        4  entry2.o(.ARM.Collect$$$$00002712)
    __lit__00000000                          0x080000cc   Data           4  entry2.o(.ARM.Collect$$$$00002712)
    .text                                    0x080000d0   Section       28  startup_stm32f051x8.o(.text)
    .text                                    0x080000ec   Section        0  uidiv.o(.text)
    .text                                    0x08000118   Section        0  uldiv.o(.text)
    .text                                    0x08000178   Section        0  llushr.o(.text)
    .text                                    0x0800019a   Section        0  memcpya.o(.text)
    .text                                    0x080001be   Section        0  memseta.o(.text)
    .text                                    0x080001e2   Section        0  llshl.o(.text)
    .text                                    0x08000204   Section       36  init.o(.text)
    i.Auto_Lock_Task                         0x08000228   Section        0  gpio.o(i.Auto_Lock_Task)
    i.ComPack                                0x08000254   Section        0  user_protocol.o(i.ComPack)
    i.ComUnpack                              0x08000300   Section        0  user_protocol.o(i.ComUnpack)
    i.EXTI4_15_IRQHandler                    0x080004a4   Section        0  stm32f0xx_it.o(i.EXTI4_15_IRQHandler)
    i.Error_Handler                          0x080004bc   Section        0  main.o(i.Error_Handler)
    i.FLASH_MassErase                        0x080004c0   Section        0  stm32f0xx_hal_flash_ex.o(i.FLASH_MassErase)
    FLASH_MassErase                          0x080004c1   Thumb Code    26  stm32f0xx_hal_flash_ex.o(i.FLASH_MassErase)
    i.FLASH_PageErase                        0x080004e4   Section        0  stm32f0xx_hal_flash_ex.o(i.FLASH_PageErase)
    i.FLASH_Program_HalfWord                 0x08000508   Section        0  stm32f0xx_hal_flash.o(i.FLASH_Program_HalfWord)
    FLASH_Program_HalfWord                   0x08000509   Thumb Code    22  stm32f0xx_hal_flash.o(i.FLASH_Program_HalfWord)
    i.FLASH_SetErrorCode                     0x08000528   Section        0  stm32f0xx_hal_flash.o(i.FLASH_SetErrorCode)
    FLASH_SetErrorCode                       0x08000529   Thumb Code    46  stm32f0xx_hal_flash.o(i.FLASH_SetErrorCode)
    i.FLASH_WaitForLastOperation             0x08000560   Section        0  stm32f0xx_hal_flash.o(i.FLASH_WaitForLastOperation)
    i.HAL_DMA_Abort                          0x080005b0   Section        0  stm32f0xx_hal_dma.o(i.HAL_DMA_Abort)
    i.HAL_DMA_Abort_IT                       0x080005f0   Section        0  stm32f0xx_hal_dma.o(i.HAL_DMA_Abort_IT)
    i.HAL_FLASHEx_Erase                      0x08000638   Section        0  stm32f0xx_hal_flash_ex.o(i.HAL_FLASHEx_Erase)
    i.HAL_FLASH_Lock                         0x080006d8   Section        0  stm32f0xx_hal_flash.o(i.HAL_FLASH_Lock)
    i.HAL_FLASH_Program                      0x080006ec   Section        0  stm32f0xx_hal_flash.o(i.HAL_FLASH_Program)
    i.HAL_FLASH_Unlock                       0x08000768   Section        0  stm32f0xx_hal_flash.o(i.HAL_FLASH_Unlock)
    i.HAL_GPIO_EXTI_Callback                 0x08000790   Section        0  gpio.o(i.HAL_GPIO_EXTI_Callback)
    i.HAL_GPIO_EXTI_IRQHandler               0x080007ec   Section        0  stm32f0xx_hal_gpio.o(i.HAL_GPIO_EXTI_IRQHandler)
    i.HAL_GPIO_Init                          0x08000804   Section        0  stm32f0xx_hal_gpio.o(i.HAL_GPIO_Init)
    i.HAL_GPIO_ReadPin                       0x080009a8   Section        0  stm32f0xx_hal_gpio.o(i.HAL_GPIO_ReadPin)
    i.HAL_GPIO_WritePin                      0x080009b2   Section        0  stm32f0xx_hal_gpio.o(i.HAL_GPIO_WritePin)
    i.HAL_GetTick                            0x080009c0   Section        0  stm32f0xx_hal.o(i.HAL_GetTick)
    i.HAL_GetUIDw0                           0x080009cc   Section        0  stm32f0xx_hal.o(i.HAL_GetUIDw0)
    i.HAL_GetUIDw1                           0x080009d8   Section        0  stm32f0xx_hal.o(i.HAL_GetUIDw1)
    i.HAL_GetUIDw2                           0x080009e4   Section        0  stm32f0xx_hal.o(i.HAL_GetUIDw2)
    i.HAL_IncTick                            0x080009f0   Section        0  stm32f0xx_hal.o(i.HAL_IncTick)
    i.HAL_Init                               0x08000a00   Section        0  stm32f0xx_hal.o(i.HAL_Init)
    i.HAL_InitTick                           0x08000a20   Section        0  stm32f0xx_hal.o(i.HAL_InitTick)
    i.HAL_MspInit                            0x08000a64   Section        0  stm32f0xx_hal_msp.o(i.HAL_MspInit)
    i.HAL_NVIC_EnableIRQ                     0x08000a8c   Section        0  stm32f0xx_hal_cortex.o(i.HAL_NVIC_EnableIRQ)
    i.HAL_NVIC_SetPriority                   0x08000aa4   Section        0  stm32f0xx_hal_cortex.o(i.HAL_NVIC_SetPriority)
    i.HAL_RCCEx_PeriphCLKConfig              0x08000aac   Section        0  stm32f0xx_hal_rcc_ex.o(i.HAL_RCCEx_PeriphCLKConfig)
    i.HAL_RCC_ClockConfig                    0x08000ba4   Section        0  stm32f0xx_hal_rcc.o(i.HAL_RCC_ClockConfig)
    i.HAL_RCC_GetPCLK1Freq                   0x08000cac   Section        0  stm32f0xx_hal_rcc.o(i.HAL_RCC_GetPCLK1Freq)
    i.HAL_RCC_GetSysClockFreq                0x08000ccc   Section        0  stm32f0xx_hal_rcc.o(i.HAL_RCC_GetSysClockFreq)
    i.HAL_RCC_OscConfig                      0x08000d4c   Section        0  stm32f0xx_hal_rcc.o(i.HAL_RCC_OscConfig)
    i.HAL_RS485Ex_Init                       0x080010d4   Section        0  stm32f0xx_hal_uart_ex.o(i.HAL_RS485Ex_Init)
    i.HAL_SYSTICK_Config                     0x0800115c   Section        0  stm32f0xx_hal_cortex.o(i.HAL_SYSTICK_Config)
    i.HAL_TIMEx_BreakCallback                0x0800118c   Section        0  stm32f0xx_hal_tim_ex.o(i.HAL_TIMEx_BreakCallback)
    i.HAL_TIMEx_CommutCallback               0x0800118e   Section        0  stm32f0xx_hal_tim_ex.o(i.HAL_TIMEx_CommutCallback)
    i.HAL_TIM_Base_Init                      0x08001190   Section        0  stm32f0xx_hal_tim.o(i.HAL_TIM_Base_Init)
    i.HAL_TIM_Base_MspInit                   0x080011d8   Section        0  tim.o(i.HAL_TIM_Base_MspInit)
    i.HAL_TIM_Base_Start_IT                  0x0800120c   Section        0  stm32f0xx_hal_tim.o(i.HAL_TIM_Base_Start_IT)
    i.HAL_TIM_IC_CaptureCallback             0x08001264   Section        0  stm32f0xx_hal_tim.o(i.HAL_TIM_IC_CaptureCallback)
    i.HAL_TIM_IRQHandler                     0x08001266   Section        0  stm32f0xx_hal_tim.o(i.HAL_TIM_IRQHandler)
    i.HAL_TIM_OC_DelayElapsedCallback        0x080013c8   Section        0  stm32f0xx_hal_tim.o(i.HAL_TIM_OC_DelayElapsedCallback)
    i.HAL_TIM_PWM_PulseFinishedCallback      0x080013ca   Section        0  stm32f0xx_hal_tim.o(i.HAL_TIM_PWM_PulseFinishedCallback)
    i.HAL_TIM_PeriodElapsedCallback          0x080013cc   Section        0  tim.o(i.HAL_TIM_PeriodElapsedCallback)
    i.HAL_TIM_TriggerCallback                0x08001480   Section        0  stm32f0xx_hal_tim.o(i.HAL_TIM_TriggerCallback)
    i.HAL_UARTEx_RxEventCallback             0x08001482   Section        0  stm32f0xx_hal_uart.o(i.HAL_UARTEx_RxEventCallback)
    i.HAL_UARTEx_WakeupCallback              0x08001484   Section        0  stm32f0xx_hal_uart_ex.o(i.HAL_UARTEx_WakeupCallback)
    i.HAL_UART_ErrorCallback                 0x08001486   Section        0  stm32f0xx_hal_uart.o(i.HAL_UART_ErrorCallback)
    i.HAL_UART_IRQHandler                    0x08001488   Section        0  stm32f0xx_hal_uart.o(i.HAL_UART_IRQHandler)
    i.HAL_UART_Init                          0x0800172c   Section        0  stm32f0xx_hal_uart.o(i.HAL_UART_Init)
    i.HAL_UART_MspInit                       0x08001798   Section        0  usart.o(i.HAL_UART_MspInit)
    i.HAL_UART_Receive_IT                    0x08001840   Section        0  stm32f0xx_hal_uart.o(i.HAL_UART_Receive_IT)
    i.HAL_UART_RxCpltCallback                0x080018a4   Section        0  usart.o(i.HAL_UART_RxCpltCallback)
    i.HAL_UART_Transmit                      0x080018d0   Section        0  stm32f0xx_hal_uart.o(i.HAL_UART_Transmit)
    i.HAL_UART_TxCpltCallback                0x080019a2   Section        0  stm32f0xx_hal_uart.o(i.HAL_UART_TxCpltCallback)
    i.HardFault_Handler                      0x080019a4   Section        0  stm32f0xx_it.o(i.HardFault_Handler)
    i.Led_Task                               0x080019a8   Section        0  gpio.o(i.Led_Task)
    i.MX_GPIO_Init                           0x08001a08   Section        0  gpio.o(i.MX_GPIO_Init)
    i.MX_TIM14_Init                          0x08001a94   Section        0  tim.o(i.MX_TIM14_Init)
    i.MX_USART1_UART_Init                    0x08001ad0   Section        0  usart.o(i.MX_USART1_UART_Init)
    i.MX_USART2_UART_Init                    0x08001b20   Section        0  usart.o(i.MX_USART2_UART_Init)
    i.MotorTask                              0x08001b58   Section        0  gpio.o(i.MotorTask)
    i.NMI_Handler                            0x08001ba8   Section        0  stm32f0xx_it.o(i.NMI_Handler)
    i.PendSV_Handler                         0x08001baa   Section        0  stm32f0xx_it.o(i.PendSV_Handler)
    i.SVC_Handler                            0x08001bac   Section        0  stm32f0xx_it.o(i.SVC_Handler)
    i.SysTick_Handler                        0x08001bae   Section        0  stm32f0xx_it.o(i.SysTick_Handler)
    i.SystemClock_Config                     0x08001bb6   Section        0  main.o(i.SystemClock_Config)
    i.SystemInit                             0x08001c2e   Section        0  system_stm32f0xx.o(i.SystemInit)
    i.TIM14_IRQHandler                       0x08001c30   Section        0  stm32f0xx_it.o(i.TIM14_IRQHandler)
    i.TIM_Base_SetConfig                     0x08001c40   Section        0  stm32f0xx_hal_tim.o(i.TIM_Base_SetConfig)
    i.UART_AdvFeatureConfig                  0x08001cd4   Section        0  stm32f0xx_hal_uart.o(i.UART_AdvFeatureConfig)
    i.UART_CheckIdleState                    0x08001da0   Section        0  stm32f0xx_hal_uart.o(i.UART_CheckIdleState)
    i.UART_DMAAbortOnError                   0x08001e04   Section        0  stm32f0xx_hal_uart.o(i.UART_DMAAbortOnError)
    UART_DMAAbortOnError                     0x08001e05   Thumb Code    20  stm32f0xx_hal_uart.o(i.UART_DMAAbortOnError)
    i.UART_EndRxTransfer                     0x08001e18   Section        0  stm32f0xx_hal_uart.o(i.UART_EndRxTransfer)
    UART_EndRxTransfer                       0x08001e19   Thumb Code    94  stm32f0xx_hal_uart.o(i.UART_EndRxTransfer)
    i.UART_RxISR_16BIT                       0x08001e76   Section        0  stm32f0xx_hal_uart.o(i.UART_RxISR_16BIT)
    UART_RxISR_16BIT                         0x08001e77   Thumb Code   168  stm32f0xx_hal_uart.o(i.UART_RxISR_16BIT)
    i.UART_RxISR_8BIT                        0x08001f1e   Section        0  stm32f0xx_hal_uart.o(i.UART_RxISR_8BIT)
    UART_RxISR_8BIT                          0x08001f1f   Thumb Code   168  stm32f0xx_hal_uart.o(i.UART_RxISR_8BIT)
    i.UART_SetConfig                         0x08001fc8   Section        0  stm32f0xx_hal_uart.o(i.UART_SetConfig)
    i.UART_Start_Receive_IT                  0x080020fc   Section        0  stm32f0xx_hal_uart.o(i.UART_Start_Receive_IT)
    i.UART_WaitOnFlagUntilTimeout            0x08002198   Section        0  stm32f0xx_hal_uart.o(i.UART_WaitOnFlagUntilTimeout)
    i.USART1_IRQHandler                      0x0800226c   Section        0  stm32f0xx_it.o(i.USART1_IRQHandler)
    i.__0printf$5                            0x0800227c   Section        0  printf5.o(i.__0printf$5)
    i.__ARM_common_ll_muluu                  0x0800229c   Section        0  stm32f0xx_hal_rcc.o(i.__ARM_common_ll_muluu)
    i.__ARM_common_switch8                   0x080022cc   Section        0  stm32f0xx_hal_tim.o(i.__ARM_common_switch8)
    i.__NVIC_SetPriority                     0x080022e8   Section        0  stm32f0xx_hal_cortex.o(i.__NVIC_SetPriority)
    __NVIC_SetPriority                       0x080022e9   Thumb Code    60  stm32f0xx_hal_cortex.o(i.__NVIC_SetPriority)
    i.__scatterload_copy                     0x0800232c   Section       14  handlers.o(i.__scatterload_copy)
    i.__scatterload_null                     0x0800233a   Section        2  handlers.o(i.__scatterload_null)
    i.__scatterload_zeroinit                 0x0800233c   Section       14  handlers.o(i.__scatterload_zeroinit)
    i._printf_core                           0x0800234c   Section        0  printf5.o(i._printf_core)
    _printf_core                             0x0800234d   Thumb Code   688  printf5.o(i._printf_core)
    i.appSetLedState                         0x08002628   Section        0  gpio.o(i.appSetLedState)
    i.appSetMotorState                       0x08002680   Section        0  gpio.o(i.appSetMotorState)
    i.cal_crc16                              0x080026b8   Section        0  user_crc.o(i.cal_crc16)
    i.fputc                                  0x080026e4   Section        0  usart.o(i.fputc)
    i.lock_state_init                        0x08002700   Section        0  gpio.o(i.lock_state_init)
    i.lock_stop_detect                       0x08002734   Section        0  gpio.o(i.lock_stop_detect)
    i.main                                   0x080027cc   Section        0  main.o(i.main)
    i.onCmdClrDevAlarmSetting                0x08002804   Section        0  user_data.o(i.onCmdClrDevAlarmSetting)
    i.onCmdModifyDeviceSetting               0x080028c0   Section        0  user_data.o(i.onCmdModifyDeviceSetting)
    i.onCmdQueryDeviceStatus                 0x08002a28   Section        0  user_data.o(i.onCmdQueryDeviceStatus)
    i.onCmdSetDeviceStatus                   0x08002ad4   Section        0  user_data.o(i.onCmdSetDeviceStatus)
    i.onCmdSetLedFlash                       0x08002bd4   Section        0  user_data.o(i.onCmdSetLedFlash)
    i.onReportAutoLockAlarm                  0x08002cbc   Section        0  user_data.o(i.onReportAutoLockAlarm)
    i.onReportClearDevAlarmSetting           0x08002d0c   Section        0  user_data.o(i.onReportClearDevAlarmSetting)
    i.onReportDevAlarm                       0x08002d60   Section        0  user_data.o(i.onReportDevAlarm)
    i.onReportDeviceOptResult                0x08002db4   Section        0  user_data.o(i.onReportDeviceOptResult)
    i.onReportDeviceStatus                   0x08002e04   Section        0  user_data.o(i.onReportDeviceStatus)
    i.onReportSetDeviceResult                0x08002e7c   Section        0  user_data.o(i.onReportSetDeviceResult)
    i.onReportSetLedFlashStatus              0x08002ee4   Section        0  user_data.o(i.onReportSetLedFlashStatus)
    i.user_buffer_create                     0x08002f38   Section        0  user_buffer.o(i.user_buffer_create)
    i.user_buffer_item_count                 0x08002f8c   Section        0  user_buffer.o(i.user_buffer_item_count)
    i.user_buffer_read_items                 0x08002fa2   Section        0  user_buffer.o(i.user_buffer_read_items)
    i.user_buffer_release_items              0x08002ffe   Section        0  user_buffer.o(i.user_buffer_release_items)
    i.user_buffer_write_items                0x08003022   Section        0  user_buffer.o(i.user_buffer_write_items)
    i.user_database_init                     0x08003098   Section        0  user_data.o(i.user_database_init)
    i.user_database_save                     0x08003278   Section        0  user_data.o(i.user_database_save)
    i.user_event_process                     0x0800333c   Section        0  user_protocol.o(i.user_event_process)
    i.user_protocol_handle                   0x080033cc   Section        0  user_protocol.o(i.user_protocol_handle)
    i.user_protocol_init                     0x08003460   Section        0  user_protocol.o(i.user_protocol_init)
    i.user_protocol_push_data                0x08003478   Section        0  user_protocol.o(i.user_protocol_push_data)
    i.user_protocol_send_data                0x0800348c   Section        0  user_protocol.o(i.user_protocol_send_data)
    i.user_reply_handle                      0x080034c0   Section        0  user_data.o(i.user_reply_handle)
    i.user_uart1_send_data                   0x08003550   Section        0  usart.o(i.user_uart1_send_data)
    .constdata                               0x08003568   Section       16  system_stm32f0xx.o(.constdata)
    .constdata                               0x08003578   Section        8  system_stm32f0xx.o(.constdata)
    .constdata                               0x08003580   Section     1792  user_crc.o(.constdata)
    crc8_table                               0x08003580   Data         256  user_crc.o(.constdata)
    crc16tab                                 0x08003680   Data         512  user_crc.o(.constdata)
    crc32_tab                                0x08003880   Data        1024  user_crc.o(.constdata)
    .constdata                               0x08003c80   Section       10  user_protocol.o(.constdata)
    __FUNCTION__                             0x08003c80   Data          10  user_protocol.o(.constdata)
    .constdata                               0x08003c8a   Section      129  user_data.o(.constdata)
    __FUNCTION__                             0x08003c8a   Data          23  user_data.o(.constdata)
    __FUNCTION__                             0x08003ca1   Data          21  user_data.o(.constdata)
    __FUNCTION__                             0x08003cb6   Data          25  user_data.o(.constdata)
    __FUNCTION__                             0x08003ccf   Data          17  user_data.o(.constdata)
    __FUNCTION__                             0x08003ce0   Data          24  user_data.o(.constdata)
    __FUNCTION__                             0x08003cf8   Data          19  user_data.o(.constdata)
    .data                                    0x20000000   Section        3  gpio.o(.data)
    lastState                                0x20000000   Data           1  gpio.o(.data)
    lastGunState                             0x20000001   Data           1  gpio.o(.data)
    oldState                                 0x20000002   Data           1  gpio.o(.data)
    .data                                    0x20000003   Section        1  usart.o(.data)
    recData                                  0x20000003   Data           1  usart.o(.data)
    .data                                    0x20000004   Section       12  stm32f0xx_hal.o(.data)
    .data                                    0x20000010   Section        4  system_stm32f0xx.o(.data)
    .data                                    0x20000014   Section        2  user_protocol.o(.data)
    size                                     0x20000014   Data           2  user_protocol.o(.data)
    .data                                    0x20000018   Section        4  stdout.o(.data)
    .bss                                     0x2000001c   Section       68  main.o(.bss)
    .bss                                     0x20000060   Section       72  tim.o(.bss)
    .bss                                     0x200000a8   Section      264  usart.o(.bss)
    .bss                                     0x200001b0   Section       32  stm32f0xx_hal_flash.o(.bss)
    .bss                                     0x200001d0   Section     1024  user_buffer.o(.bss)
    ringBuffer                               0x200001d0   Data        1024  user_buffer.o(.bss)
    .bss                                     0x200005d0   Section      148  user_protocol.o(.bss)
    buf                                      0x200005d0   Data         100  user_protocol.o(.bss)
    myRingBuffer                             0x20000634   Data          48  user_protocol.o(.bss)
    STACK                                    0x20000668   Section     1024  startup_stm32f051x8.o(STACK)

    Global Symbols

    Symbol Name                              Value     Ov Type        Size  Object(Section)

    BuildAttributes$$THM_ISAv3M$S$PE$A:L22$X:L11$S22$IEEE1$IW$USESV6$~STKCKD$USESV7$~SHL$OSPACE$ROPI$EBA8$MICROLIB$REQ8$PRES8$EABIv2 0x00000000   Number         0  anon$$obj.o ABSOLUTE
    __ARM_use_no_argv                        0x00000000   Number         0  main.o ABSOLUTE
    _printf_a                                0x00000000   Number         0  stubs.o ABSOLUTE
    _printf_c                                0x00000000   Number         0  stubs.o ABSOLUTE
    _printf_charcount                        0x00000000   Number         0  stubs.o ABSOLUTE
    _printf_d                                0x00000000   Number         0  stubs.o ABSOLUTE
    _printf_e                                0x00000000   Number         0  stubs.o ABSOLUTE
    _printf_f                                0x00000000   Number         0  stubs.o ABSOLUTE
    _printf_flags                            0x00000000   Number         0  stubs.o ABSOLUTE
    _printf_fp_dec                           0x00000000   Number         0  stubs.o ABSOLUTE
    _printf_fp_hex                           0x00000000   Number         0  stubs.o ABSOLUTE
    _printf_g                                0x00000000   Number         0  stubs.o ABSOLUTE
    _printf_i                                0x00000000   Number         0  stubs.o ABSOLUTE
    _printf_int_dec                          0x00000000   Number         0  stubs.o ABSOLUTE
    _printf_l                                0x00000000   Number         0  stubs.o ABSOLUTE
    _printf_lc                               0x00000000   Number         0  stubs.o ABSOLUTE
    _printf_ll                               0x00000000   Number         0  stubs.o ABSOLUTE
    _printf_lld                              0x00000000   Number         0  stubs.o ABSOLUTE
    _printf_lli                              0x00000000   Number         0  stubs.o ABSOLUTE
    _printf_llo                              0x00000000   Number         0  stubs.o ABSOLUTE
    _printf_llu                              0x00000000   Number         0  stubs.o ABSOLUTE
    _printf_llx                              0x00000000   Number         0  stubs.o ABSOLUTE
    _printf_longlong_dec                     0x00000000   Number         0  stubs.o ABSOLUTE
    _printf_longlong_hex                     0x00000000   Number         0  stubs.o ABSOLUTE
    _printf_longlong_oct                     0x00000000   Number         0  stubs.o ABSOLUTE
    _printf_ls                               0x00000000   Number         0  stubs.o ABSOLUTE
    _printf_mbtowc                           0x00000000   Number         0  stubs.o ABSOLUTE
    _printf_n                                0x00000000   Number         0  stubs.o ABSOLUTE
    _printf_o                                0x00000000   Number         0  stubs.o ABSOLUTE
    _printf_p                                0x00000000   Number         0  stubs.o ABSOLUTE
    _printf_percent                          0x00000000   Number         0  stubs.o ABSOLUTE
    _printf_pre_padding                      0x00000000   Number         0  stubs.o ABSOLUTE
    _printf_return_value                     0x00000000   Number         0  stubs.o ABSOLUTE
    _printf_s                                0x00000000   Number         0  stubs.o ABSOLUTE
    _printf_sizespec                         0x00000000   Number         0  stubs.o ABSOLUTE
    _printf_str                              0x00000000   Number         0  stubs.o ABSOLUTE
    _printf_truncate_signed                  0x00000000   Number         0  stubs.o ABSOLUTE
    _printf_truncate_unsigned                0x00000000   Number         0  stubs.o ABSOLUTE
    _printf_u                                0x00000000   Number         0  stubs.o ABSOLUTE
    _printf_wc                               0x00000000   Number         0  stubs.o ABSOLUTE
    _printf_wctomb                           0x00000000   Number         0  stubs.o ABSOLUTE
    _printf_widthprec                        0x00000000   Number         0  stubs.o ABSOLUTE
    _printf_x                                0x00000000   Number         0  stubs.o ABSOLUTE
    __cpp_initialize__aeabi_                  - Undefined Weak Reference
    __cxa_finalize                            - Undefined Weak Reference
    __decompress                              - Undefined Weak Reference
    _clock_init                               - Undefined Weak Reference
    _microlib_exit                            - Undefined Weak Reference
    __Vectors_Size                           0x000000bc   Number         0  startup_stm32f051x8.o ABSOLUTE
    __Vectors                                0x08000000   Data           4  startup_stm32f051x8.o(RESET)
    __Vectors_End                            0x080000bc   Data           0  startup_stm32f051x8.o(RESET)
    __main                                   0x080000bd   Thumb Code     0  entry.o(.ARM.Collect$$$$00000000)
    _main_stk                                0x080000bd   Thumb Code     0  entry2.o(.ARM.Collect$$$$00000001)
    _main_scatterload                        0x080000c1   Thumb Code     0  entry5.o(.ARM.Collect$$$$00000004)
    __main_after_scatterload                 0x080000c5   Thumb Code     0  entry5.o(.ARM.Collect$$$$00000004)
    _main_clock                              0x080000c5   Thumb Code     0  entry7b.o(.ARM.Collect$$$$00000008)
    _main_cpp_init                           0x080000c5   Thumb Code     0  entry8b.o(.ARM.Collect$$$$0000000A)
    _main_init                               0x080000c5   Thumb Code     0  entry9a.o(.ARM.Collect$$$$0000000B)
    __rt_final_cpp                           0x080000cd   Thumb Code     0  entry10a.o(.ARM.Collect$$$$0000000D)
    __rt_final_exit                          0x080000cd   Thumb Code     0  entry11a.o(.ARM.Collect$$$$0000000F)
    Reset_Handler                            0x080000d1   Thumb Code     8  startup_stm32f051x8.o(.text)
    ADC1_COMP_IRQHandler                     0x080000e3   Thumb Code     0  startup_stm32f051x8.o(.text)
    CEC_IRQHandler                           0x080000e3   Thumb Code     0  startup_stm32f051x8.o(.text)
    DMA1_Channel1_IRQHandler                 0x080000e3   Thumb Code     0  startup_stm32f051x8.o(.text)
    DMA1_Channel2_3_IRQHandler               0x080000e3   Thumb Code     0  startup_stm32f051x8.o(.text)
    DMA1_Channel4_5_IRQHandler               0x080000e3   Thumb Code     0  startup_stm32f051x8.o(.text)
    EXTI0_1_IRQHandler                       0x080000e3   Thumb Code     0  startup_stm32f051x8.o(.text)
    EXTI2_3_IRQHandler                       0x080000e3   Thumb Code     0  startup_stm32f051x8.o(.text)
    FLASH_IRQHandler                         0x080000e3   Thumb Code     0  startup_stm32f051x8.o(.text)
    I2C1_IRQHandler                          0x080000e3   Thumb Code     0  startup_stm32f051x8.o(.text)
    I2C2_IRQHandler                          0x080000e3   Thumb Code     0  startup_stm32f051x8.o(.text)
    PVD_IRQHandler                           0x080000e3   Thumb Code     0  startup_stm32f051x8.o(.text)
    RCC_IRQHandler                           0x080000e3   Thumb Code     0  startup_stm32f051x8.o(.text)
    RTC_IRQHandler                           0x080000e3   Thumb Code     0  startup_stm32f051x8.o(.text)
    SPI1_IRQHandler                          0x080000e3   Thumb Code     0  startup_stm32f051x8.o(.text)
    SPI2_IRQHandler                          0x080000e3   Thumb Code     0  startup_stm32f051x8.o(.text)
    TIM15_IRQHandler                         0x080000e3   Thumb Code     0  startup_stm32f051x8.o(.text)
    TIM16_IRQHandler                         0x080000e3   Thumb Code     0  startup_stm32f051x8.o(.text)
    TIM17_IRQHandler                         0x080000e3   Thumb Code     0  startup_stm32f051x8.o(.text)
    TIM1_BRK_UP_TRG_COM_IRQHandler           0x080000e3   Thumb Code     0  startup_stm32f051x8.o(.text)
    TIM1_CC_IRQHandler                       0x080000e3   Thumb Code     0  startup_stm32f051x8.o(.text)
    TIM2_IRQHandler                          0x080000e3   Thumb Code     0  startup_stm32f051x8.o(.text)
    TIM3_IRQHandler                          0x080000e3   Thumb Code     0  startup_stm32f051x8.o(.text)
    TIM6_DAC_IRQHandler                      0x080000e3   Thumb Code     0  startup_stm32f051x8.o(.text)
    TSC_IRQHandler                           0x080000e3   Thumb Code     0  startup_stm32f051x8.o(.text)
    USART2_IRQHandler                        0x080000e3   Thumb Code     0  startup_stm32f051x8.o(.text)
    WWDG_IRQHandler                          0x080000e3   Thumb Code     0  startup_stm32f051x8.o(.text)
    __aeabi_uidiv                            0x080000ed   Thumb Code     0  uidiv.o(.text)
    __aeabi_uidivmod                         0x080000ed   Thumb Code    44  uidiv.o(.text)
    __aeabi_uldivmod                         0x08000119   Thumb Code    96  uldiv.o(.text)
    __aeabi_llsr                             0x08000179   Thumb Code    34  llushr.o(.text)
    _ll_ushift_r                             0x08000179   Thumb Code     0  llushr.o(.text)
    __aeabi_memcpy                           0x0800019b   Thumb Code    36  memcpya.o(.text)
    __aeabi_memcpy4                          0x0800019b   Thumb Code     0  memcpya.o(.text)
    __aeabi_memcpy8                          0x0800019b   Thumb Code     0  memcpya.o(.text)
    __aeabi_memset                           0x080001bf   Thumb Code    14  memseta.o(.text)
    __aeabi_memset4                          0x080001bf   Thumb Code     0  memseta.o(.text)
    __aeabi_memset8                          0x080001bf   Thumb Code     0  memseta.o(.text)
    __aeabi_memclr                           0x080001cd   Thumb Code     4  memseta.o(.text)
    __aeabi_memclr4                          0x080001cd   Thumb Code     0  memseta.o(.text)
    __aeabi_memclr8                          0x080001cd   Thumb Code     0  memseta.o(.text)
    _memset$wrapper                          0x080001d1   Thumb Code    18  memseta.o(.text)
    __aeabi_llsl                             0x080001e3   Thumb Code    32  llshl.o(.text)
    _ll_shift_l                              0x080001e3   Thumb Code     0  llshl.o(.text)
    __scatterload                            0x08000205   Thumb Code    28  init.o(.text)
    __scatterload_rt2                        0x08000205   Thumb Code     0  init.o(.text)
    Auto_Lock_Task                           0x08000229   Thumb Code    38  gpio.o(i.Auto_Lock_Task)
    ComPack                                  0x08000255   Thumb Code   170  user_protocol.o(i.ComPack)
    ComUnpack                                0x08000301   Thumb Code   274  user_protocol.o(i.ComUnpack)
    EXTI4_15_IRQHandler                      0x080004a5   Thumb Code    24  stm32f0xx_it.o(i.EXTI4_15_IRQHandler)
    Error_Handler                            0x080004bd   Thumb Code     4  main.o(i.Error_Handler)
    FLASH_PageErase                          0x080004e5   Thumb Code    28  stm32f0xx_hal_flash_ex.o(i.FLASH_PageErase)
    FLASH_WaitForLastOperation               0x08000561   Thumb Code    76  stm32f0xx_hal_flash.o(i.FLASH_WaitForLastOperation)
    HAL_DMA_Abort                            0x080005b1   Thumb Code    64  stm32f0xx_hal_dma.o(i.HAL_DMA_Abort)
    HAL_DMA_Abort_IT                         0x080005f1   Thumb Code    72  stm32f0xx_hal_dma.o(i.HAL_DMA_Abort_IT)
    HAL_FLASHEx_Erase                        0x08000639   Thumb Code   148  stm32f0xx_hal_flash_ex.o(i.HAL_FLASHEx_Erase)
    HAL_FLASH_Lock                           0x080006d9   Thumb Code    14  stm32f0xx_hal_flash.o(i.HAL_FLASH_Lock)
    HAL_FLASH_Program                        0x080006ed   Thumb Code   110  stm32f0xx_hal_flash.o(i.HAL_FLASH_Program)
    HAL_FLASH_Unlock                         0x08000769   Thumb Code    28  stm32f0xx_hal_flash.o(i.HAL_FLASH_Unlock)
    HAL_GPIO_EXTI_Callback                   0x08000791   Thumb Code    78  gpio.o(i.HAL_GPIO_EXTI_Callback)
    HAL_GPIO_EXTI_IRQHandler                 0x080007ed   Thumb Code    18  stm32f0xx_hal_gpio.o(i.HAL_GPIO_EXTI_IRQHandler)
    HAL_GPIO_Init                            0x08000805   Thumb Code   396  stm32f0xx_hal_gpio.o(i.HAL_GPIO_Init)
    HAL_GPIO_ReadPin                         0x080009a9   Thumb Code    10  stm32f0xx_hal_gpio.o(i.HAL_GPIO_ReadPin)
    HAL_GPIO_WritePin                        0x080009b3   Thumb Code    12  stm32f0xx_hal_gpio.o(i.HAL_GPIO_WritePin)
    HAL_GetTick                              0x080009c1   Thumb Code     6  stm32f0xx_hal.o(i.HAL_GetTick)
    HAL_GetUIDw0                             0x080009cd   Thumb Code     6  stm32f0xx_hal.o(i.HAL_GetUIDw0)
    HAL_GetUIDw1                             0x080009d9   Thumb Code     6  stm32f0xx_hal.o(i.HAL_GetUIDw1)
    HAL_GetUIDw2                             0x080009e5   Thumb Code     6  stm32f0xx_hal.o(i.HAL_GetUIDw2)
    HAL_IncTick                              0x080009f1   Thumb Code    12  stm32f0xx_hal.o(i.HAL_IncTick)
    HAL_Init                                 0x08000a01   Thumb Code    26  stm32f0xx_hal.o(i.HAL_Init)
    HAL_InitTick                             0x08000a21   Thumb Code    58  stm32f0xx_hal.o(i.HAL_InitTick)
    HAL_MspInit                              0x08000a65   Thumb Code    34  stm32f0xx_hal_msp.o(i.HAL_MspInit)
    HAL_NVIC_EnableIRQ                       0x08000a8d   Thumb Code    18  stm32f0xx_hal_cortex.o(i.HAL_NVIC_EnableIRQ)
    HAL_NVIC_SetPriority                     0x08000aa5   Thumb Code     8  stm32f0xx_hal_cortex.o(i.HAL_NVIC_SetPriority)
    HAL_RCCEx_PeriphCLKConfig                0x08000aad   Thumb Code   236  stm32f0xx_hal_rcc_ex.o(i.HAL_RCCEx_PeriphCLKConfig)
    HAL_RCC_ClockConfig                      0x08000ba5   Thumb Code   242  stm32f0xx_hal_rcc.o(i.HAL_RCC_ClockConfig)
    HAL_RCC_GetPCLK1Freq                     0x08000cad   Thumb Code    20  stm32f0xx_hal_rcc.o(i.HAL_RCC_GetPCLK1Freq)
    HAL_RCC_GetSysClockFreq                  0x08000ccd   Thumb Code    84  stm32f0xx_hal_rcc.o(i.HAL_RCC_GetSysClockFreq)
    HAL_RCC_OscConfig                        0x08000d4d   Thumb Code   890  stm32f0xx_hal_rcc.o(i.HAL_RCC_OscConfig)
    HAL_RS485Ex_Init                         0x080010d5   Thumb Code   132  stm32f0xx_hal_uart_ex.o(i.HAL_RS485Ex_Init)
    HAL_SYSTICK_Config                       0x0800115d   Thumb Code    38  stm32f0xx_hal_cortex.o(i.HAL_SYSTICK_Config)
    HAL_TIMEx_BreakCallback                  0x0800118d   Thumb Code     2  stm32f0xx_hal_tim_ex.o(i.HAL_TIMEx_BreakCallback)
    HAL_TIMEx_CommutCallback                 0x0800118f   Thumb Code     2  stm32f0xx_hal_tim_ex.o(i.HAL_TIMEx_CommutCallback)
    HAL_TIM_Base_Init                        0x08001191   Thumb Code    72  stm32f0xx_hal_tim.o(i.HAL_TIM_Base_Init)
    HAL_TIM_Base_MspInit                     0x080011d9   Thumb Code    44  tim.o(i.HAL_TIM_Base_MspInit)
    HAL_TIM_Base_Start_IT                    0x0800120d   Thumb Code    74  stm32f0xx_hal_tim.o(i.HAL_TIM_Base_Start_IT)
    HAL_TIM_IC_CaptureCallback               0x08001265   Thumb Code     2  stm32f0xx_hal_tim.o(i.HAL_TIM_IC_CaptureCallback)
    HAL_TIM_IRQHandler                       0x08001267   Thumb Code   354  stm32f0xx_hal_tim.o(i.HAL_TIM_IRQHandler)
    HAL_TIM_OC_DelayElapsedCallback          0x080013c9   Thumb Code     2  stm32f0xx_hal_tim.o(i.HAL_TIM_OC_DelayElapsedCallback)
    HAL_TIM_PWM_PulseFinishedCallback        0x080013cb   Thumb Code     2  stm32f0xx_hal_tim.o(i.HAL_TIM_PWM_PulseFinishedCallback)
    HAL_TIM_PeriodElapsedCallback            0x080013cd   Thumb Code   172  tim.o(i.HAL_TIM_PeriodElapsedCallback)
    HAL_TIM_TriggerCallback                  0x08001481   Thumb Code     2  stm32f0xx_hal_tim.o(i.HAL_TIM_TriggerCallback)
    HAL_UARTEx_RxEventCallback               0x08001483   Thumb Code     2  stm32f0xx_hal_uart.o(i.HAL_UARTEx_RxEventCallback)
    HAL_UARTEx_WakeupCallback                0x08001485   Thumb Code     2  stm32f0xx_hal_uart_ex.o(i.HAL_UARTEx_WakeupCallback)
    HAL_UART_ErrorCallback                   0x08001487   Thumb Code     2  stm32f0xx_hal_uart.o(i.HAL_UART_ErrorCallback)
    HAL_UART_IRQHandler                      0x08001489   Thumb Code   662  stm32f0xx_hal_uart.o(i.HAL_UART_IRQHandler)
    HAL_UART_Init                            0x0800172d   Thumb Code   106  stm32f0xx_hal_uart.o(i.HAL_UART_Init)
    HAL_UART_MspInit                         0x08001799   Thumb Code   156  usart.o(i.HAL_UART_MspInit)
    HAL_UART_Receive_IT                      0x08001841   Thumb Code   100  stm32f0xx_hal_uart.o(i.HAL_UART_Receive_IT)
    HAL_UART_RxCpltCallback                  0x080018a5   Thumb Code    30  usart.o(i.HAL_UART_RxCpltCallback)
    HAL_UART_Transmit                        0x080018d1   Thumb Code   210  stm32f0xx_hal_uart.o(i.HAL_UART_Transmit)
    HAL_UART_TxCpltCallback                  0x080019a3   Thumb Code     2  stm32f0xx_hal_uart.o(i.HAL_UART_TxCpltCallback)
    HardFault_Handler                        0x080019a5   Thumb Code     2  stm32f0xx_it.o(i.HardFault_Handler)
    Led_Task                                 0x080019a9   Thumb Code    90  gpio.o(i.Led_Task)
    MX_GPIO_Init                             0x08001a09   Thumb Code   132  gpio.o(i.MX_GPIO_Init)
    MX_TIM14_Init                            0x08001a95   Thumb Code    48  tim.o(i.MX_TIM14_Init)
    MX_USART1_UART_Init                      0x08001ad1   Thumb Code    66  usart.o(i.MX_USART1_UART_Init)
    MX_USART2_UART_Init                      0x08001b21   Thumb Code    48  usart.o(i.MX_USART2_UART_Init)
    MotorTask                                0x08001b59   Thumb Code    72  gpio.o(i.MotorTask)
    NMI_Handler                              0x08001ba9   Thumb Code     2  stm32f0xx_it.o(i.NMI_Handler)
    PendSV_Handler                           0x08001bab   Thumb Code     2  stm32f0xx_it.o(i.PendSV_Handler)
    SVC_Handler                              0x08001bad   Thumb Code     2  stm32f0xx_it.o(i.SVC_Handler)
    SysTick_Handler                          0x08001baf   Thumb Code     8  stm32f0xx_it.o(i.SysTick_Handler)
    SystemClock_Config                       0x08001bb7   Thumb Code   120  main.o(i.SystemClock_Config)
    SystemInit                               0x08001c2f   Thumb Code     2  system_stm32f0xx.o(i.SystemInit)
    TIM14_IRQHandler                         0x08001c31   Thumb Code    10  stm32f0xx_it.o(i.TIM14_IRQHandler)
    TIM_Base_SetConfig                       0x08001c41   Thumb Code   124  stm32f0xx_hal_tim.o(i.TIM_Base_SetConfig)
    UART_AdvFeatureConfig                    0x08001cd5   Thumb Code   202  stm32f0xx_hal_uart.o(i.UART_AdvFeatureConfig)
    UART_CheckIdleState                      0x08001da1   Thumb Code    94  stm32f0xx_hal_uart.o(i.UART_CheckIdleState)
    UART_SetConfig                           0x08001fc9   Thumb Code   282  stm32f0xx_hal_uart.o(i.UART_SetConfig)
    UART_Start_Receive_IT                    0x080020fd   Thumb Code   142  stm32f0xx_hal_uart.o(i.UART_Start_Receive_IT)
    UART_WaitOnFlagUntilTimeout              0x08002199   Thumb Code   212  stm32f0xx_hal_uart.o(i.UART_WaitOnFlagUntilTimeout)
    USART1_IRQHandler                        0x0800226d   Thumb Code    10  stm32f0xx_it.o(i.USART1_IRQHandler)
    __0printf$5                              0x0800227d   Thumb Code    24  printf5.o(i.__0printf$5)
    __1printf$5                              0x0800227d   Thumb Code     0  printf5.o(i.__0printf$5)
    __2printf                                0x0800227d   Thumb Code     0  printf5.o(i.__0printf$5)
    __ARM_common_ll_muluu                    0x0800229d   Thumb Code    48  stm32f0xx_hal_rcc.o(i.__ARM_common_ll_muluu)
    __ARM_common_switch8                     0x080022cd   Thumb Code    26  stm32f0xx_hal_tim.o(i.__ARM_common_switch8)
    __scatterload_copy                       0x0800232d   Thumb Code    14  handlers.o(i.__scatterload_copy)
    __scatterload_null                       0x0800233b   Thumb Code     2  handlers.o(i.__scatterload_null)
    __scatterload_zeroinit                   0x0800233d   Thumb Code    14  handlers.o(i.__scatterload_zeroinit)
    appSetLedState                           0x08002629   Thumb Code    56  gpio.o(i.appSetLedState)
    appSetMotorState                         0x08002681   Thumb Code    52  gpio.o(i.appSetMotorState)
    cal_crc16                                0x080026b9   Thumb Code    38  user_crc.o(i.cal_crc16)
    fputc                                    0x080026e5   Thumb Code    18  usart.o(i.fputc)
    lock_state_init                          0x08002701   Thumb Code    44  gpio.o(i.lock_state_init)
    lock_stop_detect                         0x08002735   Thumb Code   144  gpio.o(i.lock_stop_detect)
    main                                     0x080027cd   Thumb Code    54  main.o(i.main)
    onCmdClrDevAlarmSetting                  0x08002805   Thumb Code   130  user_data.o(i.onCmdClrDevAlarmSetting)
    onCmdModifyDeviceSetting                 0x080028c1   Thumb Code   266  user_data.o(i.onCmdModifyDeviceSetting)
    onCmdQueryDeviceStatus                   0x08002a29   Thumb Code   116  user_data.o(i.onCmdQueryDeviceStatus)
    onCmdSetDeviceStatus                     0x08002ad5   Thumb Code   180  user_data.o(i.onCmdSetDeviceStatus)
    onCmdSetLedFlash                         0x08002bd5   Thumb Code   154  user_data.o(i.onCmdSetLedFlash)
    onReportAutoLockAlarm                    0x08002cbd   Thumb Code    76  user_data.o(i.onReportAutoLockAlarm)
    onReportClearDevAlarmSetting             0x08002d0d   Thumb Code    80  user_data.o(i.onReportClearDevAlarmSetting)
    onReportDevAlarm                         0x08002d61   Thumb Code    78  user_data.o(i.onReportDevAlarm)
    onReportDeviceOptResult                  0x08002db5   Thumb Code    76  user_data.o(i.onReportDeviceOptResult)
    onReportDeviceStatus                     0x08002e05   Thumb Code   116  user_data.o(i.onReportDeviceStatus)
    onReportSetDeviceResult                  0x08002e7d   Thumb Code    98  user_data.o(i.onReportSetDeviceResult)
    onReportSetLedFlashStatus                0x08002ee5   Thumb Code    80  user_data.o(i.onReportSetLedFlashStatus)
    user_buffer_create                       0x08002f39   Thumb Code    58  user_buffer.o(i.user_buffer_create)
    user_buffer_item_count                   0x08002f8d   Thumb Code    22  user_buffer.o(i.user_buffer_item_count)
    user_buffer_read_items                   0x08002fa3   Thumb Code    92  user_buffer.o(i.user_buffer_read_items)
    user_buffer_release_items                0x08002fff   Thumb Code    36  user_buffer.o(i.user_buffer_release_items)
    user_buffer_write_items                  0x08003023   Thumb Code   116  user_buffer.o(i.user_buffer_write_items)
    user_database_init                       0x08003099   Thumb Code   210  user_data.o(i.user_database_init)
    user_database_save                       0x08003279   Thumb Code   128  user_data.o(i.user_database_save)
    user_event_process                       0x0800333d   Thumb Code   116  user_protocol.o(i.user_event_process)
    user_protocol_handle                     0x080033cd   Thumb Code   138  user_protocol.o(i.user_protocol_handle)
    user_protocol_init                       0x08003461   Thumb Code    18  user_protocol.o(i.user_protocol_init)
    user_protocol_push_data                  0x08003479   Thumb Code    14  user_protocol.o(i.user_protocol_push_data)
    user_protocol_send_data                  0x0800348d   Thumb Code    50  user_protocol.o(i.user_protocol_send_data)
    user_reply_handle                        0x080034c1   Thumb Code   140  user_data.o(i.user_reply_handle)
    user_uart1_send_data                     0x08003551   Thumb Code    16  usart.o(i.user_uart1_send_data)
    AHBPrescTable                            0x08003568   Data          16  system_stm32f0xx.o(.constdata)
    APBPrescTable                            0x08003578   Data           8  system_stm32f0xx.o(.constdata)
    Region$$Table$$Base                      0x08003d0c   Number         0  anon$$obj.o(Region$$Table)
    Region$$Table$$Limit                     0x08003d2c   Number         0  anon$$obj.o(Region$$Table)
    uwTickFreq                               0x20000004   Data           1  stm32f0xx_hal.o(.data)
    uwTickPrio                               0x20000008   Data           4  stm32f0xx_hal.o(.data)
    uwTick                                   0x2000000c   Data           4  stm32f0xx_hal.o(.data)
    SystemCoreClock                          0x20000010   Data           4  system_stm32f0xx.o(.data)
    __stdout                                 0x20000018   Data           4  stdout.o(.data)
    lock                                     0x2000001c   Data          68  main.o(.bss)
    htim14                                   0x20000060   Data          72  tim.o(.bss)
    huart1                                   0x200000a8   Data         132  usart.o(.bss)
    huart2                                   0x2000012c   Data         132  usart.o(.bss)
    pFlash                                   0x200001b0   Data          32  stm32f0xx_hal_flash.o(.bss)
    __initial_sp                             0x20000a68   Data           0  startup_stm32f051x8.o(STACK)



==============================================================================

Memory Map of the image

  Image Entry point : 0x080000bd

  Load Region LR_IROM1 (Base: 0x08000000, Size: 0x00003d48, Max: 0x00010000, ABSOLUTE)

    Execution Region ER_IROM1 (Base: 0x08000000, Size: 0x00003d2c, Max: 0x00010000, ABSOLUTE)

    Base Addr    Size         Type   Attr      Idx    E Section Name        Object

    0x08000000   0x000000bc   Data   RO            3    RESET               startup_stm32f051x8.o
    0x080000bc   0x00000000   Code   RO         3638  * .ARM.Collect$$$$00000000  mc_p.l(entry.o)
    0x080000bc   0x00000004   Code   RO         3914    .ARM.Collect$$$$00000001  mc_p.l(entry2.o)
    0x080000c0   0x00000004   Code   RO         3917    .ARM.Collect$$$$00000004  mc_p.l(entry5.o)
    0x080000c4   0x00000000   Code   RO         3919    .ARM.Collect$$$$00000008  mc_p.l(entry7b.o)
    0x080000c4   0x00000000   Code   RO         3921    .ARM.Collect$$$$0000000A  mc_p.l(entry8b.o)
    0x080000c4   0x00000008   Code   RO         3922    .ARM.Collect$$$$0000000B  mc_p.l(entry9a.o)
    0x080000cc   0x00000000   Code   RO         3924    .ARM.Collect$$$$0000000D  mc_p.l(entry10a.o)
    0x080000cc   0x00000000   Code   RO         3926    .ARM.Collect$$$$0000000F  mc_p.l(entry11a.o)
    0x080000cc   0x00000004   Code   RO         3915    .ARM.Collect$$$$00002712  mc_p.l(entry2.o)
    0x080000d0   0x0000001c   Code   RO            4    .text               startup_stm32f051x8.o
    0x080000ec   0x0000002c   Code   RO         3641    .text               mc_p.l(uidiv.o)
    0x08000118   0x00000060   Code   RO         3643    .text               mc_p.l(uldiv.o)
    0x08000178   0x00000022   Code   RO         3645    .text               mc_p.l(llushr.o)
    0x0800019a   0x00000024   Code   RO         3647    .text               mc_p.l(memcpya.o)
    0x080001be   0x00000024   Code   RO         3649    .text               mc_p.l(memseta.o)
    0x080001e2   0x00000020   Code   RO         3929    .text               mc_p.l(llshl.o)
    0x08000202   0x00000002   PAD
    0x08000204   0x00000024   Code   RO         3942    .text               mc_p.l(init.o)
    0x08000228   0x0000002c   Code   RO          173    i.Auto_Lock_Task    gpio.o
    0x08000254   0x000000aa   Code   RO         3462    i.ComPack           user_protocol.o
    0x080002fe   0x00000002   PAD
    0x08000300   0x000001a4   Code   RO         3463    i.ComUnpack         user_protocol.o
    0x080004a4   0x00000018   Code   RO          359    i.EXTI4_15_IRQHandler  stm32f0xx_it.o
    0x080004bc   0x00000004   Code   RO           12    i.Error_Handler     main.o
    0x080004c0   0x00000024   Code   RO         2685    i.FLASH_MassErase   stm32f0xx_hal_flash_ex.o
    0x080004e4   0x00000024   Code   RO         2690    i.FLASH_PageErase   stm32f0xx_hal_flash_ex.o
    0x08000508   0x00000020   Code   RO         2586    i.FLASH_Program_HalfWord  stm32f0xx_hal_flash.o
    0x08000528   0x00000038   Code   RO         2587    i.FLASH_SetErrorCode  stm32f0xx_hal_flash.o
    0x08000560   0x00000050   Code   RO         2588    i.FLASH_WaitForLastOperation  stm32f0xx_hal_flash.o
    0x080005b0   0x00000040   Code   RO         2268    i.HAL_DMA_Abort     stm32f0xx_hal_dma.o
    0x080005f0   0x00000048   Code   RO         2269    i.HAL_DMA_Abort_IT  stm32f0xx_hal_dma.o
    0x08000638   0x000000a0   Code   RO         2691    i.HAL_FLASHEx_Erase  stm32f0xx_hal_flash_ex.o
    0x080006d8   0x00000014   Code   RO         2592    i.HAL_FLASH_Lock    stm32f0xx_hal_flash.o
    0x080006ec   0x0000007c   Code   RO         2597    i.HAL_FLASH_Program  stm32f0xx_hal_flash.o
    0x08000768   0x00000028   Code   RO         2599    i.HAL_FLASH_Unlock  stm32f0xx_hal_flash.o
    0x08000790   0x0000005c   Code   RO          174    i.HAL_GPIO_EXTI_Callback  gpio.o
    0x080007ec   0x00000018   Code   RO         2206    i.HAL_GPIO_EXTI_IRQHandler  stm32f0xx_hal_gpio.o
    0x08000804   0x000001a4   Code   RO         2207    i.HAL_GPIO_Init     stm32f0xx_hal_gpio.o
    0x080009a8   0x0000000a   Code   RO         2209    i.HAL_GPIO_ReadPin  stm32f0xx_hal_gpio.o
    0x080009b2   0x0000000c   Code   RO         2211    i.HAL_GPIO_WritePin  stm32f0xx_hal_gpio.o
    0x080009be   0x00000002   PAD
    0x080009c0   0x0000000c   Code   RO         1547    i.HAL_GetTick       stm32f0xx_hal.o
    0x080009cc   0x0000000c   Code   RO         1550    i.HAL_GetUIDw0      stm32f0xx_hal.o
    0x080009d8   0x0000000c   Code   RO         1551    i.HAL_GetUIDw1      stm32f0xx_hal.o
    0x080009e4   0x0000000c   Code   RO         1552    i.HAL_GetUIDw2      stm32f0xx_hal.o
    0x080009f0   0x00000010   Code   RO         1553    i.HAL_IncTick       stm32f0xx_hal.o
    0x08000a00   0x00000020   Code   RO         1554    i.HAL_Init          stm32f0xx_hal.o
    0x08000a20   0x00000044   Code   RO         1555    i.HAL_InitTick      stm32f0xx_hal.o
    0x08000a64   0x00000028   Code   RO          425    i.HAL_MspInit       stm32f0xx_hal_msp.o
    0x08000a8c   0x00000018   Code   RO         2364    i.HAL_NVIC_EnableIRQ  stm32f0xx_hal_cortex.o
    0x08000aa4   0x00000008   Code   RO         2368    i.HAL_NVIC_SetPriority  stm32f0xx_hal_cortex.o
    0x08000aac   0x000000f8   Code   RO         1508    i.HAL_RCCEx_PeriphCLKConfig  stm32f0xx_hal_rcc_ex.o
    0x08000ba4   0x00000108   Code   RO         1413    i.HAL_RCC_ClockConfig  stm32f0xx_hal_rcc.o
    0x08000cac   0x00000020   Code   RO         1420    i.HAL_RCC_GetPCLK1Freq  stm32f0xx_hal_rcc.o
    0x08000ccc   0x00000080   Code   RO         1421    i.HAL_RCC_GetSysClockFreq  stm32f0xx_hal_rcc.o
    0x08000d4c   0x00000388   Code   RO         1424    i.HAL_RCC_OscConfig  stm32f0xx_hal_rcc.o
    0x080010d4   0x00000088   Code   RO         3226    i.HAL_RS485Ex_Init  stm32f0xx_hal_uart_ex.o
    0x0800115c   0x00000030   Code   RO         2372    i.HAL_SYSTICK_Config  stm32f0xx_hal_cortex.o
    0x0800118c   0x00000002   Code   RO         1149    i.HAL_TIMEx_BreakCallback  stm32f0xx_hal_tim_ex.o
    0x0800118e   0x00000002   Code   RO         1150    i.HAL_TIMEx_CommutCallback  stm32f0xx_hal_tim_ex.o
    0x08001190   0x00000048   Code   RO          447    i.HAL_TIM_Base_Init  stm32f0xx_hal_tim.o
    0x080011d8   0x00000034   Code   RO          247    i.HAL_TIM_Base_MspInit  tim.o
    0x0800120c   0x00000058   Code   RO          452    i.HAL_TIM_Base_Start_IT  stm32f0xx_hal_tim.o
    0x08001264   0x00000002   Code   RO          481    i.HAL_TIM_IC_CaptureCallback  stm32f0xx_hal_tim.o
    0x08001266   0x00000162   Code   RO          495    i.HAL_TIM_IRQHandler  stm32f0xx_hal_tim.o
    0x080013c8   0x00000002   Code   RO          498    i.HAL_TIM_OC_DelayElapsedCallback  stm32f0xx_hal_tim.o
    0x080013ca   0x00000002   Code   RO          525    i.HAL_TIM_PWM_PulseFinishedCallback  stm32f0xx_hal_tim.o
    0x080013cc   0x000000b4   Code   RO          248    i.HAL_TIM_PeriodElapsedCallback  tim.o
    0x08001480   0x00000002   Code   RO          538    i.HAL_TIM_TriggerCallback  stm32f0xx_hal_tim.o
    0x08001482   0x00000002   Code   RO         2843    i.HAL_UARTEx_RxEventCallback  stm32f0xx_hal_uart.o
    0x08001484   0x00000002   Code   RO         3233    i.HAL_UARTEx_WakeupCallback  stm32f0xx_hal_uart_ex.o
    0x08001486   0x00000002   Code   RO         2859    i.HAL_UART_ErrorCallback  stm32f0xx_hal_uart.o
    0x08001488   0x000002a4   Code   RO         2862    i.HAL_UART_IRQHandler  stm32f0xx_hal_uart.o
    0x0800172c   0x0000006a   Code   RO         2863    i.HAL_UART_Init     stm32f0xx_hal_uart.o
    0x08001796   0x00000002   PAD
    0x08001798   0x000000a8   Code   RO          291    i.HAL_UART_MspInit  usart.o
    0x08001840   0x00000064   Code   RO         2868    i.HAL_UART_Receive_IT  stm32f0xx_hal_uart.o
    0x080018a4   0x0000002c   Code   RO          292    i.HAL_UART_RxCpltCallback  usart.o
    0x080018d0   0x000000d2   Code   RO         2872    i.HAL_UART_Transmit  stm32f0xx_hal_uart.o
    0x080019a2   0x00000002   Code   RO         2875    i.HAL_UART_TxCpltCallback  stm32f0xx_hal_uart.o
    0x080019a4   0x00000002   Code   RO          360    i.HardFault_Handler  stm32f0xx_it.o
    0x080019a6   0x00000002   PAD
    0x080019a8   0x00000060   Code   RO          175    i.Led_Task          gpio.o
    0x08001a08   0x0000008c   Code   RO          176    i.MX_GPIO_Init      gpio.o
    0x08001a94   0x0000003c   Code   RO          249    i.MX_TIM14_Init     tim.o
    0x08001ad0   0x00000050   Code   RO          293    i.MX_USART1_UART_Init  usart.o
    0x08001b20   0x00000038   Code   RO          294    i.MX_USART2_UART_Init  usart.o
    0x08001b58   0x00000050   Code   RO          177    i.MotorTask         gpio.o
    0x08001ba8   0x00000002   Code   RO          361    i.NMI_Handler       stm32f0xx_it.o
    0x08001baa   0x00000002   Code   RO          362    i.PendSV_Handler    stm32f0xx_it.o
    0x08001bac   0x00000002   Code   RO          363    i.SVC_Handler       stm32f0xx_it.o
    0x08001bae   0x00000008   Code   RO          364    i.SysTick_Handler   stm32f0xx_it.o
    0x08001bb6   0x00000078   Code   RO           13    i.SystemClock_Config  main.o
    0x08001c2e   0x00000002   Code   RO         3294    i.SystemInit        system_stm32f0xx.o
    0x08001c30   0x00000010   Code   RO          365    i.TIM14_IRQHandler  stm32f0xx_it.o
    0x08001c40   0x00000094   Code   RO          540    i.TIM_Base_SetConfig  stm32f0xx_hal_tim.o
    0x08001cd4   0x000000ca   Code   RO         2877    i.UART_AdvFeatureConfig  stm32f0xx_hal_uart.o
    0x08001d9e   0x00000002   PAD
    0x08001da0   0x00000064   Code   RO         2878    i.UART_CheckIdleState  stm32f0xx_hal_uart.o
    0x08001e04   0x00000014   Code   RO         2879    i.UART_DMAAbortOnError  stm32f0xx_hal_uart.o
    0x08001e18   0x0000005e   Code   RO         2889    i.UART_EndRxTransfer  stm32f0xx_hal_uart.o
    0x08001e76   0x000000a8   Code   RO         2891    i.UART_RxISR_16BIT  stm32f0xx_hal_uart.o
    0x08001f1e   0x000000a8   Code   RO         2892    i.UART_RxISR_8BIT   stm32f0xx_hal_uart.o
    0x08001fc6   0x00000002   PAD
    0x08001fc8   0x00000134   Code   RO         2893    i.UART_SetConfig    stm32f0xx_hal_uart.o
    0x080020fc   0x0000009c   Code   RO         2895    i.UART_Start_Receive_IT  stm32f0xx_hal_uart.o
    0x08002198   0x000000d4   Code   RO         2898    i.UART_WaitOnFlagUntilTimeout  stm32f0xx_hal_uart.o
    0x0800226c   0x00000010   Code   RO          366    i.USART1_IRQHandler  stm32f0xx_it.o
    0x0800227c   0x00000020   Code   RO         3786    i.__0printf$5       mc_p.l(printf5.o)
    0x0800229c   0x00000030   Code   RO         1498    i.__ARM_common_ll_muluu  stm32f0xx_hal_rcc.o
    0x080022cc   0x0000001a   Code   RO         1141    i.__ARM_common_switch8  stm32f0xx_hal_tim.o
    0x080022e6   0x00000002   PAD
    0x080022e8   0x00000044   Code   RO         2374    i.__NVIC_SetPriority  stm32f0xx_hal_cortex.o
    0x0800232c   0x0000000e   Code   RO         3952    i.__scatterload_copy  mc_p.l(handlers.o)
    0x0800233a   0x00000002   Code   RO         3953    i.__scatterload_null  mc_p.l(handlers.o)
    0x0800233c   0x0000000e   Code   RO         3954    i.__scatterload_zeroinit  mc_p.l(handlers.o)
    0x0800234a   0x00000002   PAD
    0x0800234c   0x000002dc   Code   RO         3793    i._printf_core      mc_p.l(printf5.o)
    0x08002628   0x00000058   Code   RO          178    i.appSetLedState    gpio.o
    0x08002680   0x00000038   Code   RO          179    i.appSetMotorState  gpio.o
    0x080026b8   0x0000002c   Code   RO         3427    i.cal_crc16         user_crc.o
    0x080026e4   0x0000001c   Code   RO          296    i.fputc             usart.o
    0x08002700   0x00000034   Code   RO          180    i.lock_state_init   gpio.o
    0x08002734   0x00000098   Code   RO          181    i.lock_stop_detect  gpio.o
    0x080027cc   0x00000036   Code   RO           14    i.main              main.o
    0x08002802   0x00000002   PAD
    0x08002804   0x000000bc   Code   RO         3526    i.onCmdClrDevAlarmSetting  user_data.o
    0x080028c0   0x00000168   Code   RO         3527    i.onCmdModifyDeviceSetting  user_data.o
    0x08002a28   0x000000ac   Code   RO         3528    i.onCmdQueryDeviceStatus  user_data.o
    0x08002ad4   0x00000100   Code   RO         3529    i.onCmdSetDeviceStatus  user_data.o
    0x08002bd4   0x000000e8   Code   RO         3530    i.onCmdSetLedFlash  user_data.o
    0x08002cbc   0x00000050   Code   RO         3531    i.onReportAutoLockAlarm  user_data.o
    0x08002d0c   0x00000054   Code   RO         3532    i.onReportClearDevAlarmSetting  user_data.o
    0x08002d60   0x00000054   Code   RO         3533    i.onReportDevAlarm  user_data.o
    0x08002db4   0x00000050   Code   RO         3534    i.onReportDeviceOptResult  user_data.o
    0x08002e04   0x00000078   Code   RO         3535    i.onReportDeviceStatus  user_data.o
    0x08002e7c   0x00000068   Code   RO         3536    i.onReportSetDeviceResult  user_data.o
    0x08002ee4   0x00000054   Code   RO         3537    i.onReportSetLedFlashStatus  user_data.o
    0x08002f38   0x00000054   Code   RO         3328    i.user_buffer_create  user_buffer.o
    0x08002f8c   0x00000016   Code   RO         3330    i.user_buffer_item_count  user_buffer.o
    0x08002fa2   0x0000005c   Code   RO         3332    i.user_buffer_read_items  user_buffer.o
    0x08002ffe   0x00000024   Code   RO         3333    i.user_buffer_release_items  user_buffer.o
    0x08003022   0x00000074   Code   RO         3335    i.user_buffer_write_items  user_buffer.o
    0x08003096   0x00000002   PAD
    0x08003098   0x000001e0   Code   RO         3538    i.user_database_init  user_data.o
    0x08003278   0x000000c4   Code   RO         3539    i.user_database_save  user_data.o
    0x0800333c   0x00000090   Code   RO         3464    i.user_event_process  user_protocol.o
    0x080033cc   0x00000094   Code   RO         3465    i.user_protocol_handle  user_protocol.o
    0x08003460   0x00000018   Code   RO         3466    i.user_protocol_init  user_protocol.o
    0x08003478   0x00000014   Code   RO         3467    i.user_protocol_push_data  user_protocol.o
    0x0800348c   0x00000032   Code   RO         3468    i.user_protocol_send_data  user_protocol.o
    0x080034be   0x00000002   PAD
    0x080034c0   0x00000090   Code   RO         3541    i.user_reply_handle  user_data.o
    0x08003550   0x00000018   Code   RO          297    i.user_uart1_send_data  usart.o
    0x08003568   0x00000010   Data   RO         3295    .constdata          system_stm32f0xx.o
    0x08003578   0x00000008   Data   RO         3296    .constdata          system_stm32f0xx.o
    0x08003580   0x00000700   Data   RO         3431    .constdata          user_crc.o
    0x08003c80   0x0000000a   Data   RO         3470    .constdata          user_protocol.o
    0x08003c8a   0x00000081   Data   RO         3542    .constdata          user_data.o
    0x08003d0b   0x00000001   PAD
    0x08003d0c   0x00000020   Data   RO         3950    Region$$Table       anon$$obj.o


    Execution Region RW_IRAM1 (Base: 0x20000000, Size: 0x00000a68, Max: 0x00002000, ABSOLUTE)

    Base Addr    Size         Type   Attr      Idx    E Section Name        Object

    0x20000000   0x00000003   Data   RW          182    .data               gpio.o
    0x20000003   0x00000001   Data   RW          299    .data               usart.o
    0x20000004   0x0000000c   Data   RW         1561    .data               stm32f0xx_hal.o
    0x20000010   0x00000004   Data   RW         3297    .data               system_stm32f0xx.o
    0x20000014   0x00000002   Data   RW         3471    .data               user_protocol.o
    0x20000016   0x00000002   PAD
    0x20000018   0x00000004   Data   RW         3928    .data               mc_p.l(stdout.o)
    0x2000001c   0x00000044   Zero   RW           15    .bss                main.o
    0x20000060   0x00000048   Zero   RW          250    .bss                tim.o
    0x200000a8   0x00000108   Zero   RW          298    .bss                usart.o
    0x200001b0   0x00000020   Zero   RW         2600    .bss                stm32f0xx_hal_flash.o
    0x200001d0   0x00000400   Zero   RW         3338    .bss                user_buffer.o
    0x200005d0   0x00000094   Zero   RW         3469    .bss                user_protocol.o
    0x20000664   0x00000004   PAD
    0x20000668   0x00000400   Zero   RW            1    STACK               startup_stm32f051x8.o


==============================================================================

Image component sizes


      Code (inc. data)   RO Data    RW Data    ZI Data      Debug   Object Name

       800         94          0          3          0       6736   gpio.o
       178          0          0          0         68     335451   main.o
        28          8        188          0       1024        600   startup_stm32f051x8.o
       164         44          0         12          0       8770   stm32f0xx_hal.o
       148         24          0          0          0      10021   stm32f0xx_hal_cortex.o
       136          0          0          0          0       1567   stm32f0xx_hal_dma.o
       352         56          0          0         32       4142   stm32f0xx_hal_flash.o
       232         30          0          0          0       2797   stm32f0xx_hal_flash_ex.o
       466         30          0          0          0       2870   stm32f0xx_hal_gpio.o
        40          6          0          0          0        766   stm32f0xx_hal_msp.o
      1376         92          0          0          0       4225   stm32f0xx_hal_rcc.o
       248         12          0          0          0       1264   stm32f0xx_hal_rcc_ex.o
       696         38          0          0          0       5961   stm32f0xx_hal_tim.o
         4          0          0          0          0       1449   stm32f0xx_hal_tim_ex.o
      2526         60          0          0          0      18397   stm32f0xx_hal_uart.o
       138          4          0          0          0       1655   stm32f0xx_hal_uart_ex.o
        72         12          0          0          0       3272   stm32f0xx_it.o
         2          0         24          4          0       1027   system_stm32f0xx.o
       292         28          0          0         72       1972   tim.o
       400         66          0          1        264       3616   usart.o
       350         26          0          0       1024       4217   user_buffer.o
        44          6       1792          0          0       1088   user_crc.o
      2664        736        129          0          0      10321   user_data.o
       976        208         10          2        148       5431   user_protocol.o

    ----------------------------------------------------------------------
     12352       1580       2176         24       2636     437615   Object Totals
         0          0         32          0          0          0   (incl. Generated)
        20          0          1          2          4          0   (incl. Padding)

    ----------------------------------------------------------------------

      Code (inc. data)   RO Data    RW Data    ZI Data      Debug   Library Member Name

         0          0          0          0          0          0   entry.o
         0          0          0          0          0          0   entry10a.o
         0          0          0          0          0          0   entry11a.o
         8          4          0          0          0          0   entry2.o
         4          0          0          0          0          0   entry5.o
         0          0          0          0          0          0   entry7b.o
         0          0          0          0          0          0   entry8b.o
         8          4          0          0          0          0   entry9a.o
        30          0          0          0          0          0   handlers.o
        36          8          0          0          0         68   init.o
        32          0          0          0          0         68   llshl.o
        34          0          0          0          0         68   llushr.o
        36          0          0          0          0         60   memcpya.o
        36          0          0          0          0        100   memseta.o
       764         52          0          0          0        168   printf5.o
         0          0          0          4          0          0   stdout.o
        44          0          0          0          0         72   uidiv.o
        96          0          0          0          0         84   uldiv.o

    ----------------------------------------------------------------------
      1132         68          0          4          0        688   Library Totals
         4          0          0          0          0          0   (incl. Padding)

    ----------------------------------------------------------------------

      Code (inc. data)   RO Data    RW Data    ZI Data      Debug   Library Name

      1128         68          0          4          0        688   mc_p.l

    ----------------------------------------------------------------------
      1132         68          0          4          0        688   Library Totals

    ----------------------------------------------------------------------

==============================================================================


      Code (inc. data)   RO Data    RW Data    ZI Data      Debug   

     13484       1648       2176         28       2636     433087   Grand Totals
     13484       1648       2176         28       2636     433087   ELF Image Totals
     13484       1648       2176         28          0          0   ROM Totals

==============================================================================

    Total RO  Size (Code + RO Data)                15660 (  15.29kB)
    Total RW  Size (RW Data + ZI Data)              2664 (   2.60kB)
    Total ROM Size (Code + RO Data + RW Data)      15688 (  15.32kB)

==============================================================================

